[2026-08-11T06:03:21.346Z] PID=30328 APP_ID="0bd6a14980" JOB_ID="test123" COMPANY="Company" ROLE="Software Developer" JOB_URL="https://www.naukri.com/job-listings-test-123" SUBMISSION_RESULT="SUBMITTED" HISTORY_WRITE=true OUTCOME_WRITE=true REASON="NONE"
[2026-08-11T06:03:26.534Z] PID=30328 APP_ID="test_ext_456" JOB_ID="test_ext_456" COMPANY="External Company" ROLE="Backend Engineer" JOB_URL="https://www.naukri.com/job-listings-external-dev-456" SUBMISSION_RESULT="MANUAL_REQUIRED" HISTORY_WRITE=true OUTCOME_WRITE=true REASON="NONE"
[2026-08-11T06:03:26.615Z] PID=30328 APP_ID="test_easy_123" JOB_ID="test_easy_123" COMPANY="Easy Company" ROLE="Full Stack Developer" JOB_URL="https://www.naukri.com/job-listings-easy-dev-123" SUBMISSION_RESULT="WAITING_CONFIRMATION" HISTORY_WRITE=true OUTCOME_WRITE=true REASON="NONE"
[2026-08-11T06:03:26.704Z] PID=30328 APP_ID="test_easy_123" JOB_ID="test_easy_123" COMPANY="Easy Company" ROLE="Full Stack Developer" JOB_URL="https://www.naukri.com/job-listings-easy-dev-123" SUBMISSION_RESULT="SUBMITTED" HISTORY_WRITE=true OUTCOME_WRITE=true REASON="NONE"
[2026-08-11T06:03:30.269Z] PID=30328 APP_ID="guard_test_123" JOB_ID="guard_test_123" COMPANY="Guard Company" ROLE="React JS Developer" JOB_URL="https://www.naukri.com/job-listings-guard-test-123" SUBMISSION_RESULT="SUBMITTED" HISTORY_WRITE=true OUTCOME_WRITE=true REASON="NONE"
[2026-08-11T06:03:45.958Z] PID=30328 APP_ID="app_test_999" JOB_ID="job_test_999" COMPANY="Test Company" ROLE="Backend Developer" JOB_URL="https://www.naukri.com/job-listings-test-company-999" SUBMISSION_RESULT="SUBMITTED" HISTORY_WRITE=true OUTCOME_WRITE=true REASON="NONE"
[2026-08-11T06:03:45.995Z] PID=30328 APP_ID="" JOB_ID="" COMPANY="" ROLE="" JOB_URL="" SUBMISSION_RESULT="INVALID_RECORD" HISTORY_WRITE=false OUTCOME_WRITE=false REASON="INVALID_APPLICATION_RECORD"
[2026-08-11T06:03:55.895Z] PID=33216 APP_ID="0bd6a14980" JOB_ID="test123" COMPANY="Company" ROLE="Software Developer" JOB_URL="https://www.naukri.com/job-listings-test-123" SUBMISSION_RESULT="SUBMITTED" HISTORY_WRITE=true OUTCOME_WRITE=true REASON="NONE"
[2026-08-11T06:04:00.606Z] PID=33216 APP_ID="test_ext_456" JOB_ID="test_ext_456" COMPANY="External Company" ROLE="Backend Engineer" JOB_URL="https://www.naukri.com/job-listings-external-dev-456" SUBMISSION_RESULT="MANUAL_REQUIRED" HISTORY_WRITE=true OUTCOME_WRITE=true REASON="NONE"
[2026-08-11T06:04:00.725Z] PID=33216 APP_ID="test_easy_123" JOB_ID="test_easy_123" COMPANY="Easy Company" ROLE="Full Stack Developer" JOB_URL="https://www.naukri.com/job-listings-easy-dev-123" SUBMISSION_RESULT="WAITING_CONFIRMATION" HISTORY_WRITE=true OUTCOME_WRITE=true REASON="NONE"
[2026-08-11T06:04:00.786Z] PID=33216 APP_ID="test_easy_123" JOB_ID="test_easy_123" COMPANY="Easy Company" ROLE="Full Stack Developer" JOB_URL="https://www.naukri.com/job-listings-easy-dev-123" SUBMISSION_RESULT="SUBMITTED" HISTORY_WRITE=true OUTCOME_WRITE=true REASON="NONE"
[2026-08-11T06:04:03.603Z] PID=33216 APP_ID="guard_test_123" JOB_ID="guard_test_123" COMPANY="Guard Company" ROLE="React JS Developer" JOB_URL="https://www.naukri.com/job-listings-guard-test-123" SUBMISSION_RESULT="SUBMITTED" HISTORY_WRITE=true OUTCOME_WRITE=true REASON="NONE"
[2026-08-11T06:04:16.476Z] PID=33216 APP_ID="app_test_999" JOB_ID="job_test_999" COMPANY="Test Company" ROLE="Backend Developer" JOB_URL="https://www.naukri.com/job-listings-test-company-999" SUBMISSION_RESULT="SUBMITTED" HISTORY_WRITE=true OUTCOME_WRITE=true REASON="NONE"
[2026-08-11T06:04:16.507Z] PID=33216 APP_ID="" JOB_ID="" COMPANY="" ROLE="" JOB_URL="" SUBMISSION_RESULT="INVALID_RECORD" HISTORY_WRITE=false OUTCOME_WRITE=false REASON="INVALID_APPLICATION_RECORD"
[2026-08-11T06:04:31.096Z] PID=10716 APP_ID="0bd6a14980" JOB_ID="test123" COMPANY="Company" ROLE="Software Developer" JOB_URL="https://www.naukri.com/job-listings-test-123" SUBMISSION_RESULT="SUBMITTED" HISTORY_WRITE=true OUTCOME_WRITE=true REASON="NONE"
[2026-08-11T06:04:33.521Z] PID=10716 APP_ID="test_ext_456" JOB_ID="test_ext_456" COMPANY="External Company" ROLE="Backend Engineer" JOB_URL="https://www.naukri.com/job-listings-external-dev-456" SUBMISSION_RESULT="MANUAL_REQUIRED" HISTORY_WRITE=true OUTCOME_WRITE=true REASON="NONE"
[2026-08-11T06:04:33.601Z] PID=10716 APP_ID="test_easy_123" JOB_ID="test_easy_123" COMPANY="Easy Company" ROLE="Full Stack Developer" JOB_URL="https://www.naukri.com/job-listings-easy-dev-123" SUBMISSION_RESULT="WAITING_CONFIRMATION" HISTORY_WRITE=true OUTCOME_WRITE=true REASON="NONE"
[2026-08-11T06:04:33.656Z] PID=10716 APP_ID="test_easy_123" JOB_ID="test_easy_123" COMPANY="Easy Company" ROLE="Full Stack Developer" JOB_URL="https://www.naukri.com/job-listings-easy-dev-123" SUBMISSION_RESULT="SUBMITTED" HISTORY_WRITE=true OUTCOME_WRITE=true REASON="NONE"
[2026-08-11T06:04:34.609Z] PID=10716 APP_ID="guard_test_123" JOB_ID="guard_test_123" COMPANY="Guard Company" ROLE="React JS Developer" JOB_URL="https://www.naukri.com/job-listings-guard-test-123" SUBMISSION_RESULT="SUBMITTED" HISTORY_WRITE=true OUTCOME_WRITE=true REASON="NONE"
[2026-08-11T06:04:47.316Z] PID=10716 APP_ID="app_test_999" JOB_ID="job_test_999" COMPANY="Test Company" ROLE="Backend Developer" JOB_URL="https://www.naukri.com/job-listings-test-company-999" SUBMISSION_RESULT="SUBMITTED" HISTORY_WRITE=true OUTCOME_WRITE=true REASON="NONE"
[2026-08-11T06:04:47.348Z] PID=10716 APP_ID="" JOB_ID="" COMPANY="" ROLE="" JOB_URL="" SUBMISSION_RESULT="INVALID_RECORD" HISTORY_WRITE=false OUTCOME_WRITE=false REASON="INVALID_APPLICATION_RECORD"
[2026-08-11T06:05:27.304Z] PID=30576 APP_ID="test_ext_456" JOB_ID="test_ext_456" COMPANY="External Company" ROLE="Backend Engineer" JOB_URL="https://www.naukri.com/job-listings-external-dev-456" SUBMISSION_RESULT="MANUAL_REQUIRED" HISTORY_WRITE=true OUTCOME_WRITE=true REASON="NONE"
[2026-08-11T06:05:27.391Z] PID=30576 APP_ID="test_easy_123" JOB_ID="test_easy_123" COMPANY="Easy Company" ROLE="Full Stack Developer" JOB_URL="https://www.naukri.com/job-listings-easy-dev-123" SUBMISSION_RESULT="WAITING_CONFIRMATION" HISTORY_WRITE=true OUTCOME_WRITE=true REASON="NONE"
[2026-08-11T06:05:27.443Z] PID=30576 APP_ID="test_easy_123" JOB_ID="test_easy_123" COMPANY="Easy Company" ROLE="Full Stack Developer" JOB_URL="https://www.naukri.com/job-listings-easy-dev-123" SUBMISSION_RESULT="SUBMITTED" HISTORY_WRITE=true OUTCOME_WRITE=true REASON="NONE"
[2026-08-11T06:05:29.875Z] PID=30576 APP_ID="0bd6a14980" JOB_ID="test123" COMPANY="Company" ROLE="Software Developer" JOB_URL="https://www.naukri.com/job-listings-test-123" SUBMISSION_RESULT="SUBMITTED" HISTORY_WRITE=true OUTCOME_WRITE=true REASON="NONE"
[2026-08-11T06:05:33.801Z] PID=30576 APP_ID="guard_test_123" JOB_ID="guard_test_123" COMPANY="Guard Company" ROLE="React JS Developer" JOB_URL="https://www.naukri.com/job-listings-guard-test-123" SUBMISSION_RESULT="SUBMITTED" HISTORY_WRITE=true OUTCOME_WRITE=true REASON="NONE"
[2026-08-11T06:05:49.071Z] PID=30576 APP_ID="app_test_999" JOB_ID="job_test_999" COMPANY="Test Company" ROLE="Backend Developer" JOB_URL="https://www.naukri.com/job-listings-test-company-999" SUBMISSION_RESULT="SUBMITTED" HISTORY_WRITE=true OUTCOME_WRITE=true REASON="NONE"
[2026-08-11T06:05:49.095Z] PID=30576 APP_ID="" JOB_ID="" COMPANY="" ROLE="" JOB_URL="" SUBMISSION_RESULT="INVALID_RECORD" HISTORY_WRITE=false OUTCOME_WRITE=false REASON="INVALID_APPLICATION_RECORD"
[2026-08-11T06:06:24.751Z] PID=2944 APP_ID="0bd6a14980" JOB_ID="test123" COMPANY="Company" ROLE="Software Developer" JOB_URL="https://www.naukri.com/job-listings-test-123" SUBMISSION_RESULT="SUBMITTED" HISTORY_WRITE=true OUTCOME_WRITE=true REASON="NONE"
[2026-08-11T06:06:30.352Z] PID=2944 APP_ID="test_ext_456" JOB_ID="test_ext_456" COMPANY="External Company" ROLE="Backend Engineer" JOB_URL="https://www.naukri.com/job-listings-external-dev-456" SUBMISSION_RESULT="MANUAL_REQUIRED" HISTORY_WRITE=true OUTCOME_WRITE=true REASON="NONE"
[2026-08-11T06:06:30.430Z] PID=2944 APP_ID="test_easy_123" JOB_ID="test_easy_123" COMPANY="Easy Company" ROLE="Full Stack Developer" JOB_URL="https://www.naukri.com/job-listings-easy-dev-123" SUBMISSION_RESULT="WAITING_CONFIRMATION" HISTORY_WRITE=true OUTCOME_WRITE=true REASON="NONE"
[2026-08-11T06:06:30.482Z] PID=2944 APP_ID="test_easy_123" JOB_ID="test_easy_123" COMPANY="Easy Company" ROLE="Full Stack Developer" JOB_URL="https://www.naukri.com/job-listings-easy-dev-123" SUBMISSION_RESULT="SUBMITTED" HISTORY_WRITE=true OUTCOME_WRITE=true REASON="NONE"
[2026-08-11T06:06:37.361Z] PID=2944 APP_ID="guard_test_123" JOB_ID="guard_test_123" COMPANY="Guard Company" ROLE="React JS Developer" JOB_URL="https://www.naukri.com/job-listings-guard-test-123" SUBMISSION_RESULT="SUBMITTED" HISTORY_WRITE=true OUTCOME_WRITE=true REASON="NONE"
[2026-08-11T06:06:45.721Z] PID=2944 APP_ID="app_test_999" JOB_ID="job_test_999" COMPANY="Test Company" ROLE="Backend Developer" JOB_URL="https://www.naukri.com/job-listings-test-company-999" SUBMISSION_RESULT="SUBMITTED" HISTORY_WRITE=true OUTCOME_WRITE=true REASON="NONE"
[2026-08-11T06:06:45.756Z] PID=2944 APP_ID="" JOB_ID="" COMPANY="" ROLE="" JOB_URL="" SUBMISSION_RESULT="INVALID_RECORD" HISTORY_WRITE=false OUTCOME_WRITE=false REASON="INVALID_APPLICATION_RECORD"
[2026-08-11T07:00:40.383Z] PID=17828 APP_ID="test_ext_456" JOB_ID="test_ext_456" COMPANY="External Company" ROLE="Backend Engineer" JOB_URL="https://www.naukri.com/job-listings-external-dev-456" SUBMISSION_RESULT="MANUAL_REQUIRED" HISTORY_WRITE=true OUTCOME_WRITE=true REASON="NONE"
[2026-08-11T07:00:40.474Z] PID=17828 APP_ID="test_easy_123" JOB_ID="test_easy_123" COMPANY="Easy Company" ROLE="Full Stack Developer" JOB_URL="https://www.naukri.com/job-listings-easy-dev-123" SUBMISSION_RESULT="WAITING_CONFIRMATION" HISTORY_WRITE=true OUTCOME_WRITE=true REASON="NONE"
[2026-08-11T07:00:40.528Z] PID=17828 APP_ID="test_easy_123" JOB_ID="test_easy_123" COMPANY="Easy Company" ROLE="Full Stack Developer" JOB_URL="https://www.naukri.com/job-listings-easy-dev-123" SUBMISSION_RESULT="SUBMITTED" HISTORY_WRITE=true OUTCOME_WRITE=true REASON="NONE"
[2026-08-11T07:00:42.023Z] PID=17828 APP_ID="0bd6a14980" JOB_ID="test123" COMPANY="Company" ROLE="Software Developer" JOB_URL="https://www.naukri.com/job-listings-test-123" SUBMISSION_RESULT="SUBMITTED" HISTORY_WRITE=true OUTCOME_WRITE=true REASON="NONE"
[2026-08-11T07:00:54.868Z] PID=17828 APP_ID="guard_test_123" JOB_ID="guard_test_123" COMPANY="Guard Company" ROLE="React JS Developer" JOB_URL="https://www.naukri.com/job-listings-guard-test-123" SUBMISSION_RESULT="SUBMITTED" HISTORY_WRITE=true OUTCOME_WRITE=true REASON="NONE"
[2026-08-11T07:01:14.528Z] PID=17828 APP_ID="app_test_999" JOB_ID="job_test_999" COMPANY="Test Company" ROLE="Backend Developer" JOB_URL="https://www.naukri.com/job-listings-test-company-999" SUBMISSION_RESULT="SUBMITTED" HISTORY_WRITE=true OUTCOME_WRITE=true REASON="NONE"
[2026-08-11T07:01:14.557Z] PID=17828 APP_ID="" JOB_ID="" COMPANY="" ROLE="" JOB_URL="" SUBMISSION_RESULT="INVALID_RECORD" HISTORY_WRITE=false OUTCOME_WRITE=false REASON="INVALID_APPLICATION_RECORD"
[2026-08-11T07:02:43.750Z] PID=30996 APP_ID="test_ext_456" JOB_ID="test_ext_456" COMPANY="External Company" ROLE="Backend Engineer" JOB_URL="https://www.naukri.com/job-listings-external-dev-456" SUBMISSION_RESULT="MANUAL_REQUIRED" HISTORY_WRITE=true OUTCOME_WRITE=true REASON="NONE"
[2026-08-11T07:02:43.829Z] PID=30996 APP_ID="test_easy_123" JOB_ID="test_easy_123" COMPANY="Easy Company" ROLE="Full Stack Developer" JOB_URL="https://www.naukri.com/job-listings-easy-dev-123" SUBMISSION_RESULT="WAITING_CONFIRMATION" HISTORY_WRITE=true OUTCOME_WRITE=true REASON="NONE"
[2026-08-11T07:02:43.914Z] PID=30996 APP_ID="test_easy_123" JOB_ID="test_easy_123" COMPANY="Easy Company" ROLE="Full Stack Developer" JOB_URL="https://www.naukri.com/job-listings-easy-dev-123" SUBMISSION_RESULT="SUBMITTED" HISTORY_WRITE=true OUTCOME_WRITE=true REASON="NONE"
[2026-08-11T07:02:46.322Z] PID=30996 APP_ID="guard_test_123" JOB_ID="guard_test_123" COMPANY="Guard Company" ROLE="React JS Developer" JOB_URL="https://www.naukri.com/job-listings-guard-test-123" SUBMISSION_RESULT="SUBMITTED" HISTORY_WRITE=true OUTCOME_WRITE=true REASON="NONE"
[2026-08-11T07:02:47.815Z] PID=30996 APP_ID="0bd6a14980" JOB_ID="test123" COMPANY="Company" ROLE="Software Developer" JOB_URL="https://www.naukri.com/job-listings-test-123" SUBMISSION_RESULT="SUBMITTED" HISTORY_WRITE=true OUTCOME_WRITE=true REASON="NONE"
[2026-08-11T07:03:09.038Z] PID=30996 APP_ID="app_test_999" JOB_ID="job_test_999" COMPANY="Test Company" ROLE="Backend Developer" JOB_URL="https://www.naukri.com/job-listings-test-company-999" SUBMISSION_RESULT="SUBMITTED" HISTORY_WRITE=true OUTCOME_WRITE=true REASON="NONE"
[2026-08-11T07:03:09.074Z] PID=30996 APP_ID="" JOB_ID="" COMPANY="" ROLE="" JOB_URL="" SUBMISSION_RESULT="INVALID_RECORD" HISTORY_WRITE=false OUTCOME_WRITE=false REASON="INVALID_APPLICATION_RECORD"
[2026-08-11T07:04:34.365Z] PID=24816 APP_ID="0bd6a14980" JOB_ID="test123" COMPANY="Company" ROLE="Software Developer" JOB_URL="https://www.naukri.com/job-listings-test-123" SUBMISSION_RESULT="SUBMITTED" HISTORY_WRITE=true OUTCOME_WRITE=true REASON="NONE"
[2026-08-11T07:04:43.656Z] PID=24816 APP_ID="test_ext_456" JOB_ID="test_ext_456" COMPANY="External Company" ROLE="Backend Engineer" JOB_URL="https://www.naukri.com/job-listings-external-dev-456" SUBMISSION_RESULT="MANUAL_REQUIRED" HISTORY_WRITE=true OUTCOME_WRITE=true REASON="NONE"
[2026-08-11T07:04:43.744Z] PID=24816 APP_ID="test_easy_123" JOB_ID="test_easy_123" COMPANY="Easy Company" ROLE="Full Stack Developer" JOB_URL="https://www.naukri.com/job-listings-easy-dev-123" SUBMISSION_RESULT="WAITING_CONFIRMATION" HISTORY_WRITE=true OUTCOME_WRITE=true REASON="NONE"
[2026-08-11T07:04:43.833Z] PID=24816 APP_ID="test_easy_123" JOB_ID="test_easy_123" COMPANY="Easy Company" ROLE="Full Stack Developer" JOB_URL="https://www.naukri.com/job-listings-easy-dev-123" SUBMISSION_RESULT="SUBMITTED" HISTORY_WRITE=true OUTCOME_WRITE=true REASON="NONE"
[2026-08-11T07:04:47.581Z] PID=24816 APP_ID="guard_test_123" JOB_ID="guard_test_123" COMPANY="Guard Company" ROLE="React JS Developer" JOB_URL="https://www.naukri.com/job-listings-guard-test-123" SUBMISSION_RESULT="SUBMITTED" HISTORY_WRITE=true OUTCOME_WRITE=true REASON="NONE"
[2026-08-11T07:05:04.656Z] PID=24816 APP_ID="app_test_999" JOB_ID="job_test_999" COMPANY="Test Company" ROLE="Backend Developer" JOB_URL="https://www.naukri.com/job-listings-test-company-999" SUBMISSION_RESULT="SUBMITTED" HISTORY_WRITE=true OUTCOME_WRITE=true REASON="NONE"
[2026-08-11T07:05:04.684Z] PID=24816 APP_ID="" JOB_ID="" COMPANY="" ROLE="" JOB_URL="" SUBMISSION_RESULT="INVALID_RECORD" HISTORY_WRITE=false OUTCOME_WRITE=false REASON="INVALID_APPLICATION_RECORD"
[2026-08-11T07:16:32.750Z] PID=18232 APP_ID="0bd6a14980" JOB_ID="test123" COMPANY="Company" ROLE="Software Developer" JOB_URL="https://www.naukri.com/job-listings-test-123" SUBMISSION_RESULT="SUBMITTED" HISTORY_WRITE=true OUTCOME_WRITE=true REASON="NONE"
[2026-08-11T07:16:42.457Z] PID=18232 APP_ID="test_ext_456" JOB_ID="test_ext_456" COMPANY="External Company" ROLE="Backend Engineer" JOB_URL="https://www.naukri.com/job-listings-external-dev-456" SUBMISSION_RESULT="MANUAL_REQUIRED" HISTORY_WRITE=true OUTCOME_WRITE=true REASON="NONE"
[2026-08-11T07:16:42.555Z] PID=18232 APP_ID="test_easy_123" JOB_ID="test_easy_123" COMPANY="Easy Company" ROLE="Full Stack Developer" JOB_URL="https://www.naukri.com/job-listings-easy-dev-123" SUBMISSION_RESULT="WAITING_CONFIRMATION" HISTORY_WRITE=true OUTCOME_WRITE=true REASON="NONE"
[2026-08-11T07:16:42.624Z] PID=18232 APP_ID="test_easy_123" JOB_ID="test_easy_123" COMPANY="Easy Company" ROLE="Full Stack Developer" JOB_URL="https://www.naukri.com/job-listings-easy-dev-123" SUBMISSION_RESULT="SUBMITTED" HISTORY_WRITE=true OUTCOME_WRITE=true REASON="NONE"
[2026-08-11T07:16:50.180Z] PID=18232 APP_ID="guard_test_123" JOB_ID="guard_test_123" COMPANY="Guard Company" ROLE="React JS Developer" JOB_URL="https://www.naukri.com/job-listings-guard-test-123" SUBMISSION_RESULT="SUBMITTED" HISTORY_WRITE=true OUTCOME_WRITE=true REASON="NONE"
[2026-08-11T07:17:01.363Z] PID=18232 APP_ID="app_test_999" JOB_ID="job_test_999" COMPANY="Test Company" ROLE="Backend Developer" JOB_URL="https://www.naukri.com/job-listings-test-company-999" SUBMISSION_RESULT="SUBMITTED" HISTORY_WRITE=true OUTCOME_WRITE=true REASON="NONE"
[2026-08-11T07:17:01.397Z] PID=18232 APP_ID="" JOB_ID="" COMPANY="" ROLE="" JOB_URL="" SUBMISSION_RESULT="INVALID_RECORD" HISTORY_WRITE=false OUTCOME_WRITE=false REASON="INVALID_APPLICATION_RECORD"
[2026-08-11T07:26:36.951Z] PID=32816 APP_ID="guard_test_123" JOB_ID="guard_test_123" COMPANY="Guard Company" ROLE="React JS Developer" JOB_URL="https://www.naukri.com/job-listings-guard-test-123" SUBMISSION_RESULT="SUBMITTED" HISTORY_WRITE=true OUTCOME_WRITE=true REASON="NONE"
[2026-08-11T07:26:42.004Z] PID=32816 APP_ID="0bd6a14980" JOB_ID="test123" COMPANY="Company" ROLE="Software Developer" JOB_URL="https://www.naukri.com/job-listings-test-123" SUBMISSION_RESULT="SUBMITTED" HISTORY_WRITE=true OUTCOME_WRITE=true REASON="NONE"
[2026-08-11T07:26:49.743Z] PID=32816 APP_ID="test_ext_456" JOB_ID="test_ext_456" COMPANY="External Company" ROLE="Backend Engineer" JOB_URL="https://www.naukri.com/job-listings-external-dev-456" SUBMISSION_RESULT="MANUAL_REQUIRED" HISTORY_WRITE=true OUTCOME_WRITE=true REASON="NONE"
[2026-08-11T07:26:49.853Z] PID=32816 APP_ID="test_easy_123" JOB_ID="test_easy_123" COMPANY="Easy Company" ROLE="Full Stack Developer" JOB_URL="https://www.naukri.com/job-listings-easy-dev-123" SUBMISSION_RESULT="WAITING_CONFIRMATION" HISTORY_WRITE=true OUTCOME_WRITE=true REASON="NONE"
[2026-08-11T07:26:49.912Z] PID=32816 APP_ID="test_easy_123" JOB_ID="test_easy_123" COMPANY="Easy Company" ROLE="Full Stack Developer" JOB_URL="https://www.naukri.com/job-listings-easy-dev-123" SUBMISSION_RESULT="SUBMITTED" HISTORY_WRITE=true OUTCOME_WRITE=true REASON="NONE"
[2026-08-11T07:27:09.369Z] PID=32816 APP_ID="app_test_999" JOB_ID="job_test_999" COMPANY="Test Company" ROLE="Backend Developer" JOB_URL="https://www.naukri.com/job-listings-test-company-999" SUBMISSION_RESULT="SUBMITTED" HISTORY_WRITE=true OUTCOME_WRITE=true REASON="NONE"
[2026-08-11T07:27:09.405Z] PID=32816 APP_ID="" JOB_ID="" COMPANY="" ROLE="" JOB_URL="" SUBMISSION_RESULT="INVALID_RECORD" HISTORY_WRITE=false OUTCOME_WRITE=false REASON="INVALID_APPLICATION_RECORD"
[2026-08-11T07:28:12.825Z] PID=26864 APP_ID="test_ext_456" JOB_ID="test_ext_456" COMPANY="External Company" ROLE="Backend Engineer" JOB_URL="https://www.naukri.com/job-listings-external-dev-456" SUBMISSION_RESULT="MANUAL_REQUIRED" HISTORY_WRITE=true OUTCOME_WRITE=true REASON="NONE"
[2026-08-11T07:28:12.921Z] PID=26864 APP_ID="test_easy_123" JOB_ID="test_easy_123" COMPANY="Easy Company" ROLE="Full Stack Developer" JOB_URL="https://www.naukri.com/job-listings-easy-dev-123" SUBMISSION_RESULT="WAITING_CONFIRMATION" HISTORY_WRITE=true OUTCOME_WRITE=true REASON="NONE"
[2026-08-11T07:28:12.970Z] PID=26864 APP_ID="test_easy_123" JOB_ID="test_easy_123" COMPANY="Easy Company" ROLE="Full Stack Developer" JOB_URL="https://www.naukri.com/job-listings-easy-dev-123" SUBMISSION_RESULT="SUBMITTED" HISTORY_WRITE=true OUTCOME_WRITE=true REASON="NONE"
[2026-08-11T07:28:16.737Z] PID=26864 APP_ID="0bd6a14980" JOB_ID="test123" COMPANY="Company" ROLE="Software Developer" JOB_URL="https://www.naukri.com/job-listings-test-123" SUBMISSION_RESULT="SUBMITTED" HISTORY_WRITE=true OUTCOME_WRITE=true REASON="NONE"
[2026-08-11T07:28:25.021Z] PID=26864 APP_ID="guard_test_123" JOB_ID="guard_test_123" COMPANY="Guard Company" ROLE="React JS Developer" JOB_URL="https://www.naukri.com/job-listings-guard-test-123" SUBMISSION_RESULT="SUBMITTED" HISTORY_WRITE=true OUTCOME_WRITE=true REASON="NONE"
[2026-08-11T07:28:39.988Z] PID=26864 APP_ID="app_test_999" JOB_ID="job_test_999" COMPANY="Test Company" ROLE="Backend Developer" JOB_URL="https://www.naukri.com/job-listings-test-company-999" SUBMISSION_RESULT="SUBMITTED" HISTORY_WRITE=true OUTCOME_WRITE=true REASON="NONE"
[2026-08-11T07:28:40.017Z] PID=26864 APP_ID="" JOB_ID="" COMPANY="" ROLE="" JOB_URL="" SUBMISSION_RESULT="INVALID_RECORD" HISTORY_WRITE=false OUTCOME_WRITE=false REASON="INVALID_APPLICATION_RECORD"
[2026-08-11T07:36:47.041Z] PID=19468 APP_ID="0bd6a14980" JOB_ID="test123" COMPANY="Company" ROLE="Software Developer" JOB_URL="https://www.naukri.com/job-listings-test-123" SUBMISSION_RESULT="SUBMITTED" HISTORY_WRITE=true OUTCOME_WRITE=true REASON="NONE"
[2026-08-11T07:36:51.390Z] PID=19468 APP_ID="test_ext_456" JOB_ID="test_ext_456" COMPANY="External Company" ROLE="Backend Engineer" JOB_URL="https://www.naukri.com/job-listings-external-dev-456" SUBMISSION_RESULT="MANUAL_REQUIRED" HISTORY_WRITE=true OUTCOME_WRITE=true REASON="NONE"
[2026-08-11T07:36:51.525Z] PID=19468 APP_ID="test_easy_123" JOB_ID="test_easy_123" COMPANY="Easy Company" ROLE="Full Stack Developer" JOB_URL="https://www.naukri.com/job-listings-easy-dev-123" SUBMISSION_RESULT="WAITING_CONFIRMATION" HISTORY_WRITE=true OUTCOME_WRITE=true REASON="NONE"
[2026-08-11T07:36:51.598Z] PID=19468 APP_ID="test_easy_123" JOB_ID="test_easy_123" COMPANY="Easy Company" ROLE="Full Stack Developer" JOB_URL="https://www.naukri.com/job-listings-easy-dev-123" SUBMISSION_RESULT="SUBMITTED" HISTORY_WRITE=true OUTCOME_WRITE=true REASON="NONE"
[2026-08-11T07:36:55.252Z] PID=19468 APP_ID="guard_test_123" JOB_ID="guard_test_123" COMPANY="Guard Company" ROLE="React JS Developer" JOB_URL="https://www.naukri.com/job-listings-guard-test-123" SUBMISSION_RESULT="SUBMITTED" HISTORY_WRITE=true OUTCOME_WRITE=true REASON="NONE"
[2026-08-11T07:37:15.509Z] PID=19468 APP_ID="app_test_999" JOB_ID="job_test_999" COMPANY="Test Company" ROLE="Backend Developer" JOB_URL="https://www.naukri.com/job-listings-test-company-999" SUBMISSION_RESULT="SUBMITTED" HISTORY_WRITE=true OUTCOME_WRITE=true REASON="NONE"
[2026-08-11T07:37:15.549Z] PID=19468 APP_ID="" JOB_ID="" COMPANY="" ROLE="" JOB_URL="" SUBMISSION_RESULT="INVALID_RECORD" HISTORY_WRITE=false OUTCOME_WRITE=false REASON="INVALID_APPLICATION_RECORD"
[2026-08-11T07:44:05.222Z] PID=19000 APP_ID="test_ext_456" JOB_ID="test_ext_456" COMPANY="External Company" ROLE="Backend Engineer" JOB_URL="https://www.naukri.com/job-listings-external-dev-456" SUBMISSION_RESULT="MANUAL_REQUIRED" HISTORY_WRITE=true OUTCOME_WRITE=true REASON="NONE"
[2026-08-11T07:44:05.340Z] PID=19000 APP_ID="test_easy_123" JOB_ID="test_easy_123" COMPANY="Easy Company" ROLE="Full Stack Developer" JOB_URL="https://www.naukri.com/job-listings-easy-dev-123" SUBMISSION_RESULT="WAITING_CONFIRMATION" HISTORY_WRITE=true OUTCOME_WRITE=true REASON="NONE"
[2026-08-11T07:44:05.448Z] PID=19000 APP_ID="test_easy_123" JOB_ID="test_easy_123" COMPANY="Easy Company" ROLE="Full Stack Developer" JOB_URL="https://www.naukri.com/job-listings-easy-dev-123" SUBMISSION_RESULT="SUBMITTED" HISTORY_WRITE=true OUTCOME_WRITE=true REASON="NONE"
[2026-08-11T07:44:11.660Z] PID=19000 APP_ID="0bd6a14980" JOB_ID="test123" COMPANY="Company" ROLE="Software Developer" JOB_URL="https://www.naukri.com/job-listings-test-123" SUBMISSION_RESULT="SUBMITTED" HISTORY_WRITE=true OUTCOME_WRITE=true REASON="NONE"
[2026-08-11T07:44:26.709Z] PID=19000 APP_ID="guard_test_123" JOB_ID="guard_test_123" COMPANY="Guard Company" ROLE="React JS Developer" JOB_URL="https://www.naukri.com/job-listings-guard-test-123" SUBMISSION_RESULT="SUBMITTED" HISTORY_WRITE=true OUTCOME_WRITE=true REASON="NONE"
[2026-08-11T07:44:41.449Z] PID=19000 APP_ID="app_test_999" JOB_ID="job_test_999" COMPANY="Test Company" ROLE="Backend Developer" JOB_URL="https://www.naukri.com/job-listings-test-company-999" SUBMISSION_RESULT="SUBMITTED" HISTORY_WRITE=true OUTCOME_WRITE=true REASON="NONE"
[2026-08-11T07:44:41.488Z] PID=19000 APP_ID="" JOB_ID="" COMPANY="" ROLE="" JOB_URL="" SUBMISSION_RESULT="INVALID_RECORD" HISTORY_WRITE=false OUTCOME_WRITE=false REASON="INVALID_APPLICATION_RECORD"
[2026-08-11T07:50:02.830Z] PID=2380 APP_ID="0bd6a14980" JOB_ID="test123" COMPANY="Company" ROLE="Software Developer" JOB_URL="https://www.naukri.com/job-listings-test-123" SUBMISSION_RESULT="SUBMITTED" HISTORY_WRITE=true OUTCOME_WRITE=true REASON="NONE"
[2026-08-11T07:50:13.438Z] PID=2380 APP_ID="test_ext_456" JOB_ID="test_ext_456" COMPANY="External Company" ROLE="Backend Engineer" JOB_URL="https://www.naukri.com/job-listings-external-dev-456" SUBMISSION_RESULT="MANUAL_REQUIRED" HISTORY_WRITE=true OUTCOME_WRITE=true REASON="NONE"
[2026-08-11T07:50:13.550Z] PID=2380 APP_ID="test_easy_123" JOB_ID="test_easy_123" COMPANY="Easy Company" ROLE="Full Stack Developer" JOB_URL="https://www.naukri.com/job-listings-easy-dev-123" SUBMISSION_RESULT="WAITING_CONFIRMATION" HISTORY_WRITE=true OUTCOME_WRITE=true REASON="NONE"
[2026-08-11T07:50:13.620Z] PID=2380 APP_ID="test_easy_123" JOB_ID="test_easy_123" COMPANY="Easy Company" ROLE="Full Stack Developer" JOB_URL="https://www.naukri.com/job-listings-easy-dev-123" SUBMISSION_RESULT="SUBMITTED" HISTORY_WRITE=true OUTCOME_WRITE=true REASON="NONE"
[2026-08-11T07:50:16.451Z] PID=2380 APP_ID="guard_test_123" JOB_ID="guard_test_123" COMPANY="Guard Company" ROLE="React JS Developer" JOB_URL="https://www.naukri.com/job-listings-guard-test-123" SUBMISSION_RESULT="SUBMITTED" HISTORY_WRITE=true OUTCOME_WRITE=true REASON="NONE"
[2026-08-11T07:50:40.572Z] PID=2380 APP_ID="app_test_999" JOB_ID="job_test_999" COMPANY="Test Company" ROLE="Backend Developer" JOB_URL="https://www.naukri.com/job-listings-test-company-999" SUBMISSION_RESULT="SUBMITTED" HISTORY_WRITE=true OUTCOME_WRITE=true REASON="NONE"
[2026-08-11T07:50:40.601Z] PID=2380 APP_ID="" JOB_ID="" COMPANY="" ROLE="" JOB_URL="" SUBMISSION_RESULT="INVALID_RECORD" HISTORY_WRITE=false OUTCOME_WRITE=false REASON="INVALID_APPLICATION_RECORD"
[2026-08-11T07:56:51.303Z] PID=13704 APP_ID="0bd6a14980" JOB_ID="test123" COMPANY="Company" ROLE="Software Developer" JOB_URL="https://www.naukri.com/job-listings-test-123" SUBMISSION_RESULT="SUBMITTED" HISTORY_WRITE=true OUTCOME_WRITE=true REASON="NONE"
[2026-08-11T07:56:56.277Z] PID=13704 APP_ID="test_ext_456" JOB_ID="test_ext_456" COMPANY="External Company" ROLE="Backend Engineer" JOB_URL="https://www.naukri.com/job-listings-external-dev-456" SUBMISSION_RESULT="MANUAL_REQUIRED" HISTORY_WRITE=true OUTCOME_WRITE=true REASON="NONE"
[2026-08-11T07:56:56.418Z] PID=13704 APP_ID="test_easy_123" JOB_ID="test_easy_123" COMPANY="Easy Company" ROLE="Full Stack Developer" JOB_URL="https://www.naukri.com/job-listings-easy-dev-123" SUBMISSION_RESULT="WAITING_CONFIRMATION" HISTORY_WRITE=true OUTCOME_WRITE=true REASON="NONE"
[2026-08-11T07:56:56.479Z] PID=13704 APP_ID="test_easy_123" JOB_ID="test_easy_123" COMPANY="Easy Company" ROLE="Full Stack Developer" JOB_URL="https://www.naukri.com/job-listings-easy-dev-123" SUBMISSION_RESULT="SUBMITTED" HISTORY_WRITE=true OUTCOME_WRITE=true REASON="NONE"
[2026-08-11T07:57:13.576Z] PID=13704 APP_ID="guard_test_123" JOB_ID="guard_test_123" COMPANY="Guard Company" ROLE="React JS Developer" JOB_URL="https://www.naukri.com/job-listings-guard-test-123" SUBMISSION_RESULT="SUBMITTED" HISTORY_WRITE=true OUTCOME_WRITE=true REASON="NONE"
[2026-08-11T07:57:30.252Z] PID=13704 APP_ID="app_test_999" JOB_ID="job_test_999" COMPANY="Test Company" ROLE="Backend Developer" JOB_URL="https://www.naukri.com/job-listings-test-company-999" SUBMISSION_RESULT="SUBMITTED" HISTORY_WRITE=true OUTCOME_WRITE=true REASON="NONE"
[2026-08-11T07:57:30.288Z] PID=13704 APP_ID="" JOB_ID="" COMPANY="" ROLE="" JOB_URL="" SUBMISSION_RESULT="INVALID_RECORD" HISTORY_WRITE=false OUTCOME_WRITE=false REASON="INVALID_APPLICATION_RECORD"
[2026-08-11T08:04:17.337Z] PID=25804 APP_ID="0bd6a14980" JOB_ID="test123" COMPANY="Company" ROLE="Software Developer" JOB_URL="https://www.naukri.com/job-listings-test-123" SUBMISSION_RESULT="SUBMITTED" HISTORY_WRITE=true OUTCOME_WRITE=true REASON="NONE"
[2026-08-11T08:04:19.056Z] PID=25804 APP_ID="test_ext_456" JOB_ID="test_ext_456" COMPANY="External Company" ROLE="Backend Engineer" JOB_URL="https://www.naukri.com/job-listings-external-dev-456" SUBMISSION_RESULT="MANUAL_REQUIRED" HISTORY_WRITE=true OUTCOME_WRITE=true REASON="NONE"
[2026-08-11T08:04:19.171Z] PID=25804 APP_ID="test_easy_123" JOB_ID="test_easy_123" COMPANY="Easy Company" ROLE="Full Stack Developer" JOB_URL="https://www.naukri.com/job-listings-easy-dev-123" SUBMISSION_RESULT="WAITING_CONFIRMATION" HISTORY_WRITE=true OUTCOME_WRITE=true REASON="NONE"
[2026-08-11T08:04:19.230Z] PID=25804 APP_ID="test_easy_123" JOB_ID="test_easy_123" COMPANY="Easy Company" ROLE="Full Stack Developer" JOB_URL="https://www.naukri.com/job-listings-easy-dev-123" SUBMISSION_RESULT="SUBMITTED" HISTORY_WRITE=true OUTCOME_WRITE=true REASON="NONE"
[2026-08-11T08:04:35.859Z] PID=25804 APP_ID="guard_test_123" JOB_ID="guard_test_123" COMPANY="Guard Company" ROLE="React JS Developer" JOB_URL="https://www.naukri.com/job-listings-guard-test-123" SUBMISSION_RESULT="SUBMITTED" HISTORY_WRITE=true OUTCOME_WRITE=true REASON="NONE"
[2026-08-11T08:04:47.773Z] PID=25804 APP_ID="app_test_999" JOB_ID="job_test_999" COMPANY="Test Company" ROLE="Backend Developer" JOB_URL="https://www.naukri.com/job-listings-test-company-999" SUBMISSION_RESULT="SUBMITTED" HISTORY_WRITE=true OUTCOME_WRITE=true REASON="NONE"
[2026-08-11T08:04:47.808Z] PID=25804 APP_ID="" JOB_ID="" COMPANY="" ROLE="" JOB_URL="" SUBMISSION_RESULT="INVALID_RECORD" HISTORY_WRITE=false OUTCOME_WRITE=false REASON="INVALID_APPLICATION_RECORD"
[2026-08-11T08:05:06.198Z] PID=21764 APP_ID="0bd6a14980" JOB_ID="test123" COMPANY="Company" ROLE="Software Developer" JOB_URL="https://www.naukri.com/job-listings-test-123" SUBMISSION_RESULT="SUBMITTED" HISTORY_WRITE=true OUTCOME_WRITE=true REASON="NONE"
[2026-08-11T08:05:07.723Z] PID=21764 APP_ID="test_ext_456" JOB_ID="test_ext_456" COMPANY="External Company" ROLE="Backend Engineer" JOB_URL="https://www.naukri.com/job-listings-external-dev-456" SUBMISSION_RESULT="MANUAL_REQUIRED" HISTORY_WRITE=true OUTCOME_WRITE=true REASON="NONE"
[2026-08-11T08:05:07.836Z] PID=21764 APP_ID="test_easy_123" JOB_ID="test_easy_123" COMPANY="Easy Company" ROLE="Full Stack Developer" JOB_URL="https://www.naukri.com/job-listings-easy-dev-123" SUBMISSION_RESULT="WAITING_CONFIRMATION" HISTORY_WRITE=true OUTCOME_WRITE=true REASON="NONE"
[2026-08-11T08:05:07.898Z] PID=21764 APP_ID="test_easy_123" JOB_ID="test_easy_123" COMPANY="Easy Company" ROLE="Full Stack Developer" JOB_URL="https://www.naukri.com/job-listings-easy-dev-123" SUBMISSION_RESULT="SUBMITTED" HISTORY_WRITE=true OUTCOME_WRITE=true REASON="NONE"
[2026-08-11T08:05:24.836Z] PID=21764 APP_ID="guard_test_123" JOB_ID="guard_test_123" COMPANY="Guard Company" ROLE="React JS Developer" JOB_URL="https://www.naukri.com/job-listings-guard-test-123" SUBMISSION_RESULT="SUBMITTED" HISTORY_WRITE=true OUTCOME_WRITE=true REASON="NONE"
[2026-08-11T08:05:37.522Z] PID=21764 APP_ID="app_test_999" JOB_ID="job_test_999" COMPANY="Test Company" ROLE="Backend Developer" JOB_URL="https://www.naukri.com/job-listings-test-company-999" SUBMISSION_RESULT="SUBMITTED" HISTORY_WRITE=true OUTCOME_WRITE=true REASON="NONE"
[2026-08-11T08:05:37.556Z] PID=21764 APP_ID="" JOB_ID="" COMPANY="" ROLE="" JOB_URL="" SUBMISSION_RESULT="INVALID_RECORD" HISTORY_WRITE=false OUTCOME_WRITE=false REASON="INVALID_APPLICATION_RECORD"
[2026-08-11T08:06:43.335Z] PID=18940 APP_ID="0bd6a14980" JOB_ID="test123" COMPANY="Company" ROLE="Software Developer" JOB_URL="https://www.naukri.com/job-listings-test-123" SUBMISSION_RESULT="SUBMITTED" HISTORY_WRITE=true OUTCOME_WRITE=true REASON="NONE"
[2026-08-11T08:06:53.434Z] PID=18940 APP_ID="test_ext_456" JOB_ID="test_ext_456" COMPANY="External Company" ROLE="Backend Engineer" JOB_URL="https://www.naukri.com/job-listings-external-dev-456" SUBMISSION_RESULT="MANUAL_REQUIRED" HISTORY_WRITE=true OUTCOME_WRITE=true REASON="NONE"
[2026-08-11T08:06:53.530Z] PID=18940 APP_ID="test_easy_123" JOB_ID="test_easy_123" COMPANY="Easy Company" ROLE="Full Stack Developer" JOB_URL="https://www.naukri.com/job-listings-easy-dev-123" SUBMISSION_RESULT="WAITING_CONFIRMATION" HISTORY_WRITE=true OUTCOME_WRITE=true REASON="NONE"
[2026-08-11T08:06:53.586Z] PID=18940 APP_ID="test_easy_123" JOB_ID="test_easy_123" COMPANY="Easy Company" ROLE="Full Stack Developer" JOB_URL="https://www.naukri.com/job-listings-easy-dev-123" SUBMISSION_RESULT="SUBMITTED" HISTORY_WRITE=true OUTCOME_WRITE=true REASON="NONE"
[2026-08-11T08:07:04.894Z] PID=18940 APP_ID="guard_test_123" JOB_ID="guard_test_123" COMPANY="Guard Company" ROLE="React JS Developer" JOB_URL="https://www.naukri.com/job-listings-guard-test-123" SUBMISSION_RESULT="SUBMITTED" HISTORY_WRITE=true OUTCOME_WRITE=true REASON="NONE"
[2026-08-11T08:07:19.223Z] PID=18940 APP_ID="app_test_999" JOB_ID="job_test_999" COMPANY="Test Company" ROLE="Backend Developer" JOB_URL="https://www.naukri.com/job-listings-test-company-999" SUBMISSION_RESULT="SUBMITTED" HISTORY_WRITE=true OUTCOME_WRITE=true REASON="NONE"
[2026-08-11T08:07:19.259Z] PID=18940 APP_ID="" JOB_ID="" COMPANY="" ROLE="" JOB_URL="" SUBMISSION_RESULT="INVALID_RECORD" HISTORY_WRITE=false OUTCOME_WRITE=false REASON="INVALID_APPLICATION_RECORD"
[2026-08-11T10:04:48.260Z] PID=3976 APP_ID="0bd6a14980" JOB_ID="test123" COMPANY="Company" ROLE="Software Developer" JOB_URL="https://www.naukri.com/job-listings-test-123" SUBMISSION_RESULT="SUBMITTED" HISTORY_WRITE=true OUTCOME_WRITE=true REASON="NONE"
[2026-08-11T10:04:52.382Z] PID=3976 APP_ID="test_ext_456" JOB_ID="test_ext_456" COMPANY="External Company" ROLE="Backend Engineer" JOB_URL="https://www.naukri.com/job-listings-external-dev-456" SUBMISSION_RESULT="MANUAL_REQUIRED" HISTORY_WRITE=true OUTCOME_WRITE=true REASON="NONE"
[2026-08-11T10:04:52.487Z] PID=3976 APP_ID="test_easy_123" JOB_ID="test_easy_123" COMPANY="Easy Company" ROLE="Full Stack Developer" JOB_URL="https://www.naukri.com/job-listings-easy-dev-123" SUBMISSION_RESULT="WAITING_CONFIRMATION" HISTORY_WRITE=true OUTCOME_WRITE=true REASON="NONE"
[2026-08-11T10:04:52.546Z] PID=3976 APP_ID="test_easy_123" JOB_ID="test_easy_123" COMPANY="Easy Company" ROLE="Full Stack Developer" JOB_URL="https://www.naukri.com/job-listings-easy-dev-123" SUBMISSION_RESULT="SUBMITTED" HISTORY_WRITE=true OUTCOME_WRITE=true REASON="NONE"
[2026-08-11T10:05:02.488Z] PID=3976 APP_ID="guard_test_123" JOB_ID="guard_test_123" COMPANY="Guard Company" ROLE="React JS Developer" JOB_URL="https://www.naukri.com/job-listings-guard-test-123" SUBMISSION_RESULT="SUBMITTED" HISTORY_WRITE=true OUTCOME_WRITE=true REASON="NONE"
[2026-08-11T10:05:23.508Z] PID=3976 APP_ID="app_test_999" JOB_ID="job_test_999" COMPANY="Test Company" ROLE="Backend Developer" JOB_URL="https://www.naukri.com/job-listings-test-company-999" SUBMISSION_RESULT="SUBMITTED" HISTORY_WRITE=true OUTCOME_WRITE=true REASON="NONE"
[2026-08-11T10:05:23.554Z] PID=3976 APP_ID="" JOB_ID="" COMPANY="" ROLE="" JOB_URL="" SUBMISSION_RESULT="INVALID_RECORD" HISTORY_WRITE=false OUTCOME_WRITE=false REASON="INVALID_APPLICATION_RECORD"
[2026-08-11T10:12:10.804Z] PID=16600 APP_ID="test_ext_456" JOB_ID="test_ext_456" COMPANY="External Company" ROLE="Backend Engineer" JOB_URL="https://www.naukri.com/job-listings-external-dev-456" SUBMISSION_RESULT="MANUAL_REQUIRED" HISTORY_WRITE=true OUTCOME_WRITE=true REASON="NONE"
[2026-08-11T10:12:10.919Z] PID=16600 APP_ID="test_easy_123" JOB_ID="test_easy_123" COMPANY="Easy Company" ROLE="Full Stack Developer" JOB_URL="https://www.naukri.com/job-listings-easy-dev-123" SUBMISSION_RESULT="WAITING_CONFIRMATION" HISTORY_WRITE=true OUTCOME_WRITE=true REASON="NONE"
[2026-08-11T10:12:10.993Z] PID=16600 APP_ID="test_easy_123" JOB_ID="test_easy_123" COMPANY="Easy Company" ROLE="Full Stack Developer" JOB_URL="https://www.naukri.com/job-listings-easy-dev-123" SUBMISSION_RESULT="SUBMITTED" HISTORY_WRITE=true OUTCOME_WRITE=true REASON="NONE"
[2026-08-11T10:12:22.671Z] PID=16600 APP_ID="0bd6a14980" JOB_ID="test123" COMPANY="Company" ROLE="Software Developer" JOB_URL="https://www.naukri.com/job-listings-test-123" SUBMISSION_RESULT="SUBMITTED" HISTORY_WRITE=true OUTCOME_WRITE=true REASON="NONE"
[2026-08-11T10:12:29.813Z] PID=16600 APP_ID="guard_test_123" JOB_ID="guard_test_123" COMPANY="Guard Company" ROLE="React JS Developer" JOB_URL="https://www.naukri.com/job-listings-guard-test-123" SUBMISSION_RESULT="SUBMITTED" HISTORY_WRITE=true OUTCOME_WRITE=true REASON="NONE"
[2026-08-11T10:12:55.810Z] PID=16600 APP_ID="app_test_999" JOB_ID="job_test_999" COMPANY="Test Company" ROLE="Backend Developer" JOB_URL="https://www.naukri.com/job-listings-test-company-999" SUBMISSION_RESULT="SUBMITTED" HISTORY_WRITE=true OUTCOME_WRITE=true REASON="NONE"
[2026-08-11T10:12:55.842Z] PID=16600 APP_ID="" JOB_ID="" COMPANY="" ROLE="" JOB_URL="" SUBMISSION_RESULT="INVALID_RECORD" HISTORY_WRITE=false OUTCOME_WRITE=false REASON="INVALID_APPLICATION_RECORD"
[2026-08-11T10:13:01.027Z] PID=7996 APP_ID="test_ext_456" JOB_ID="test_ext_456" COMPANY="External Company" ROLE="Backend Engineer" JOB_URL="https://www.naukri.com/job-listings-external-dev-456" SUBMISSION_RESULT="MANUAL_REQUIRED" HISTORY_WRITE=true OUTCOME_WRITE=true REASON="NONE"
[2026-08-11T10:13:01.142Z] PID=7996 APP_ID="test_easy_123" JOB_ID="test_easy_123" COMPANY="Easy Company" ROLE="Full Stack Developer" JOB_URL="https://www.naukri.com/job-listings-easy-dev-123" SUBMISSION_RESULT="WAITING_CONFIRMATION" HISTORY_WRITE=true OUTCOME_WRITE=true REASON="NONE"
[2026-08-11T10:13:01.207Z] PID=7996 APP_ID="test_easy_123" JOB_ID="test_easy_123" COMPANY="Easy Company" ROLE="Full Stack Developer" JOB_URL="https://www.naukri.com/job-listings-easy-dev-123" SUBMISSION_RESULT="SUBMITTED" HISTORY_WRITE=true OUTCOME_WRITE=true REASON="NONE"
[2026-08-11T10:13:10.833Z] PID=7996 APP_ID="0bd6a14980" JOB_ID="test123" COMPANY="Company" ROLE="Software Developer" JOB_URL="https://www.naukri.com/job-listings-test-123" SUBMISSION_RESULT="SUBMITTED" HISTORY_WRITE=true OUTCOME_WRITE=true REASON="NONE"
[2026-08-11T10:13:16.901Z] PID=7996 APP_ID="guard_test_123" JOB_ID="guard_test_123" COMPANY="Guard Company" ROLE="React JS Developer" JOB_URL="https://www.naukri.com/job-listings-guard-test-123" SUBMISSION_RESULT="SUBMITTED" HISTORY_WRITE=true OUTCOME_WRITE=true REASON="NONE"
[2026-08-11T10:13:40.345Z] PID=7996 APP_ID="app_test_999" JOB_ID="job_test_999" COMPANY="Test Company" ROLE="Backend Developer" JOB_URL="https://www.naukri.com/job-listings-test-company-999" SUBMISSION_RESULT="SUBMITTED" HISTORY_WRITE=true OUTCOME_WRITE=true REASON="NONE"
[2026-08-11T10:13:40.377Z] PID=7996 APP_ID="" JOB_ID="" COMPANY="" ROLE="" JOB_URL="" SUBMISSION_RESULT="INVALID_RECORD" HISTORY_WRITE=false OUTCOME_WRITE=false REASON="INVALID_APPLICATION_RECORD"
[2026-08-11T10:17:39.209Z] PID=31348 APP_ID="0bd6a14980" JOB_ID="test123" COMPANY="Company" ROLE="Software Developer" JOB_URL="https://www.naukri.com/job-listings-test-123" SUBMISSION_RESULT="SUBMITTED" HISTORY_WRITE=true OUTCOME_WRITE=true REASON="NONE"
[2026-08-11T10:17:40.586Z] PID=31348 APP_ID="test_ext_456" JOB_ID="test_ext_456" COMPANY="External Company" ROLE="Backend Engineer" JOB_URL="https://www.naukri.com/job-listings-external-dev-456" SUBMISSION_RESULT="MANUAL_REQUIRED" HISTORY_WRITE=true OUTCOME_WRITE=true REASON="NONE"
[2026-08-11T10:17:40.692Z] PID=31348 APP_ID="test_easy_123" JOB_ID="test_easy_123" COMPANY="Easy Company" ROLE="Full Stack Developer" JOB_URL="https://www.naukri.com/job-listings-easy-dev-123" SUBMISSION_RESULT="WAITING_CONFIRMATION" HISTORY_WRITE=true OUTCOME_WRITE=true REASON="NONE"
[2026-08-11T10:17:40.763Z] PID=31348 APP_ID="test_easy_123" JOB_ID="test_easy_123" COMPANY="Easy Company" ROLE="Full Stack Developer" JOB_URL="https://www.naukri.com/job-listings-easy-dev-123" SUBMISSION_RESULT="SUBMITTED" HISTORY_WRITE=true OUTCOME_WRITE=true REASON="NONE"
[2026-08-11T10:17:57.857Z] PID=31348 APP_ID="guard_test_123" JOB_ID="guard_test_123" COMPANY="Guard Company" ROLE="React JS Developer" JOB_URL="https://www.naukri.com/job-listings-guard-test-123" SUBMISSION_RESULT="SUBMITTED" HISTORY_WRITE=true OUTCOME_WRITE=true REASON="NONE"
[2026-08-11T10:18:09.329Z] PID=31348 APP_ID="app_test_999" JOB_ID="job_test_999" COMPANY="Test Company" ROLE="Backend Developer" JOB_URL="https://www.naukri.com/job-listings-test-company-999" SUBMISSION_RESULT="SUBMITTED" HISTORY_WRITE=true OUTCOME_WRITE=true REASON="NONE"
[2026-08-11T10:18:09.373Z] PID=31348 APP_ID="" JOB_ID="" COMPANY="" ROLE="" JOB_URL="" SUBMISSION_RESULT="INVALID_RECORD" HISTORY_WRITE=false OUTCOME_WRITE=false REASON="INVALID_APPLICATION_RECORD"
