[2026-08-08T09:50:20.777Z] jobId=intel_test_123 | company="Intel Company" | role="Full Stack Engineer" | jobUrl="https://www.naukri.com/job-listings-old-99" | prevStatus=UNKNOWN | newStatus=REMINDER_SENT | prevCount=0 | newCount=1
[2026-08-08T09:50:22.725Z] jobId=4762e254ae | company="Hotfix Tech" | role="MERN Developer" | jobUrl="https://www.naukri.com/job-listings-flw-test-123" | prevStatus=UNKNOWN | newStatus=WAITING_RESPONSE | prevCount=0 | newCount=0
[2026-08-08T09:50:22.762Z] jobId=4762e254ae | company="Hotfix Tech" | role="MERN Developer" | jobUrl="https://www.naukri.com/job-listings-flw-test-123" | prevStatus=UNKNOWN | newStatus=NO_RESPONSE | prevCount=0 | newCount=0
[2026-08-08T09:50:22.796Z] jobId=flw_test_123 | company="Hotfix Tech" | role="MERN Developer" | jobUrl="https://www.naukri.com/job-listings-flw-test-123" | prevStatus=UNKNOWN | newStatus=REMINDER_SENT | prevCount=0 | newCount=1
[2026-08-08T09:50:22.828Z] jobId=flw_test_123 | company="Hotfix Tech" | role="MERN Developer" | jobUrl="https://www.naukri.com/job-listings-flw-test-123" | prevStatus=REMINDER_SENT | newStatus=REMINDER_SENT | prevCount=1 | newCount=2
[2026-08-08T09:50:22.865Z] jobId=flw_test_123 | company="Hotfix Tech" | role="MERN Developer" | jobUrl="https://www.naukri.com/job-listings-flw-test-123" | prevStatus=REMINDER_SENT | newStatus=REMINDER_SENT | prevCount=2 | newCount=3
[2026-08-08T09:50:22.894Z] jobId=flw_test_123 | company="Hotfix Tech" | role="MERN Developer" | jobUrl="https://www.naukri.com/job-listings-flw-test-123" | prevStatus=UNKNOWN | newStatus=REMINDER_SENT | prevCount=0 | newCount=1
[2026-08-08T09:50:22.918Z] jobId=flw_test_123 | company="Hotfix Tech" | role="MERN Developer" | jobUrl="https://www.naukri.com/job-listings-flw-test-123" | prevStatus=REMINDER_SENT | newStatus=REMINDER_SENT | prevCount=1 | newCount=2
[2026-08-08T09:50:22.953Z] jobId=flw_test_123 | company="Hotfix Tech" | role="MERN Developer" | jobUrl="https://www.naukri.com/job-listings-flw-test-123" | prevStatus=REMINDER_SENT | newStatus=REMINDER_SENT | prevCount=2 | newCount=3
[2026-08-08T09:50:23.783Z] jobId=4762e254ae | company="Hotfix Tech" | role="MERN Developer" | jobUrl="https://www.naukri.com/job-listings-flw-test-123" | prevStatus=UNKNOWN | newStatus=REMINDER_SENT | prevCount=0 | newCount=1
[2026-08-08T09:50:47.786Z] jobId=intel_test_123 | company="Intel Company" | role="Full Stack Engineer" | jobUrl="https://www.naukri.com/job-listings-old-99" | prevStatus=UNKNOWN | newStatus=REMINDER_SENT | prevCount=0 | newCount=1
[2026-08-08T09:50:47.817Z] jobId=0693c8054d | company="" | role="" | jobUrl="https://www.naukri.com/job-listings-old-99" | prevStatus=REMINDER_SENT | newStatus=REMINDER_SENT | prevCount=1 | newCount=2
[2026-08-08T09:50:47.847Z] jobId=0693c8054d | company="" | role="" | jobUrl="https://www.naukri.com/job-listings-old-99" | prevStatus=REMINDER_SENT | newStatus=REMINDER_SENT | prevCount=2 | newCount=3
[2026-08-08T09:50:49.547Z] jobId=4762e254ae | company="Hotfix Tech" | role="MERN Developer" | jobUrl="https://www.naukri.com/job-listings-flw-test-123" | prevStatus=UNKNOWN | newStatus=WAITING_RESPONSE | prevCount=0 | newCount=0
[2026-08-08T09:50:49.583Z] jobId=4762e254ae | company="Hotfix Tech" | role="MERN Developer" | jobUrl="https://www.naukri.com/job-listings-flw-test-123" | prevStatus=UNKNOWN | newStatus=NO_RESPONSE | prevCount=0 | newCount=0
[2026-08-08T09:50:49.615Z] jobId=flw_test_123 | company="Hotfix Tech" | role="MERN Developer" | jobUrl="https://www.naukri.com/job-listings-flw-test-123" | prevStatus=UNKNOWN | newStatus=REMINDER_SENT | prevCount=0 | newCount=1
[2026-08-08T09:50:49.642Z] jobId=flw_test_123 | company="Hotfix Tech" | role="MERN Developer" | jobUrl="https://www.naukri.com/job-listings-flw-test-123" | prevStatus=REMINDER_SENT | newStatus=REMINDER_SENT | prevCount=1 | newCount=2
[2026-08-08T09:50:49.670Z] jobId=flw_test_123 | company="Hotfix Tech" | role="MERN Developer" | jobUrl="https://www.naukri.com/job-listings-flw-test-123" | prevStatus=REMINDER_SENT | newStatus=REMINDER_SENT | prevCount=2 | newCount=3
[2026-08-08T09:50:49.697Z] jobId=flw_test_123 | company="Hotfix Tech" | role="MERN Developer" | jobUrl="https://www.naukri.com/job-listings-flw-test-123" | prevStatus=UNKNOWN | newStatus=REMINDER_SENT | prevCount=0 | newCount=1
[2026-08-08T09:50:49.718Z] jobId=flw_test_123 | company="Hotfix Tech" | role="MERN Developer" | jobUrl="https://www.naukri.com/job-listings-flw-test-123" | prevStatus=REMINDER_SENT | newStatus=REMINDER_SENT | prevCount=1 | newCount=2
[2026-08-08T09:50:49.747Z] jobId=flw_test_123 | company="Hotfix Tech" | role="MERN Developer" | jobUrl="https://www.naukri.com/job-listings-flw-test-123" | prevStatus=REMINDER_SENT | newStatus=REMINDER_SENT | prevCount=2 | newCount=3
[2026-08-08T09:50:50.805Z] jobId=4762e254ae | company="Hotfix Tech" | role="MERN Developer" | jobUrl="https://www.naukri.com/job-listings-flw-test-123" | prevStatus=UNKNOWN | newStatus=REMINDER_SENT | prevCount=0 | newCount=1
[2026-08-08T09:50:57.410Z] jobId=test123 | company="Company" | role="" | jobUrl="https://www.naukri.com/job-listings-test-123" | prevStatus=UNKNOWN | newStatus=WAITING_RESPONSE | prevCount=0 | newCount=0
[2026-08-08T09:51:16.935Z] jobId=4762e254ae | company="Hotfix Tech" | role="MERN Developer" | jobUrl="https://www.naukri.com/job-listings-flw-test-123" | prevStatus=UNKNOWN | newStatus=WAITING_RESPONSE | prevCount=0 | newCount=0
[2026-08-08T09:51:16.977Z] jobId=4762e254ae | company="Hotfix Tech" | role="MERN Developer" | jobUrl="https://www.naukri.com/job-listings-flw-test-123" | prevStatus=UNKNOWN | newStatus=NO_RESPONSE | prevCount=0 | newCount=0
[2026-08-08T09:51:17.006Z] jobId=flw_test_123 | company="Hotfix Tech" | role="MERN Developer" | jobUrl="https://www.naukri.com/job-listings-flw-test-123" | prevStatus=UNKNOWN | newStatus=REMINDER_SENT | prevCount=0 | newCount=1
[2026-08-08T09:51:17.033Z] jobId=flw_test_123 | company="Hotfix Tech" | role="MERN Developer" | jobUrl="https://www.naukri.com/job-listings-flw-test-123" | prevStatus=REMINDER_SENT | newStatus=REMINDER_SENT | prevCount=1 | newCount=2
[2026-08-08T09:51:17.060Z] jobId=flw_test_123 | company="Hotfix Tech" | role="MERN Developer" | jobUrl="https://www.naukri.com/job-listings-flw-test-123" | prevStatus=REMINDER_SENT | newStatus=REMINDER_SENT | prevCount=2 | newCount=3
[2026-08-08T09:51:17.066Z] jobId=flw_test_123 | company="Hotfix Tech" | role="MERN Developer" | jobUrl="https://www.naukri.com/job-listings-flw-test-123" | prevStatus=UNKNOWN | newStatus=REMINDER_SENT | prevCount=0 | newCount=1
[2026-08-08T09:51:17.093Z] jobId=flw_test_123 | company="Hotfix Tech" | role="MERN Developer" | jobUrl="https://www.naukri.com/job-listings-flw-test-123" | prevStatus=REMINDER_SENT | newStatus=REMINDER_SENT | prevCount=1 | newCount=2
[2026-08-08T09:51:17.121Z] jobId=flw_test_123 | company="Hotfix Tech" | role="MERN Developer" | jobUrl="https://www.naukri.com/job-listings-flw-test-123" | prevStatus=REMINDER_SENT | newStatus=REMINDER_SENT | prevCount=2 | newCount=3
[2026-08-08T09:51:18.414Z] jobId=4762e254ae | company="Hotfix Tech" | role="MERN Developer" | jobUrl="https://www.naukri.com/job-listings-flw-test-123" | prevStatus=UNKNOWN | newStatus=REMINDER_SENT | prevCount=0 | newCount=1
[2026-08-08T09:51:26.647Z] jobId=intel_test_123 | company="Intel Company" | role="Full Stack Engineer" | jobUrl="https://www.naukri.com/job-listings-old-99" | prevStatus=UNKNOWN | newStatus=REMINDER_SENT | prevCount=0 | newCount=1
[2026-08-08T09:51:26.676Z] jobId=0693c8054d | company="" | role="" | jobUrl="https://www.naukri.com/job-listings-old-99" | prevStatus=REMINDER_SENT | newStatus=REMINDER_SENT | prevCount=1 | newCount=2
[2026-08-08T09:51:26.708Z] jobId=0693c8054d | company="" | role="" | jobUrl="https://www.naukri.com/job-listings-old-99" | prevStatus=REMINDER_SENT | newStatus=REMINDER_SENT | prevCount=2 | newCount=3
[2026-08-08T09:51:30.918Z] jobId=test123 | company="Company" | role="" | jobUrl="https://www.naukri.com/job-listings-test-123" | prevStatus=UNKNOWN | newStatus=WAITING_RESPONSE | prevCount=0 | newCount=0
[2026-08-08T09:58:42.815Z] jobId=4762e254ae company="Hotfix Tech" role="MERN Developer" jobUrl="https://www.naukri.com/job-listings-flw-test-123" prevStatus=UNKNOWN newStatus=REMINDER_SENT prevCount=0 newCount=1
[2026-08-08T09:58:44.645Z] jobId=4762e254ae company="Hotfix Tech" role="MERN Developer" jobUrl="https://www.naukri.com/job-listings-flw-test-123" prevStatus=UNKNOWN newStatus=FOLLOWUP_SUPPRESSED prevCount=0 newCount=0
[2026-08-08T09:58:44.721Z] jobId=4762e254ae company="Hotfix Tech" role="MERN Developer" jobUrl="https://www.naukri.com/job-listings-flw-test-123" prevStatus=UNKNOWN newStatus=REMINDER_SENT prevCount=0 newCount=1
[2026-08-08T09:58:45.480Z] jobId=flw_test_123 company="Hotfix Tech" role="MERN Developer" jobUrl="https://www.naukri.com/job-listings-flw-test-123" prevStatus=UNKNOWN newStatus=REMINDER_SENT prevCount=0 newCount=1
[2026-08-08T09:58:45.509Z] jobId=flw_test_123 company="Hotfix Tech" role="MERN Developer" jobUrl="https://www.naukri.com/job-listings-flw-test-123" prevStatus=UNKNOWN newStatus=REMINDER_SENT prevCount=0 newCount=1
[2026-08-08T09:58:45.532Z] jobId=flw_test_123 company="Hotfix Tech" role="MERN Developer" jobUrl="https://www.naukri.com/job-listings-flw-test-123" prevStatus=REMINDER_SENT newStatus=REMINDER_SENT prevCount=1 newCount=2
[2026-08-08T09:58:45.559Z] jobId=flw_test_123 company="Hotfix Tech" role="MERN Developer" jobUrl="https://www.naukri.com/job-listings-flw-test-123" prevStatus=UNKNOWN newStatus=REMINDER_SENT prevCount=0 newCount=1
[2026-08-08T09:58:45.580Z] jobId=flw_test_123 company="Hotfix Tech" role="MERN Developer" jobUrl="https://www.naukri.com/job-listings-flw-test-123" prevStatus=REMINDER_SENT newStatus=REMINDER_SENT prevCount=1 newCount=2
[2026-08-08T09:58:45.600Z] jobId=flw_test_123 company="Hotfix Tech" role="MERN Developer" jobUrl="https://www.naukri.com/job-listings-flw-test-123" prevStatus=REMINDER_SENT newStatus=REMINDER_SENT prevCount=2 newCount=3
[2026-08-08T09:58:45.635Z] jobId=4762e254ae company="Hotfix Tech" role="MERN Developer" jobUrl="https://www.naukri.com/job-listings-flw-test-123" prevStatus=UNKNOWN newStatus=WAITING_RESPONSE prevCount=0 newCount=0
[2026-08-08T09:58:45.672Z] jobId=4762e254ae company="Hotfix Tech" role="MERN Developer" jobUrl="https://www.naukri.com/job-listings-flw-test-123" prevStatus=UNKNOWN newStatus=NO_RESPONSE prevCount=0 newCount=0
[2026-08-08T09:58:56.129Z] jobId=test123 company="Company" role="" jobUrl="https://www.naukri.com/job-listings-test-123" prevStatus=UNKNOWN newStatus=WAITING_RESPONSE prevCount=0 newCount=0
[2026-08-08T09:59:19.604Z] jobId=0693c8054d company="Intel Company" role="Full Stack Engineer" jobUrl="https://www.naukri.com/job-listings-old-99" prevStatus=UNKNOWN newStatus=FOLLOWUP_SUPPRESSED prevCount=0 newCount=0
[2026-08-08T10:00:02.706Z] jobId=4762e254ae company="Hotfix Tech" role="MERN Developer" jobUrl="https://www.naukri.com/job-listings-flw-test-123" prevStatus=UNKNOWN newStatus=REMINDER_SENT prevCount=0 newCount=1
[2026-08-08T10:00:04.498Z] jobId=4762e254ae company="Hotfix Tech" role="MERN Developer" jobUrl="https://www.naukri.com/job-listings-flw-test-123" prevStatus=UNKNOWN newStatus=FOLLOWUP_SUPPRESSED prevCount=0 newCount=0
[2026-08-08T10:00:04.581Z] jobId=4762e254ae company="Hotfix Tech" role="MERN Developer" jobUrl="https://www.naukri.com/job-listings-flw-test-123" prevStatus=UNKNOWN newStatus=REMINDER_SENT prevCount=0 newCount=1
[2026-08-08T10:00:05.357Z] jobId=flw_test_123 company="Hotfix Tech" role="MERN Developer" jobUrl="https://www.naukri.com/job-listings-flw-test-123" prevStatus=UNKNOWN newStatus=REMINDER_SENT prevCount=0 newCount=1
[2026-08-08T10:00:05.397Z] jobId=4762e254ae company="Hotfix Tech" role="MERN Developer" jobUrl="https://www.naukri.com/job-listings-flw-test-123" prevStatus=REMINDER_SENT newStatus=REMINDER_SENT prevCount=1 newCount=2
[2026-08-08T10:00:05.799Z] jobId=flw_test_123 company="Hotfix Tech" role="MERN Developer" jobUrl="https://www.naukri.com/job-listings-flw-test-123" prevStatus=UNKNOWN newStatus=REMINDER_SENT prevCount=0 newCount=1
[2026-08-08T10:00:05.858Z] jobId=4762e254ae company="Hotfix Tech" role="MERN Developer" jobUrl="https://www.naukri.com/job-listings-flw-test-123" prevStatus=REMINDER_SENT newStatus=REMINDER_SENT prevCount=2 newCount=3
[2026-08-08T10:00:06.291Z] jobId=flw_test_123 company="Hotfix Tech" role="MERN Developer" jobUrl="https://www.naukri.com/job-listings-flw-test-123" prevStatus=UNKNOWN newStatus=REMINDER_SENT prevCount=0 newCount=1
[2026-08-08T10:00:06.335Z] jobId=4762e254ae company="Hotfix Tech" role="MERN Developer" jobUrl="https://www.naukri.com/job-listings-flw-test-123" prevStatus=UNKNOWN newStatus=WAITING_RESPONSE prevCount=0 newCount=0
[2026-08-08T10:00:06.388Z] jobId=4762e254ae company="Hotfix Tech" role="MERN Developer" jobUrl="https://www.naukri.com/job-listings-flw-test-123" prevStatus=UNKNOWN newStatus=NO_RESPONSE prevCount=0 newCount=0
[2026-08-08T10:00:07.842Z] jobId=0693c8054d company="Intel Company" role="Full Stack Engineer" jobUrl="https://www.naukri.com/job-listings-old-99" prevStatus=UNKNOWN newStatus=REMINDER_SENT prevCount=0 newCount=1
[2026-08-08T10:00:08.233Z] jobId=0693c8054d company="" role="" jobUrl="https://www.naukri.com/job-listings-old-99" prevStatus=REMINDER_SENT newStatus=REMINDER_SENT prevCount=1 newCount=2
[2026-08-08T10:00:08.256Z] jobId=0693c8054d company="" role="" jobUrl="https://www.naukri.com/job-listings-old-99" prevStatus=REMINDER_SENT newStatus=REMINDER_SENT prevCount=2 newCount=3
[2026-08-08T10:00:13.413Z] jobId=test123 company="Company" role="" jobUrl="https://www.naukri.com/job-listings-test-123" prevStatus=UNKNOWN newStatus=WAITING_RESPONSE prevCount=0 newCount=0
