[2026-08-13T06:49:30.188Z] PID=24152 SOURCE=followup.scheduler/checkPendingFollowups TYPE=APPLICATION_FOLLOWUP COMPANY="Hotfix Tech" ROLE="MERN Developer" APPLICATION_ID="flw_test_123" JOB_URL="https://www.naukri.com/job-listings-flw-test-123" CHAT_ID="642578356"
[2026-08-13T06:49:30.504Z] PID=24152 SOURCE=followup.scheduler/checkPendingFollowups TYPE=APPLICATION_FOLLOWUP COMPANY="Hotfix Tech" ROLE="MERN Developer" APPLICATION_ID="flw_test_123" JOB_URL="https://www.naukri.com/job-listings-flw-test-123" CHAT_ID="642578356"
[2026-08-13T06:49:30.621Z] PID=24152 SOURCE=followup.scheduler/checkPendingFollowups TYPE=APPLICATION_FOLLOWUP COMPANY="Hotfix Tech" ROLE="MERN Developer" APPLICATION_ID="flw_test_123" JOB_URL="https://www.naukri.com/job-listings-flw-test-123" CHAT_ID="642578356"
[2026-08-13T06:49:30.764Z] PID=24152 SOURCE=followup.scheduler/checkPendingFollowups TYPE=APPLICATION_FOLLOWUP COMPANY="Hotfix Tech" ROLE="MERN Developer" APPLICATION_ID="flw_test_123" JOB_URL="https://www.naukri.com/job-listings-flw-test-123" CHAT_ID="642578356"
[2026-08-13T06:49:31.130Z] PID=24152 SOURCE=dispatchTelegramMessage TYPE=MESSAGE COMPANY="" ROLE="" APPLICATION_ID="" JOB_URL="" CHAT_ID="12345"
[2026-08-13T09:37:13.069Z] PID=1420 SOURCE=send-career-digest-once.js TYPE=ONE_SHOT_VALIDATION COMPANY="" ROLE="" APPLICATION_ID="" JOB_URL="" CHAT_ID="642578356"
[2026-08-13T09:53:34.365Z] PID=19876 SOURCE=send-career-digest-once.js TYPE=ONE_SHOT_VALIDATION COMPANY="" ROLE="" APPLICATION_ID="" JOB_URL="" CHAT_ID="642578356"
[2026-08-13T10:00:48.949Z] PID=9144 SOURCE=p369-real-delivery TYPE=CAREER_DIGEST_REAL COMPANY="" ROLE="" APPLICATION_ID="" JOB_URL="" CHAT_ID="642578356"
[2026-08-13T10:07:39.604Z] PID=19952 SOURCE=career-digest.scheduler TYPE=CAREER_DIGEST COMPANY="" ROLE="" APPLICATION_ID="" JOB_URL="" CHAT_ID="642578356"
[2026-08-13T10:58:57.722Z] PID=9196 SOURCE=profile.approval TYPE=PROFILE_APPROVAL_REQUEST COMPANY="" ROLE="" APPLICATION_ID="" JOB_URL="" CHAT_ID="642578356"
[2026-08-13T10:59:45.613Z] PID=16680 SOURCE=profile.approval TYPE=PROFILE_APPROVAL_REQUEST COMPANY="" ROLE="" APPLICATION_ID="" JOB_URL="" CHAT_ID="642578356"
[2026-08-13T11:12:50.103Z] PID=26328 SOURCE=dispatchTelegramMessage TYPE=MESSAGE COMPANY="" ROLE="" APPLICATION_ID="" JOB_URL="" CHAT_ID="642578356"
[2026-08-13T11:13:59.527Z] PID=8456 SOURCE=dispatchTelegramMessage TYPE=MESSAGE COMPANY="" ROLE="" APPLICATION_ID="" JOB_URL="" CHAT_ID="642578356"
[2026-08-13T11:15:06.714Z] PID=10356 SOURCE=dispatchTelegramMessage TYPE=MESSAGE COMPANY="" ROLE="" APPLICATION_ID="" JOB_URL="" CHAT_ID="642578356"
[2026-08-13T11:20:36.918Z] PID=15476 SOURCE=profile.approval TYPE=PROFILE_APPROVAL_REQUEST COMPANY="" ROLE="" APPLICATION_ID="" JOB_URL="" CHAT_ID="642578356"
[2026-08-13T12:11:17.878Z] PID=9960 SOURCE=profile.approval TYPE=PROFILE_APPROVAL_REQUEST COMPANY="" ROLE="" APPLICATION_ID="" JOB_URL="" CHAT_ID="642578356"
[2026-08-13T12:16:43.131Z] PID=15368 SOURCE=profile.approval TYPE=PROFILE_APPROVAL_REQUEST COMPANY="" ROLE="" APPLICATION_ID="" JOB_URL="" CHAT_ID="642578356"
[2026-08-13T12:55:04.425Z] PID=6940 SOURCE=profile.approval TYPE=PROFILE_APPROVAL_REQUEST COMPANY="" ROLE="" APPLICATION_ID="" JOB_URL="" CHAT_ID="642578356"
[2026-08-13T13:18:09.346Z] PID=8552 SOURCE=profile.approval TYPE=PROFILE_APPROVAL_REQUEST COMPANY="" ROLE="" APPLICATION_ID="" JOB_URL="" CHAT_ID="642578356"
[2026-08-13T13:41:29.716Z] PID=13204 SOURCE=profile.approval TYPE=PROFILE_APPROVAL_REQUEST COMPANY="" ROLE="" APPLICATION_ID="" JOB_URL="" CHAT_ID="642578356"
[2026-08-13T14:58:17.355Z] PID=16864 SOURCE=profile.approval TYPE=PROFILE_APPROVAL_REQUEST COMPANY="" ROLE="" APPLICATION_ID="" JOB_URL="" CHAT_ID="642578356"
[2026-08-13T15:06:52.614Z] PID=25224 SOURCE=profile.approval TYPE=PROFILE_APPROVAL_REQUEST COMPANY="" ROLE="" APPLICATION_ID="" JOB_URL="" CHAT_ID="642578356"
[2026-08-13T15:39:00.372Z] PID=10208 SOURCE=profile.approval TYPE=PROFILE_APPROVAL_REQUEST COMPANY="" ROLE="" APPLICATION_ID="" JOB_URL="" CHAT_ID="642578356"
[2026-08-13T15:39:25.671Z] PID=10208 SOURCE=dispatchTelegramMessage TYPE=MESSAGE COMPANY="" ROLE="" APPLICATION_ID="" JOB_URL="" CHAT_ID="642578356"
[2026-08-13T15:47:43.438Z] PID=24544 SOURCE=profile.approval TYPE=PROFILE_APPROVAL_REQUEST COMPANY="" ROLE="" APPLICATION_ID="" JOB_URL="" CHAT_ID="642578356"
[2026-08-13T15:48:02.749Z] PID=24544 SOURCE=dispatchTelegramMessage TYPE=MESSAGE COMPANY="" ROLE="" APPLICATION_ID="" JOB_URL="" CHAT_ID="642578356"
[2026-08-13T16:00:25.430Z] PID=29780 SOURCE=profile.approval TYPE=PROFILE_APPROVAL_REQUEST COMPANY="" ROLE="" APPLICATION_ID="" JOB_URL="" CHAT_ID="642578356"
[2026-08-13T16:00:46.590Z] PID=29780 SOURCE=dispatchTelegramMessage TYPE=MESSAGE COMPANY="" ROLE="" APPLICATION_ID="" JOB_URL="" CHAT_ID="642578356"
[2026-08-13T16:09:24.881Z] PID=9584 SOURCE=profile.approval TYPE=PROFILE_APPROVAL_REQUEST COMPANY="" ROLE="" APPLICATION_ID="" JOB_URL="" CHAT_ID="642578356"
