[2026-08-10T05:36:48.487Z] PID=12880 SOURCE=followup.scheduler/checkPendingFollowups TYPE=APPLICATION_FOLLOWUP COMPANY="Hotfix Tech" ROLE="MERN Developer" APPLICATION_ID="flw_test_123" JOB_URL="https://www.naukri.com/job-listings-flw-test-123" CHAT_ID="642578356"
[2026-08-10T05:36:48.593Z] PID=12880 SOURCE=followup.scheduler/checkPendingFollowups TYPE=APPLICATION_FOLLOWUP COMPANY="Hotfix Tech" ROLE="MERN Developer" APPLICATION_ID="flw_test_123" JOB_URL="https://www.naukri.com/job-listings-flw-test-123" CHAT_ID="642578356"
[2026-08-10T05:36:48.660Z] PID=12880 SOURCE=followup.scheduler/checkPendingFollowups TYPE=APPLICATION_FOLLOWUP COMPANY="Hotfix Tech" ROLE="MERN Developer" APPLICATION_ID="flw_test_123" JOB_URL="https://www.naukri.com/job-listings-flw-test-123" CHAT_ID="642578356"
[2026-08-10T05:36:48.721Z] PID=12880 SOURCE=followup.scheduler/checkPendingFollowups TYPE=APPLICATION_FOLLOWUP COMPANY="Hotfix Tech" ROLE="MERN Developer" APPLICATION_ID="flw_test_123" JOB_URL="https://www.naukri.com/job-listings-flw-test-123" CHAT_ID="642578356"
[2026-08-10T05:36:48.831Z] PID=12880 SOURCE=dispatchTelegramMessage TYPE=MESSAGE COMPANY="" ROLE="" APPLICATION_ID="" JOB_URL="" CHAT_ID="12345"
[2026-08-10T05:36:51.838Z] PID=12880 SOURCE=followup.scheduler/checkPendingFollowups TYPE=APPLICATION_FOLLOWUP COMPANY="Intel Company" ROLE="Full Stack Engineer" APPLICATION_ID="intel_test_123" JOB_URL="https://www.naukri.com/job-listings-old-99" CHAT_ID="642578356"
[2026-08-10T05:47:36.708Z] PID=28764 SOURCE=followup.scheduler/checkPendingFollowups TYPE=APPLICATION_FOLLOWUP COMPANY="Intel Company" ROLE="Full Stack Engineer" APPLICATION_ID="intel_test_123" JOB_URL="https://www.naukri.com/job-listings-old-99" CHAT_ID="642578356"
[2026-08-10T05:47:37.989Z] PID=28764 SOURCE=followup.scheduler/checkPendingFollowups TYPE=APPLICATION_FOLLOWUP COMPANY="Hotfix Tech" ROLE="MERN Developer" APPLICATION_ID="flw_test_123" JOB_URL="https://www.naukri.com/job-listings-flw-test-123" CHAT_ID="642578356"
[2026-08-10T05:47:38.118Z] PID=28764 SOURCE=followup.scheduler/checkPendingFollowups TYPE=APPLICATION_FOLLOWUP COMPANY="Hotfix Tech" ROLE="MERN Developer" APPLICATION_ID="flw_test_123" JOB_URL="https://www.naukri.com/job-listings-flw-test-123" CHAT_ID="642578356"
[2026-08-10T05:47:38.166Z] PID=28764 SOURCE=followup.scheduler/checkPendingFollowups TYPE=APPLICATION_FOLLOWUP COMPANY="Hotfix Tech" ROLE="MERN Developer" APPLICATION_ID="flw_test_123" JOB_URL="https://www.naukri.com/job-listings-flw-test-123" CHAT_ID="642578356"
[2026-08-10T05:47:38.224Z] PID=28764 SOURCE=followup.scheduler/checkPendingFollowups TYPE=APPLICATION_FOLLOWUP COMPANY="Hotfix Tech" ROLE="MERN Developer" APPLICATION_ID="flw_test_123" JOB_URL="https://www.naukri.com/job-listings-flw-test-123" CHAT_ID="642578356"
[2026-08-10T05:47:38.351Z] PID=28764 SOURCE=dispatchTelegramMessage TYPE=MESSAGE COMPANY="" ROLE="" APPLICATION_ID="" JOB_URL="" CHAT_ID="12345"
[2026-08-10T05:48:04.368Z] PID=18684 SOURCE=followup.scheduler/checkPendingFollowups TYPE=APPLICATION_FOLLOWUP COMPANY="Hotfix Tech" ROLE="MERN Developer" APPLICATION_ID="flw_test_123" JOB_URL="https://www.naukri.com/job-listings-flw-test-123" CHAT_ID="642578356"
[2026-08-10T05:48:04.491Z] PID=18684 SOURCE=followup.scheduler/checkPendingFollowups TYPE=APPLICATION_FOLLOWUP COMPANY="Hotfix Tech" ROLE="MERN Developer" APPLICATION_ID="flw_test_123" JOB_URL="https://www.naukri.com/job-listings-flw-test-123" CHAT_ID="642578356"
[2026-08-10T05:48:04.557Z] PID=18684 SOURCE=followup.scheduler/checkPendingFollowups TYPE=APPLICATION_FOLLOWUP COMPANY="Hotfix Tech" ROLE="MERN Developer" APPLICATION_ID="flw_test_123" JOB_URL="https://www.naukri.com/job-listings-flw-test-123" CHAT_ID="642578356"
[2026-08-10T05:48:04.607Z] PID=18684 SOURCE=followup.scheduler/checkPendingFollowups TYPE=APPLICATION_FOLLOWUP COMPANY="Hotfix Tech" ROLE="MERN Developer" APPLICATION_ID="flw_test_123" JOB_URL="https://www.naukri.com/job-listings-flw-test-123" CHAT_ID="642578356"
[2026-08-10T05:48:04.746Z] PID=18684 SOURCE=dispatchTelegramMessage TYPE=MESSAGE COMPANY="" ROLE="" APPLICATION_ID="" JOB_URL="" CHAT_ID="12345"
[2026-08-10T05:48:06.060Z] PID=18684 SOURCE=followup.scheduler/checkPendingFollowups TYPE=APPLICATION_FOLLOWUP COMPANY="Intel Company" ROLE="Full Stack Engineer" APPLICATION_ID="intel_test_123" JOB_URL="https://www.naukri.com/job-listings-old-99" CHAT_ID="642578356"
[2026-08-10T05:51:18.296Z] PID=5380 SOURCE=followup.scheduler/checkPendingFollowups TYPE=APPLICATION_FOLLOWUP COMPANY="Hotfix Tech" ROLE="MERN Developer" APPLICATION_ID="flw_test_123" JOB_URL="https://www.naukri.com/job-listings-flw-test-123" CHAT_ID="642578356"
[2026-08-10T05:51:18.368Z] PID=5380 SOURCE=followup.scheduler/checkPendingFollowups TYPE=APPLICATION_FOLLOWUP COMPANY="Hotfix Tech" ROLE="MERN Developer" APPLICATION_ID="flw_test_123" JOB_URL="https://www.naukri.com/job-listings-flw-test-123" CHAT_ID="642578356"
[2026-08-10T05:51:18.443Z] PID=5380 SOURCE=followup.scheduler/checkPendingFollowups TYPE=APPLICATION_FOLLOWUP COMPANY="Hotfix Tech" ROLE="MERN Developer" APPLICATION_ID="flw_test_123" JOB_URL="https://www.naukri.com/job-listings-flw-test-123" CHAT_ID="642578356"
[2026-08-10T05:51:18.512Z] PID=5380 SOURCE=followup.scheduler/checkPendingFollowups TYPE=APPLICATION_FOLLOWUP COMPANY="Hotfix Tech" ROLE="MERN Developer" APPLICATION_ID="flw_test_123" JOB_URL="https://www.naukri.com/job-listings-flw-test-123" CHAT_ID="642578356"
[2026-08-10T05:51:18.645Z] PID=5380 SOURCE=dispatchTelegramMessage TYPE=MESSAGE COMPANY="" ROLE="" APPLICATION_ID="" JOB_URL="" CHAT_ID="12345"
[2026-08-10T05:51:19.994Z] PID=5380 SOURCE=followup.scheduler/checkPendingFollowups TYPE=APPLICATION_FOLLOWUP COMPANY="Intel Company" ROLE="Full Stack Engineer" APPLICATION_ID="intel_test_123" JOB_URL="https://www.naukri.com/job-listings-old-99" CHAT_ID="642578356"
[2026-08-10T05:51:57.631Z] PID=17312 SOURCE=followup.scheduler/checkPendingFollowups TYPE=APPLICATION_FOLLOWUP COMPANY="Hotfix Tech" ROLE="MERN Developer" APPLICATION_ID="flw_test_123" JOB_URL="https://www.naukri.com/job-listings-flw-test-123" CHAT_ID="642578356"
[2026-08-10T05:51:57.748Z] PID=17312 SOURCE=followup.scheduler/checkPendingFollowups TYPE=APPLICATION_FOLLOWUP COMPANY="Hotfix Tech" ROLE="MERN Developer" APPLICATION_ID="flw_test_123" JOB_URL="https://www.naukri.com/job-listings-flw-test-123" CHAT_ID="642578356"
[2026-08-10T05:51:57.847Z] PID=17312 SOURCE=followup.scheduler/checkPendingFollowups TYPE=APPLICATION_FOLLOWUP COMPANY="Hotfix Tech" ROLE="MERN Developer" APPLICATION_ID="flw_test_123" JOB_URL="https://www.naukri.com/job-listings-flw-test-123" CHAT_ID="642578356"
[2026-08-10T05:51:57.915Z] PID=17312 SOURCE=followup.scheduler/checkPendingFollowups TYPE=APPLICATION_FOLLOWUP COMPANY="Hotfix Tech" ROLE="MERN Developer" APPLICATION_ID="flw_test_123" JOB_URL="https://www.naukri.com/job-listings-flw-test-123" CHAT_ID="642578356"
[2026-08-10T05:51:58.057Z] PID=17312 SOURCE=dispatchTelegramMessage TYPE=MESSAGE COMPANY="" ROLE="" APPLICATION_ID="" JOB_URL="" CHAT_ID="12345"
[2026-08-10T05:52:01.992Z] PID=17312 SOURCE=followup.scheduler/checkPendingFollowups TYPE=APPLICATION_FOLLOWUP COMPANY="Intel Company" ROLE="Full Stack Engineer" APPLICATION_ID="intel_test_123" JOB_URL="https://www.naukri.com/job-listings-old-99" CHAT_ID="642578356"
[2026-08-10T05:55:08.125Z] PID=12068 SOURCE=followup.scheduler/checkPendingFollowups TYPE=APPLICATION_FOLLOWUP COMPANY="Hotfix Tech" ROLE="MERN Developer" APPLICATION_ID="flw_test_123" JOB_URL="https://www.naukri.com/job-listings-flw-test-123" CHAT_ID="642578356"
[2026-08-10T05:55:08.224Z] PID=12068 SOURCE=followup.scheduler/checkPendingFollowups TYPE=APPLICATION_FOLLOWUP COMPANY="Hotfix Tech" ROLE="MERN Developer" APPLICATION_ID="flw_test_123" JOB_URL="https://www.naukri.com/job-listings-flw-test-123" CHAT_ID="642578356"
[2026-08-10T05:55:08.278Z] PID=12068 SOURCE=followup.scheduler/checkPendingFollowups TYPE=APPLICATION_FOLLOWUP COMPANY="Hotfix Tech" ROLE="MERN Developer" APPLICATION_ID="flw_test_123" JOB_URL="https://www.naukri.com/job-listings-flw-test-123" CHAT_ID="642578356"
[2026-08-10T05:55:08.318Z] PID=12068 SOURCE=followup.scheduler/checkPendingFollowups TYPE=APPLICATION_FOLLOWUP COMPANY="Hotfix Tech" ROLE="MERN Developer" APPLICATION_ID="flw_test_123" JOB_URL="https://www.naukri.com/job-listings-flw-test-123" CHAT_ID="642578356"
[2026-08-10T05:55:08.485Z] PID=12068 SOURCE=dispatchTelegramMessage TYPE=MESSAGE COMPANY="" ROLE="" APPLICATION_ID="" JOB_URL="" CHAT_ID="12345"
[2026-08-10T05:55:12.680Z] PID=12068 SOURCE=followup.scheduler/checkPendingFollowups TYPE=APPLICATION_FOLLOWUP COMPANY="Intel Company" ROLE="Full Stack Engineer" APPLICATION_ID="intel_test_123" JOB_URL="https://www.naukri.com/job-listings-old-99" CHAT_ID="642578356"
[2026-08-10T05:55:54.217Z] PID=19568 SOURCE=followup.scheduler/checkPendingFollowups TYPE=APPLICATION_FOLLOWUP COMPANY="Hotfix Tech" ROLE="MERN Developer" APPLICATION_ID="flw_test_123" JOB_URL="https://www.naukri.com/job-listings-flw-test-123" CHAT_ID="642578356"
[2026-08-10T05:55:54.315Z] PID=19568 SOURCE=followup.scheduler/checkPendingFollowups TYPE=APPLICATION_FOLLOWUP COMPANY="Hotfix Tech" ROLE="MERN Developer" APPLICATION_ID="flw_test_123" JOB_URL="https://www.naukri.com/job-listings-flw-test-123" CHAT_ID="642578356"
[2026-08-10T05:55:54.378Z] PID=19568 SOURCE=followup.scheduler/checkPendingFollowups TYPE=APPLICATION_FOLLOWUP COMPANY="Hotfix Tech" ROLE="MERN Developer" APPLICATION_ID="flw_test_123" JOB_URL="https://www.naukri.com/job-listings-flw-test-123" CHAT_ID="642578356"
[2026-08-10T05:55:54.423Z] PID=19568 SOURCE=followup.scheduler/checkPendingFollowups TYPE=APPLICATION_FOLLOWUP COMPANY="Hotfix Tech" ROLE="MERN Developer" APPLICATION_ID="flw_test_123" JOB_URL="https://www.naukri.com/job-listings-flw-test-123" CHAT_ID="642578356"
[2026-08-10T05:55:54.569Z] PID=19568 SOURCE=dispatchTelegramMessage TYPE=MESSAGE COMPANY="" ROLE="" APPLICATION_ID="" JOB_URL="" CHAT_ID="12345"
[2026-08-10T05:55:55.948Z] PID=19568 SOURCE=followup.scheduler/checkPendingFollowups TYPE=APPLICATION_FOLLOWUP COMPANY="Intel Company" ROLE="Full Stack Engineer" APPLICATION_ID="intel_test_123" JOB_URL="https://www.naukri.com/job-listings-old-99" CHAT_ID="642578356"
[2026-08-10T06:01:18.457Z] PID=27840 SOURCE=followup.scheduler/checkPendingFollowups TYPE=APPLICATION_FOLLOWUP COMPANY="Hotfix Tech" ROLE="MERN Developer" APPLICATION_ID="flw_test_123" JOB_URL="https://www.naukri.com/job-listings-flw-test-123" CHAT_ID="642578356"
[2026-08-10T06:01:18.623Z] PID=27840 SOURCE=followup.scheduler/checkPendingFollowups TYPE=APPLICATION_FOLLOWUP COMPANY="Hotfix Tech" ROLE="MERN Developer" APPLICATION_ID="flw_test_123" JOB_URL="https://www.naukri.com/job-listings-flw-test-123" CHAT_ID="642578356"
[2026-08-10T06:01:18.742Z] PID=27840 SOURCE=followup.scheduler/checkPendingFollowups TYPE=APPLICATION_FOLLOWUP COMPANY="Hotfix Tech" ROLE="MERN Developer" APPLICATION_ID="flw_test_123" JOB_URL="https://www.naukri.com/job-listings-flw-test-123" CHAT_ID="642578356"
[2026-08-10T06:01:18.812Z] PID=27840 SOURCE=followup.scheduler/checkPendingFollowups TYPE=APPLICATION_FOLLOWUP COMPANY="Hotfix Tech" ROLE="MERN Developer" APPLICATION_ID="flw_test_123" JOB_URL="https://www.naukri.com/job-listings-flw-test-123" CHAT_ID="642578356"
[2026-08-10T06:01:18.976Z] PID=27840 SOURCE=dispatchTelegramMessage TYPE=MESSAGE COMPANY="" ROLE="" APPLICATION_ID="" JOB_URL="" CHAT_ID="12345"
[2026-08-10T06:01:22.083Z] PID=27840 SOURCE=followup.scheduler/checkPendingFollowups TYPE=APPLICATION_FOLLOWUP COMPANY="Intel Company" ROLE="Full Stack Engineer" APPLICATION_ID="intel_test_123" JOB_URL="https://www.naukri.com/job-listings-old-99" CHAT_ID="642578356"
[2026-08-10T06:04:32.110Z] PID=25540 SOURCE=followup.scheduler/checkPendingFollowups TYPE=APPLICATION_FOLLOWUP COMPANY="Hotfix Tech" ROLE="MERN Developer" APPLICATION_ID="flw_test_123" JOB_URL="https://www.naukri.com/job-listings-flw-test-123" CHAT_ID="642578356"
[2026-08-10T06:04:32.239Z] PID=25540 SOURCE=followup.scheduler/checkPendingFollowups TYPE=APPLICATION_FOLLOWUP COMPANY="Hotfix Tech" ROLE="MERN Developer" APPLICATION_ID="flw_test_123" JOB_URL="https://www.naukri.com/job-listings-flw-test-123" CHAT_ID="642578356"
[2026-08-10T06:04:32.291Z] PID=25540 SOURCE=followup.scheduler/checkPendingFollowups TYPE=APPLICATION_FOLLOWUP COMPANY="Hotfix Tech" ROLE="MERN Developer" APPLICATION_ID="flw_test_123" JOB_URL="https://www.naukri.com/job-listings-flw-test-123" CHAT_ID="642578356"
[2026-08-10T06:04:32.369Z] PID=25540 SOURCE=followup.scheduler/checkPendingFollowups TYPE=APPLICATION_FOLLOWUP COMPANY="Hotfix Tech" ROLE="MERN Developer" APPLICATION_ID="flw_test_123" JOB_URL="https://www.naukri.com/job-listings-flw-test-123" CHAT_ID="642578356"
[2026-08-10T06:04:32.520Z] PID=25540 SOURCE=dispatchTelegramMessage TYPE=MESSAGE COMPANY="" ROLE="" APPLICATION_ID="" JOB_URL="" CHAT_ID="12345"
[2026-08-10T06:04:35.568Z] PID=25540 SOURCE=followup.scheduler/checkPendingFollowups TYPE=APPLICATION_FOLLOWUP COMPANY="Intel Company" ROLE="Full Stack Engineer" APPLICATION_ID="intel_test_123" JOB_URL="https://www.naukri.com/job-listings-old-99" CHAT_ID="642578356"
[2026-08-10T06:08:35.062Z] PID=4904 SOURCE=followup.scheduler/checkPendingFollowups TYPE=APPLICATION_FOLLOWUP COMPANY="Hotfix Tech" ROLE="MERN Developer" APPLICATION_ID="flw_test_123" JOB_URL="https://www.naukri.com/job-listings-flw-test-123" CHAT_ID="642578356"
[2026-08-10T06:08:35.200Z] PID=4904 SOURCE=followup.scheduler/checkPendingFollowups TYPE=APPLICATION_FOLLOWUP COMPANY="Hotfix Tech" ROLE="MERN Developer" APPLICATION_ID="flw_test_123" JOB_URL="https://www.naukri.com/job-listings-flw-test-123" CHAT_ID="642578356"
[2026-08-10T06:08:35.252Z] PID=4904 SOURCE=followup.scheduler/checkPendingFollowups TYPE=APPLICATION_FOLLOWUP COMPANY="Hotfix Tech" ROLE="MERN Developer" APPLICATION_ID="flw_test_123" JOB_URL="https://www.naukri.com/job-listings-flw-test-123" CHAT_ID="642578356"
[2026-08-10T06:08:35.363Z] PID=4904 SOURCE=followup.scheduler/checkPendingFollowups TYPE=APPLICATION_FOLLOWUP COMPANY="Hotfix Tech" ROLE="MERN Developer" APPLICATION_ID="flw_test_123" JOB_URL="https://www.naukri.com/job-listings-flw-test-123" CHAT_ID="642578356"
[2026-08-10T06:08:35.531Z] PID=4904 SOURCE=dispatchTelegramMessage TYPE=MESSAGE COMPANY="" ROLE="" APPLICATION_ID="" JOB_URL="" CHAT_ID="12345"
[2026-08-10T06:08:38.563Z] PID=4904 SOURCE=followup.scheduler/checkPendingFollowups TYPE=APPLICATION_FOLLOWUP COMPANY="Intel Company" ROLE="Full Stack Engineer" APPLICATION_ID="intel_test_123" JOB_URL="https://www.naukri.com/job-listings-old-99" CHAT_ID="642578356"
[2026-08-10T06:12:03.646Z] PID=21488 SOURCE=followup.scheduler/checkPendingFollowups TYPE=APPLICATION_FOLLOWUP COMPANY="Hotfix Tech" ROLE="MERN Developer" APPLICATION_ID="flw_test_123" JOB_URL="https://www.naukri.com/job-listings-flw-test-123" CHAT_ID="642578356"
[2026-08-10T06:12:03.864Z] PID=21488 SOURCE=followup.scheduler/checkPendingFollowups TYPE=APPLICATION_FOLLOWUP COMPANY="Hotfix Tech" ROLE="MERN Developer" APPLICATION_ID="flw_test_123" JOB_URL="https://www.naukri.com/job-listings-flw-test-123" CHAT_ID="642578356"
[2026-08-10T06:12:03.949Z] PID=21488 SOURCE=followup.scheduler/checkPendingFollowups TYPE=APPLICATION_FOLLOWUP COMPANY="Hotfix Tech" ROLE="MERN Developer" APPLICATION_ID="flw_test_123" JOB_URL="https://www.naukri.com/job-listings-flw-test-123" CHAT_ID="642578356"
[2026-08-10T06:12:03.997Z] PID=21488 SOURCE=followup.scheduler/checkPendingFollowups TYPE=APPLICATION_FOLLOWUP COMPANY="Hotfix Tech" ROLE="MERN Developer" APPLICATION_ID="flw_test_123" JOB_URL="https://www.naukri.com/job-listings-flw-test-123" CHAT_ID="642578356"
[2026-08-10T06:12:04.164Z] PID=21488 SOURCE=dispatchTelegramMessage TYPE=MESSAGE COMPANY="" ROLE="" APPLICATION_ID="" JOB_URL="" CHAT_ID="12345"
[2026-08-10T06:12:08.458Z] PID=21488 SOURCE=followup.scheduler/checkPendingFollowups TYPE=APPLICATION_FOLLOWUP COMPANY="Intel Company" ROLE="Full Stack Engineer" APPLICATION_ID="intel_test_123" JOB_URL="https://www.naukri.com/job-listings-old-99" CHAT_ID="642578356"
[2026-08-10T06:15:02.086Z] PID=24692 SOURCE=scripts/run-phase-8-6-live-delivery.js TYPE=REAL_LIVE_FOLLOWUP_VERIFICATION COMPANY="Vbeyond Corporation" ROLE="Mern Stack Developer" APPLICATION_ID="57f713042c" JOB_URL="https://www.naukri.com/job-listings-mern-stack-developer-vbeyond-corporation-bengaluru-2-to-5-years-070826019309" CHAT_ID="642578356"
[2026-08-10T06:16:52.618Z] PID=32176 SOURCE=scripts/run-phase-8-6-live-delivery.js TYPE=REAL_LIVE_FOLLOWUP_VERIFICATION COMPANY="Vbeyond Corporation" ROLE="Mern Stack Developer" APPLICATION_ID="57f713042c" JOB_URL="https://www.naukri.com/job-listings-mern-stack-developer-vbeyond-corporation-bengaluru-2-to-5-years-070826019309" CHAT_ID="642578356"
[2026-08-10T06:17:10.440Z] PID=30176 SOURCE=followup.scheduler/checkPendingFollowups TYPE=APPLICATION_FOLLOWUP COMPANY="Hotfix Tech" ROLE="MERN Developer" APPLICATION_ID="flw_test_123" JOB_URL="https://www.naukri.com/job-listings-flw-test-123" CHAT_ID="642578356"
[2026-08-10T06:17:10.601Z] PID=30176 SOURCE=followup.scheduler/checkPendingFollowups TYPE=APPLICATION_FOLLOWUP COMPANY="Hotfix Tech" ROLE="MERN Developer" APPLICATION_ID="flw_test_123" JOB_URL="https://www.naukri.com/job-listings-flw-test-123" CHAT_ID="642578356"
[2026-08-10T06:17:10.675Z] PID=30176 SOURCE=followup.scheduler/checkPendingFollowups TYPE=APPLICATION_FOLLOWUP COMPANY="Hotfix Tech" ROLE="MERN Developer" APPLICATION_ID="flw_test_123" JOB_URL="https://www.naukri.com/job-listings-flw-test-123" CHAT_ID="642578356"
[2026-08-10T06:17:10.741Z] PID=30176 SOURCE=followup.scheduler/checkPendingFollowups TYPE=APPLICATION_FOLLOWUP COMPANY="Hotfix Tech" ROLE="MERN Developer" APPLICATION_ID="flw_test_123" JOB_URL="https://www.naukri.com/job-listings-flw-test-123" CHAT_ID="642578356"
[2026-08-10T06:17:10.907Z] PID=30176 SOURCE=dispatchTelegramMessage TYPE=MESSAGE COMPANY="" ROLE="" APPLICATION_ID="" JOB_URL="" CHAT_ID="12345"
[2026-08-10T06:17:14.327Z] PID=30176 SOURCE=followup.scheduler/checkPendingFollowups TYPE=APPLICATION_FOLLOWUP COMPANY="Intel Company" ROLE="Full Stack Engineer" APPLICATION_ID="intel_test_123" JOB_URL="https://www.naukri.com/job-listings-old-99" CHAT_ID="642578356"
[2026-08-10T06:24:18.941Z] PID=23636 SOURCE=followup.scheduler/checkPendingFollowups TYPE=APPLICATION_FOLLOWUP COMPANY="Hotfix Tech" ROLE="MERN Developer" APPLICATION_ID="flw_test_123" JOB_URL="https://www.naukri.com/job-listings-flw-test-123" CHAT_ID="642578356"
[2026-08-10T06:24:19.002Z] PID=23636 SOURCE=followup.scheduler/checkPendingFollowups TYPE=APPLICATION_FOLLOWUP COMPANY="Hotfix Tech" ROLE="MERN Developer" APPLICATION_ID="flw_test_123" JOB_URL="https://www.naukri.com/job-listings-flw-test-123" CHAT_ID="642578356"
[2026-08-10T06:24:19.032Z] PID=23636 SOURCE=followup.scheduler/checkPendingFollowups TYPE=APPLICATION_FOLLOWUP COMPANY="Hotfix Tech" ROLE="MERN Developer" APPLICATION_ID="flw_test_123" JOB_URL="https://www.naukri.com/job-listings-flw-test-123" CHAT_ID="642578356"
[2026-08-10T06:24:19.064Z] PID=23636 SOURCE=followup.scheduler/checkPendingFollowups TYPE=APPLICATION_FOLLOWUP COMPANY="Hotfix Tech" ROLE="MERN Developer" APPLICATION_ID="flw_test_123" JOB_URL="https://www.naukri.com/job-listings-flw-test-123" CHAT_ID="642578356"
[2026-08-10T06:24:19.128Z] PID=23636 SOURCE=dispatchTelegramMessage TYPE=MESSAGE COMPANY="" ROLE="" APPLICATION_ID="" JOB_URL="" CHAT_ID="12345"
[2026-08-10T06:24:21.226Z] PID=23636 SOURCE=followup.scheduler/checkPendingFollowups TYPE=APPLICATION_FOLLOWUP COMPANY="Intel Company" ROLE="Full Stack Engineer" APPLICATION_ID="intel_test_123" JOB_URL="https://www.naukri.com/job-listings-old-99" CHAT_ID="642578356"
[2026-08-10T06:25:55.776Z] PID=14328 SOURCE=followup.scheduler/checkPendingFollowups TYPE=APPLICATION_FOLLOWUP COMPANY="Hotfix Tech" ROLE="MERN Developer" APPLICATION_ID="flw_test_123" JOB_URL="https://www.naukri.com/job-listings-flw-test-123" CHAT_ID="642578356"
[2026-08-10T06:25:55.825Z] PID=14328 SOURCE=followup.scheduler/checkPendingFollowups TYPE=APPLICATION_FOLLOWUP COMPANY="Hotfix Tech" ROLE="MERN Developer" APPLICATION_ID="flw_test_123" JOB_URL="https://www.naukri.com/job-listings-flw-test-123" CHAT_ID="642578356"
[2026-08-10T06:25:55.844Z] PID=14328 SOURCE=followup.scheduler/checkPendingFollowups TYPE=APPLICATION_FOLLOWUP COMPANY="Hotfix Tech" ROLE="MERN Developer" APPLICATION_ID="flw_test_123" JOB_URL="https://www.naukri.com/job-listings-flw-test-123" CHAT_ID="642578356"
[2026-08-10T06:25:55.864Z] PID=14328 SOURCE=followup.scheduler/checkPendingFollowups TYPE=APPLICATION_FOLLOWUP COMPANY="Hotfix Tech" ROLE="MERN Developer" APPLICATION_ID="flw_test_123" JOB_URL="https://www.naukri.com/job-listings-flw-test-123" CHAT_ID="642578356"
[2026-08-10T06:25:55.925Z] PID=14328 SOURCE=dispatchTelegramMessage TYPE=MESSAGE COMPANY="" ROLE="" APPLICATION_ID="" JOB_URL="" CHAT_ID="12345"
[2026-08-10T06:25:57.742Z] PID=14328 SOURCE=followup.scheduler/checkPendingFollowups TYPE=APPLICATION_FOLLOWUP COMPANY="Intel Company" ROLE="Full Stack Engineer" APPLICATION_ID="intel_test_123" JOB_URL="https://www.naukri.com/job-listings-old-99" CHAT_ID="642578356"
[2026-08-10T06:27:54.774Z] PID=14624 SOURCE=followup.scheduler/checkPendingFollowups TYPE=APPLICATION_FOLLOWUP COMPANY="Hotfix Tech" ROLE="MERN Developer" APPLICATION_ID="flw_test_123" JOB_URL="https://www.naukri.com/job-listings-flw-test-123" CHAT_ID="642578356"
[2026-08-10T06:27:54.815Z] PID=14624 SOURCE=followup.scheduler/checkPendingFollowups TYPE=APPLICATION_FOLLOWUP COMPANY="Hotfix Tech" ROLE="MERN Developer" APPLICATION_ID="flw_test_123" JOB_URL="https://www.naukri.com/job-listings-flw-test-123" CHAT_ID="642578356"
[2026-08-10T06:27:54.846Z] PID=14624 SOURCE=followup.scheduler/checkPendingFollowups TYPE=APPLICATION_FOLLOWUP COMPANY="Hotfix Tech" ROLE="MERN Developer" APPLICATION_ID="flw_test_123" JOB_URL="https://www.naukri.com/job-listings-flw-test-123" CHAT_ID="642578356"
[2026-08-10T06:27:54.876Z] PID=14624 SOURCE=followup.scheduler/checkPendingFollowups TYPE=APPLICATION_FOLLOWUP COMPANY="Hotfix Tech" ROLE="MERN Developer" APPLICATION_ID="flw_test_123" JOB_URL="https://www.naukri.com/job-listings-flw-test-123" CHAT_ID="642578356"
[2026-08-10T06:27:54.937Z] PID=14624 SOURCE=dispatchTelegramMessage TYPE=MESSAGE COMPANY="" ROLE="" APPLICATION_ID="" JOB_URL="" CHAT_ID="12345"
[2026-08-10T06:27:57.056Z] PID=14624 SOURCE=followup.scheduler/checkPendingFollowups TYPE=APPLICATION_FOLLOWUP COMPANY="Intel Company" ROLE="Full Stack Engineer" APPLICATION_ID="intel_test_123" JOB_URL="https://www.naukri.com/job-listings-old-99" CHAT_ID="642578356"
[2026-08-10T06:29:19.918Z] PID=27940 SOURCE=followup.scheduler/checkPendingFollowups TYPE=APPLICATION_FOLLOWUP COMPANY="Hotfix Tech" ROLE="MERN Developer" APPLICATION_ID="flw_test_123" JOB_URL="https://www.naukri.com/job-listings-flw-test-123" CHAT_ID="642578356"
[2026-08-10T06:29:19.963Z] PID=27940 SOURCE=followup.scheduler/checkPendingFollowups TYPE=APPLICATION_FOLLOWUP COMPANY="Hotfix Tech" ROLE="MERN Developer" APPLICATION_ID="flw_test_123" JOB_URL="https://www.naukri.com/job-listings-flw-test-123" CHAT_ID="642578356"
[2026-08-10T06:29:19.985Z] PID=27940 SOURCE=followup.scheduler/checkPendingFollowups TYPE=APPLICATION_FOLLOWUP COMPANY="Hotfix Tech" ROLE="MERN Developer" APPLICATION_ID="flw_test_123" JOB_URL="https://www.naukri.com/job-listings-flw-test-123" CHAT_ID="642578356"
[2026-08-10T06:29:20.004Z] PID=27940 SOURCE=followup.scheduler/checkPendingFollowups TYPE=APPLICATION_FOLLOWUP COMPANY="Hotfix Tech" ROLE="MERN Developer" APPLICATION_ID="flw_test_123" JOB_URL="https://www.naukri.com/job-listings-flw-test-123" CHAT_ID="642578356"
[2026-08-10T06:29:20.067Z] PID=27940 SOURCE=dispatchTelegramMessage TYPE=MESSAGE COMPANY="" ROLE="" APPLICATION_ID="" JOB_URL="" CHAT_ID="12345"
[2026-08-10T06:29:21.812Z] PID=27940 SOURCE=followup.scheduler/checkPendingFollowups TYPE=APPLICATION_FOLLOWUP COMPANY="Intel Company" ROLE="Full Stack Engineer" APPLICATION_ID="intel_test_123" JOB_URL="https://www.naukri.com/job-listings-old-99" CHAT_ID="642578356"
[2026-08-10T06:31:18.529Z] PID=32188 SOURCE=followup.scheduler/checkPendingFollowups TYPE=APPLICATION_FOLLOWUP COMPANY="Hotfix Tech" ROLE="MERN Developer" APPLICATION_ID="flw_test_123" JOB_URL="https://www.naukri.com/job-listings-flw-test-123" CHAT_ID="642578356"
[2026-08-10T06:31:18.578Z] PID=32188 SOURCE=followup.scheduler/checkPendingFollowups TYPE=APPLICATION_FOLLOWUP COMPANY="Hotfix Tech" ROLE="MERN Developer" APPLICATION_ID="flw_test_123" JOB_URL="https://www.naukri.com/job-listings-flw-test-123" CHAT_ID="642578356"
[2026-08-10T06:31:18.597Z] PID=32188 SOURCE=followup.scheduler/checkPendingFollowups TYPE=APPLICATION_FOLLOWUP COMPANY="Hotfix Tech" ROLE="MERN Developer" APPLICATION_ID="flw_test_123" JOB_URL="https://www.naukri.com/job-listings-flw-test-123" CHAT_ID="642578356"
[2026-08-10T06:31:18.619Z] PID=32188 SOURCE=followup.scheduler/checkPendingFollowups TYPE=APPLICATION_FOLLOWUP COMPANY="Hotfix Tech" ROLE="MERN Developer" APPLICATION_ID="flw_test_123" JOB_URL="https://www.naukri.com/job-listings-flw-test-123" CHAT_ID="642578356"
[2026-08-10T06:31:18.695Z] PID=32188 SOURCE=dispatchTelegramMessage TYPE=MESSAGE COMPANY="" ROLE="" APPLICATION_ID="" JOB_URL="" CHAT_ID="12345"
[2026-08-10T06:31:20.885Z] PID=32188 SOURCE=followup.scheduler/checkPendingFollowups TYPE=APPLICATION_FOLLOWUP COMPANY="Intel Company" ROLE="Full Stack Engineer" APPLICATION_ID="intel_test_123" JOB_URL="https://www.naukri.com/job-listings-old-99" CHAT_ID="642578356"
[2026-08-10T06:33:06.060Z] PID=31188 SOURCE=followup.scheduler/checkPendingFollowups TYPE=APPLICATION_FOLLOWUP COMPANY="Hotfix Tech" ROLE="MERN Developer" APPLICATION_ID="flw_test_123" JOB_URL="https://www.naukri.com/job-listings-flw-test-123" CHAT_ID="642578356"
[2026-08-10T06:33:06.110Z] PID=31188 SOURCE=followup.scheduler/checkPendingFollowups TYPE=APPLICATION_FOLLOWUP COMPANY="Hotfix Tech" ROLE="MERN Developer" APPLICATION_ID="flw_test_123" JOB_URL="https://www.naukri.com/job-listings-flw-test-123" CHAT_ID="642578356"
[2026-08-10T06:33:06.129Z] PID=31188 SOURCE=followup.scheduler/checkPendingFollowups TYPE=APPLICATION_FOLLOWUP COMPANY="Hotfix Tech" ROLE="MERN Developer" APPLICATION_ID="flw_test_123" JOB_URL="https://www.naukri.com/job-listings-flw-test-123" CHAT_ID="642578356"
[2026-08-10T06:33:06.152Z] PID=31188 SOURCE=followup.scheduler/checkPendingFollowups TYPE=APPLICATION_FOLLOWUP COMPANY="Hotfix Tech" ROLE="MERN Developer" APPLICATION_ID="flw_test_123" JOB_URL="https://www.naukri.com/job-listings-flw-test-123" CHAT_ID="642578356"
[2026-08-10T06:33:06.224Z] PID=31188 SOURCE=dispatchTelegramMessage TYPE=MESSAGE COMPANY="" ROLE="" APPLICATION_ID="" JOB_URL="" CHAT_ID="12345"
[2026-08-10T06:33:08.022Z] PID=31188 SOURCE=followup.scheduler/checkPendingFollowups TYPE=APPLICATION_FOLLOWUP COMPANY="Intel Company" ROLE="Full Stack Engineer" APPLICATION_ID="intel_test_123" JOB_URL="https://www.naukri.com/job-listings-old-99" CHAT_ID="642578356"
[2026-08-10T06:35:01.922Z] PID=1820 SOURCE=followup.scheduler/checkPendingFollowups TYPE=APPLICATION_FOLLOWUP COMPANY="Hotfix Tech" ROLE="MERN Developer" APPLICATION_ID="flw_test_123" JOB_URL="https://www.naukri.com/job-listings-flw-test-123" CHAT_ID="642578356"
[2026-08-10T06:35:01.993Z] PID=1820 SOURCE=followup.scheduler/checkPendingFollowups TYPE=APPLICATION_FOLLOWUP COMPANY="Hotfix Tech" ROLE="MERN Developer" APPLICATION_ID="flw_test_123" JOB_URL="https://www.naukri.com/job-listings-flw-test-123" CHAT_ID="642578356"
[2026-08-10T06:35:02.016Z] PID=1820 SOURCE=followup.scheduler/checkPendingFollowups TYPE=APPLICATION_FOLLOWUP COMPANY="Hotfix Tech" ROLE="MERN Developer" APPLICATION_ID="flw_test_123" JOB_URL="https://www.naukri.com/job-listings-flw-test-123" CHAT_ID="642578356"
[2026-08-10T06:35:02.039Z] PID=1820 SOURCE=followup.scheduler/checkPendingFollowups TYPE=APPLICATION_FOLLOWUP COMPANY="Hotfix Tech" ROLE="MERN Developer" APPLICATION_ID="flw_test_123" JOB_URL="https://www.naukri.com/job-listings-flw-test-123" CHAT_ID="642578356"
[2026-08-10T06:35:02.126Z] PID=1820 SOURCE=dispatchTelegramMessage TYPE=MESSAGE COMPANY="" ROLE="" APPLICATION_ID="" JOB_URL="" CHAT_ID="12345"
[2026-08-10T06:35:03.885Z] PID=1820 SOURCE=followup.scheduler/checkPendingFollowups TYPE=APPLICATION_FOLLOWUP COMPANY="Intel Company" ROLE="Full Stack Engineer" APPLICATION_ID="intel_test_123" JOB_URL="https://www.naukri.com/job-listings-old-99" CHAT_ID="642578356"
[2026-08-10T06:37:31.778Z] PID=22008 SOURCE=followup.scheduler/checkPendingFollowups TYPE=APPLICATION_FOLLOWUP COMPANY="Hotfix Tech" ROLE="MERN Developer" APPLICATION_ID="flw_test_123" JOB_URL="https://www.naukri.com/job-listings-flw-test-123" CHAT_ID="642578356"
[2026-08-10T06:37:31.900Z] PID=22008 SOURCE=followup.scheduler/checkPendingFollowups TYPE=APPLICATION_FOLLOWUP COMPANY="Hotfix Tech" ROLE="MERN Developer" APPLICATION_ID="flw_test_123" JOB_URL="https://www.naukri.com/job-listings-flw-test-123" CHAT_ID="642578356"
[2026-08-10T06:37:31.931Z] PID=22008 SOURCE=followup.scheduler/checkPendingFollowups TYPE=APPLICATION_FOLLOWUP COMPANY="Hotfix Tech" ROLE="MERN Developer" APPLICATION_ID="flw_test_123" JOB_URL="https://www.naukri.com/job-listings-flw-test-123" CHAT_ID="642578356"
[2026-08-10T06:37:31.962Z] PID=22008 SOURCE=followup.scheduler/checkPendingFollowups TYPE=APPLICATION_FOLLOWUP COMPANY="Hotfix Tech" ROLE="MERN Developer" APPLICATION_ID="flw_test_123" JOB_URL="https://www.naukri.com/job-listings-flw-test-123" CHAT_ID="642578356"
[2026-08-10T06:37:32.108Z] PID=22008 SOURCE=dispatchTelegramMessage TYPE=MESSAGE COMPANY="" ROLE="" APPLICATION_ID="" JOB_URL="" CHAT_ID="12345"
[2026-08-10T06:37:33.988Z] PID=22008 SOURCE=followup.scheduler/checkPendingFollowups TYPE=APPLICATION_FOLLOWUP COMPANY="Intel Company" ROLE="Full Stack Engineer" APPLICATION_ID="intel_test_123" JOB_URL="https://www.naukri.com/job-listings-old-99" CHAT_ID="642578356"
[2026-08-10T06:38:12.248Z] PID=33784 SOURCE=followup.scheduler/checkPendingFollowups TYPE=APPLICATION_FOLLOWUP COMPANY="Hotfix Tech" ROLE="MERN Developer" APPLICATION_ID="flw_test_123" JOB_URL="https://www.naukri.com/job-listings-flw-test-123" CHAT_ID="642578356"
[2026-08-10T06:38:12.370Z] PID=33784 SOURCE=followup.scheduler/checkPendingFollowups TYPE=APPLICATION_FOLLOWUP COMPANY="Hotfix Tech" ROLE="MERN Developer" APPLICATION_ID="flw_test_123" JOB_URL="https://www.naukri.com/job-listings-flw-test-123" CHAT_ID="642578356"
[2026-08-10T06:38:12.401Z] PID=33784 SOURCE=followup.scheduler/checkPendingFollowups TYPE=APPLICATION_FOLLOWUP COMPANY="Hotfix Tech" ROLE="MERN Developer" APPLICATION_ID="flw_test_123" JOB_URL="https://www.naukri.com/job-listings-flw-test-123" CHAT_ID="642578356"
[2026-08-10T06:38:12.441Z] PID=33784 SOURCE=followup.scheduler/checkPendingFollowups TYPE=APPLICATION_FOLLOWUP COMPANY="Hotfix Tech" ROLE="MERN Developer" APPLICATION_ID="flw_test_123" JOB_URL="https://www.naukri.com/job-listings-flw-test-123" CHAT_ID="642578356"
[2026-08-10T06:38:12.586Z] PID=33784 SOURCE=dispatchTelegramMessage TYPE=MESSAGE COMPANY="" ROLE="" APPLICATION_ID="" JOB_URL="" CHAT_ID="12345"
[2026-08-10T06:38:14.451Z] PID=33784 SOURCE=followup.scheduler/checkPendingFollowups TYPE=APPLICATION_FOLLOWUP COMPANY="Intel Company" ROLE="Full Stack Engineer" APPLICATION_ID="intel_test_123" JOB_URL="https://www.naukri.com/job-listings-old-99" CHAT_ID="642578356"
[2026-08-10T06:39:35.764Z] PID=5092 SOURCE=dispatchTelegramMessage TYPE=MESSAGE COMPANY="" ROLE="" APPLICATION_ID="" JOB_URL="" CHAT_ID=""
[2026-08-10T06:39:57.604Z] PID=18292 SOURCE=career-digest.scheduler TYPE=CAREER_DIGEST COMPANY="" ROLE="" APPLICATION_ID="" JOB_URL="" CHAT_ID=""
[2026-08-10T06:40:59.758Z] PID=13208 SOURCE=career-digest.scheduler TYPE=CAREER_DIGEST COMPANY="" ROLE="" APPLICATION_ID="" JOB_URL="" CHAT_ID="642578356"
[2026-08-10T06:42:27.057Z] PID=22824 SOURCE=followup.scheduler/checkPendingFollowups TYPE=APPLICATION_FOLLOWUP COMPANY="Hotfix Tech" ROLE="MERN Developer" APPLICATION_ID="flw_test_123" JOB_URL="https://www.naukri.com/job-listings-flw-test-123" CHAT_ID="642578356"
[2026-08-10T06:42:27.192Z] PID=22824 SOURCE=followup.scheduler/checkPendingFollowups TYPE=APPLICATION_FOLLOWUP COMPANY="Hotfix Tech" ROLE="MERN Developer" APPLICATION_ID="flw_test_123" JOB_URL="https://www.naukri.com/job-listings-flw-test-123" CHAT_ID="642578356"
[2026-08-10T06:42:27.231Z] PID=22824 SOURCE=followup.scheduler/checkPendingFollowups TYPE=APPLICATION_FOLLOWUP COMPANY="Hotfix Tech" ROLE="MERN Developer" APPLICATION_ID="flw_test_123" JOB_URL="https://www.naukri.com/job-listings-flw-test-123" CHAT_ID="642578356"
[2026-08-10T06:42:27.263Z] PID=22824 SOURCE=followup.scheduler/checkPendingFollowups TYPE=APPLICATION_FOLLOWUP COMPANY="Hotfix Tech" ROLE="MERN Developer" APPLICATION_ID="flw_test_123" JOB_URL="https://www.naukri.com/job-listings-flw-test-123" CHAT_ID="642578356"
[2026-08-10T06:42:27.407Z] PID=22824 SOURCE=dispatchTelegramMessage TYPE=MESSAGE COMPANY="" ROLE="" APPLICATION_ID="" JOB_URL="" CHAT_ID="12345"
[2026-08-10T06:42:28.965Z] PID=22824 SOURCE=followup.scheduler/checkPendingFollowups TYPE=APPLICATION_FOLLOWUP COMPANY="Intel Company" ROLE="Full Stack Engineer" APPLICATION_ID="intel_test_123" JOB_URL="https://www.naukri.com/job-listings-old-99" CHAT_ID="642578356"
[2026-08-10T06:43:31.906Z] PID=9920 SOURCE=followup.scheduler/checkPendingFollowups TYPE=APPLICATION_FOLLOWUP COMPANY="Hotfix Tech" ROLE="MERN Developer" APPLICATION_ID="flw_test_123" JOB_URL="https://www.naukri.com/job-listings-flw-test-123" CHAT_ID="642578356"
[2026-08-10T06:43:32.030Z] PID=9920 SOURCE=followup.scheduler/checkPendingFollowups TYPE=APPLICATION_FOLLOWUP COMPANY="Hotfix Tech" ROLE="MERN Developer" APPLICATION_ID="flw_test_123" JOB_URL="https://www.naukri.com/job-listings-flw-test-123" CHAT_ID="642578356"
[2026-08-10T06:43:32.071Z] PID=9920 SOURCE=followup.scheduler/checkPendingFollowups TYPE=APPLICATION_FOLLOWUP COMPANY="Hotfix Tech" ROLE="MERN Developer" APPLICATION_ID="flw_test_123" JOB_URL="https://www.naukri.com/job-listings-flw-test-123" CHAT_ID="642578356"
[2026-08-10T06:43:32.103Z] PID=9920 SOURCE=followup.scheduler/checkPendingFollowups TYPE=APPLICATION_FOLLOWUP COMPANY="Hotfix Tech" ROLE="MERN Developer" APPLICATION_ID="flw_test_123" JOB_URL="https://www.naukri.com/job-listings-flw-test-123" CHAT_ID="642578356"
[2026-08-10T06:43:32.229Z] PID=9920 SOURCE=dispatchTelegramMessage TYPE=MESSAGE COMPANY="" ROLE="" APPLICATION_ID="" JOB_URL="" CHAT_ID="12345"
[2026-08-10T06:43:33.487Z] PID=9920 SOURCE=followup.scheduler/checkPendingFollowups TYPE=APPLICATION_FOLLOWUP COMPANY="Intel Company" ROLE="Full Stack Engineer" APPLICATION_ID="intel_test_123" JOB_URL="https://www.naukri.com/job-listings-old-99" CHAT_ID="642578356"
[2026-08-10T06:46:02.922Z] PID=17256 SOURCE=followup.scheduler/checkPendingFollowups TYPE=APPLICATION_FOLLOWUP COMPANY="Hotfix Tech" ROLE="MERN Developer" APPLICATION_ID="flw_test_123" JOB_URL="https://www.naukri.com/job-listings-flw-test-123" CHAT_ID="642578356"
[2026-08-10T06:46:03.044Z] PID=17256 SOURCE=followup.scheduler/checkPendingFollowups TYPE=APPLICATION_FOLLOWUP COMPANY="Hotfix Tech" ROLE="MERN Developer" APPLICATION_ID="flw_test_123" JOB_URL="https://www.naukri.com/job-listings-flw-test-123" CHAT_ID="642578356"
[2026-08-10T06:46:03.073Z] PID=17256 SOURCE=followup.scheduler/checkPendingFollowups TYPE=APPLICATION_FOLLOWUP COMPANY="Hotfix Tech" ROLE="MERN Developer" APPLICATION_ID="flw_test_123" JOB_URL="https://www.naukri.com/job-listings-flw-test-123" CHAT_ID="642578356"
[2026-08-10T06:46:03.101Z] PID=17256 SOURCE=followup.scheduler/checkPendingFollowups TYPE=APPLICATION_FOLLOWUP COMPANY="Hotfix Tech" ROLE="MERN Developer" APPLICATION_ID="flw_test_123" JOB_URL="https://www.naukri.com/job-listings-flw-test-123" CHAT_ID="642578356"
[2026-08-10T06:46:03.234Z] PID=17256 SOURCE=dispatchTelegramMessage TYPE=MESSAGE COMPANY="" ROLE="" APPLICATION_ID="" JOB_URL="" CHAT_ID="12345"
[2026-08-10T06:46:05.092Z] PID=17256 SOURCE=followup.scheduler/checkPendingFollowups TYPE=APPLICATION_FOLLOWUP COMPANY="Intel Company" ROLE="Full Stack Engineer" APPLICATION_ID="intel_test_123" JOB_URL="https://www.naukri.com/job-listings-old-99" CHAT_ID="642578356"
[2026-08-10T06:48:27.291Z] PID=19468 SOURCE=followup.scheduler/checkPendingFollowups TYPE=APPLICATION_FOLLOWUP COMPANY="Hotfix Tech" ROLE="MERN Developer" APPLICATION_ID="flw_test_123" JOB_URL="https://www.naukri.com/job-listings-flw-test-123" CHAT_ID="642578356"
[2026-08-10T06:48:27.399Z] PID=19468 SOURCE=followup.scheduler/checkPendingFollowups TYPE=APPLICATION_FOLLOWUP COMPANY="Hotfix Tech" ROLE="MERN Developer" APPLICATION_ID="flw_test_123" JOB_URL="https://www.naukri.com/job-listings-flw-test-123" CHAT_ID="642578356"
[2026-08-10T06:48:27.426Z] PID=19468 SOURCE=followup.scheduler/checkPendingFollowups TYPE=APPLICATION_FOLLOWUP COMPANY="Hotfix Tech" ROLE="MERN Developer" APPLICATION_ID="flw_test_123" JOB_URL="https://www.naukri.com/job-listings-flw-test-123" CHAT_ID="642578356"
[2026-08-10T06:48:27.457Z] PID=19468 SOURCE=followup.scheduler/checkPendingFollowups TYPE=APPLICATION_FOLLOWUP COMPANY="Hotfix Tech" ROLE="MERN Developer" APPLICATION_ID="flw_test_123" JOB_URL="https://www.naukri.com/job-listings-flw-test-123" CHAT_ID="642578356"
[2026-08-10T06:48:27.602Z] PID=19468 SOURCE=dispatchTelegramMessage TYPE=MESSAGE COMPANY="" ROLE="" APPLICATION_ID="" JOB_URL="" CHAT_ID="12345"
[2026-08-10T06:48:28.870Z] PID=19468 SOURCE=followup.scheduler/checkPendingFollowups TYPE=APPLICATION_FOLLOWUP COMPANY="Intel Company" ROLE="Full Stack Engineer" APPLICATION_ID="intel_test_123" JOB_URL="https://www.naukri.com/job-listings-old-99" CHAT_ID="642578356"
[2026-08-10T06:49:03.859Z] PID=21972 SOURCE=followup.scheduler/checkPendingFollowups TYPE=APPLICATION_FOLLOWUP COMPANY="Hotfix Tech" ROLE="MERN Developer" APPLICATION_ID="flw_test_123" JOB_URL="https://www.naukri.com/job-listings-flw-test-123" CHAT_ID="642578356"
[2026-08-10T06:49:03.968Z] PID=21972 SOURCE=followup.scheduler/checkPendingFollowups TYPE=APPLICATION_FOLLOWUP COMPANY="Hotfix Tech" ROLE="MERN Developer" APPLICATION_ID="flw_test_123" JOB_URL="https://www.naukri.com/job-listings-flw-test-123" CHAT_ID="642578356"
[2026-08-10T06:49:03.999Z] PID=21972 SOURCE=followup.scheduler/checkPendingFollowups TYPE=APPLICATION_FOLLOWUP COMPANY="Hotfix Tech" ROLE="MERN Developer" APPLICATION_ID="flw_test_123" JOB_URL="https://www.naukri.com/job-listings-flw-test-123" CHAT_ID="642578356"
[2026-08-10T06:49:04.030Z] PID=21972 SOURCE=followup.scheduler/checkPendingFollowups TYPE=APPLICATION_FOLLOWUP COMPANY="Hotfix Tech" ROLE="MERN Developer" APPLICATION_ID="flw_test_123" JOB_URL="https://www.naukri.com/job-listings-flw-test-123" CHAT_ID="642578356"
[2026-08-10T06:49:04.166Z] PID=21972 SOURCE=dispatchTelegramMessage TYPE=MESSAGE COMPANY="" ROLE="" APPLICATION_ID="" JOB_URL="" CHAT_ID="12345"
[2026-08-10T06:49:05.429Z] PID=21972 SOURCE=followup.scheduler/checkPendingFollowups TYPE=APPLICATION_FOLLOWUP COMPANY="Intel Company" ROLE="Full Stack Engineer" APPLICATION_ID="intel_test_123" JOB_URL="https://www.naukri.com/job-listings-old-99" CHAT_ID="642578356"
[2026-08-10T06:49:38.720Z] PID=16860 SOURCE=followup.scheduler/checkPendingFollowups TYPE=APPLICATION_FOLLOWUP COMPANY="Hotfix Tech" ROLE="MERN Developer" APPLICATION_ID="flw_test_123" JOB_URL="https://www.naukri.com/job-listings-flw-test-123" CHAT_ID="642578356"
[2026-08-10T06:49:38.838Z] PID=16860 SOURCE=followup.scheduler/checkPendingFollowups TYPE=APPLICATION_FOLLOWUP COMPANY="Hotfix Tech" ROLE="MERN Developer" APPLICATION_ID="flw_test_123" JOB_URL="https://www.naukri.com/job-listings-flw-test-123" CHAT_ID="642578356"
[2026-08-10T06:49:38.865Z] PID=16860 SOURCE=followup.scheduler/checkPendingFollowups TYPE=APPLICATION_FOLLOWUP COMPANY="Hotfix Tech" ROLE="MERN Developer" APPLICATION_ID="flw_test_123" JOB_URL="https://www.naukri.com/job-listings-flw-test-123" CHAT_ID="642578356"
[2026-08-10T06:49:38.892Z] PID=16860 SOURCE=followup.scheduler/checkPendingFollowups TYPE=APPLICATION_FOLLOWUP COMPANY="Hotfix Tech" ROLE="MERN Developer" APPLICATION_ID="flw_test_123" JOB_URL="https://www.naukri.com/job-listings-flw-test-123" CHAT_ID="642578356"
[2026-08-10T06:49:39.033Z] PID=16860 SOURCE=dispatchTelegramMessage TYPE=MESSAGE COMPANY="" ROLE="" APPLICATION_ID="" JOB_URL="" CHAT_ID="12345"
[2026-08-10T06:49:40.305Z] PID=16860 SOURCE=followup.scheduler/checkPendingFollowups TYPE=APPLICATION_FOLLOWUP COMPANY="Intel Company" ROLE="Full Stack Engineer" APPLICATION_ID="intel_test_123" JOB_URL="https://www.naukri.com/job-listings-old-99" CHAT_ID="642578356"
[2026-08-10T06:50:00.478Z] PID=32628 SOURCE=followup.scheduler/checkPendingFollowups TYPE=APPLICATION_FOLLOWUP COMPANY="Hotfix Tech" ROLE="MERN Developer" APPLICATION_ID="flw_test_123" JOB_URL="https://www.naukri.com/job-listings-flw-test-123" CHAT_ID="642578356"
[2026-08-10T06:50:00.601Z] PID=32628 SOURCE=followup.scheduler/checkPendingFollowups TYPE=APPLICATION_FOLLOWUP COMPANY="Hotfix Tech" ROLE="MERN Developer" APPLICATION_ID="flw_test_123" JOB_URL="https://www.naukri.com/job-listings-flw-test-123" CHAT_ID="642578356"
[2026-08-10T06:50:00.633Z] PID=32628 SOURCE=followup.scheduler/checkPendingFollowups TYPE=APPLICATION_FOLLOWUP COMPANY="Hotfix Tech" ROLE="MERN Developer" APPLICATION_ID="flw_test_123" JOB_URL="https://www.naukri.com/job-listings-flw-test-123" CHAT_ID="642578356"
[2026-08-10T06:50:00.660Z] PID=32628 SOURCE=followup.scheduler/checkPendingFollowups TYPE=APPLICATION_FOLLOWUP COMPANY="Hotfix Tech" ROLE="MERN Developer" APPLICATION_ID="flw_test_123" JOB_URL="https://www.naukri.com/job-listings-flw-test-123" CHAT_ID="642578356"
[2026-08-10T06:50:00.801Z] PID=32628 SOURCE=dispatchTelegramMessage TYPE=MESSAGE COMPANY="" ROLE="" APPLICATION_ID="" JOB_URL="" CHAT_ID="12345"
[2026-08-10T06:50:02.057Z] PID=32628 SOURCE=followup.scheduler/checkPendingFollowups TYPE=APPLICATION_FOLLOWUP COMPANY="Intel Company" ROLE="Full Stack Engineer" APPLICATION_ID="intel_test_123" JOB_URL="https://www.naukri.com/job-listings-old-99" CHAT_ID="642578356"
[2026-08-10T06:54:04.944Z] PID=19700 SOURCE=followup.scheduler/checkPendingFollowups TYPE=APPLICATION_FOLLOWUP COMPANY="Hotfix Tech" ROLE="MERN Developer" APPLICATION_ID="flw_test_123" JOB_URL="https://www.naukri.com/job-listings-flw-test-123" CHAT_ID="642578356"
[2026-08-10T06:54:05.054Z] PID=19700 SOURCE=followup.scheduler/checkPendingFollowups TYPE=APPLICATION_FOLLOWUP COMPANY="Hotfix Tech" ROLE="MERN Developer" APPLICATION_ID="flw_test_123" JOB_URL="https://www.naukri.com/job-listings-flw-test-123" CHAT_ID="642578356"
[2026-08-10T06:54:05.085Z] PID=19700 SOURCE=followup.scheduler/checkPendingFollowups TYPE=APPLICATION_FOLLOWUP COMPANY="Hotfix Tech" ROLE="MERN Developer" APPLICATION_ID="flw_test_123" JOB_URL="https://www.naukri.com/job-listings-flw-test-123" CHAT_ID="642578356"
[2026-08-10T06:54:05.114Z] PID=19700 SOURCE=followup.scheduler/checkPendingFollowups TYPE=APPLICATION_FOLLOWUP COMPANY="Hotfix Tech" ROLE="MERN Developer" APPLICATION_ID="flw_test_123" JOB_URL="https://www.naukri.com/job-listings-flw-test-123" CHAT_ID="642578356"
[2026-08-10T06:54:05.253Z] PID=19700 SOURCE=dispatchTelegramMessage TYPE=MESSAGE COMPANY="" ROLE="" APPLICATION_ID="" JOB_URL="" CHAT_ID="12345"
[2026-08-10T06:54:06.488Z] PID=19700 SOURCE=followup.scheduler/checkPendingFollowups TYPE=APPLICATION_FOLLOWUP COMPANY="Intel Company" ROLE="Full Stack Engineer" APPLICATION_ID="intel_test_123" JOB_URL="https://www.naukri.com/job-listings-old-99" CHAT_ID="642578356"
[2026-08-10T06:54:24.491Z] PID=30184 SOURCE=followup.scheduler/checkPendingFollowups TYPE=APPLICATION_FOLLOWUP COMPANY="Hotfix Tech" ROLE="MERN Developer" APPLICATION_ID="flw_test_123" JOB_URL="https://www.naukri.com/job-listings-flw-test-123" CHAT_ID="642578356"
[2026-08-10T06:54:24.610Z] PID=30184 SOURCE=followup.scheduler/checkPendingFollowups TYPE=APPLICATION_FOLLOWUP COMPANY="Hotfix Tech" ROLE="MERN Developer" APPLICATION_ID="flw_test_123" JOB_URL="https://www.naukri.com/job-listings-flw-test-123" CHAT_ID="642578356"
[2026-08-10T06:54:24.654Z] PID=30184 SOURCE=followup.scheduler/checkPendingFollowups TYPE=APPLICATION_FOLLOWUP COMPANY="Hotfix Tech" ROLE="MERN Developer" APPLICATION_ID="flw_test_123" JOB_URL="https://www.naukri.com/job-listings-flw-test-123" CHAT_ID="642578356"
[2026-08-10T06:54:24.684Z] PID=30184 SOURCE=followup.scheduler/checkPendingFollowups TYPE=APPLICATION_FOLLOWUP COMPANY="Hotfix Tech" ROLE="MERN Developer" APPLICATION_ID="flw_test_123" JOB_URL="https://www.naukri.com/job-listings-flw-test-123" CHAT_ID="642578356"
[2026-08-10T06:54:24.818Z] PID=30184 SOURCE=dispatchTelegramMessage TYPE=MESSAGE COMPANY="" ROLE="" APPLICATION_ID="" JOB_URL="" CHAT_ID="12345"
[2026-08-10T06:54:26.638Z] PID=30184 SOURCE=followup.scheduler/checkPendingFollowups TYPE=APPLICATION_FOLLOWUP COMPANY="Intel Company" ROLE="Full Stack Engineer" APPLICATION_ID="intel_test_123" JOB_URL="https://www.naukri.com/job-listings-old-99" CHAT_ID="642578356"
[2026-08-10T06:54:42.141Z] PID=11108 SOURCE=followup.scheduler/checkPendingFollowups TYPE=APPLICATION_FOLLOWUP COMPANY="Hotfix Tech" ROLE="MERN Developer" APPLICATION_ID="flw_test_123" JOB_URL="https://www.naukri.com/job-listings-flw-test-123" CHAT_ID="642578356"
[2026-08-10T06:54:42.261Z] PID=11108 SOURCE=followup.scheduler/checkPendingFollowups TYPE=APPLICATION_FOLLOWUP COMPANY="Hotfix Tech" ROLE="MERN Developer" APPLICATION_ID="flw_test_123" JOB_URL="https://www.naukri.com/job-listings-flw-test-123" CHAT_ID="642578356"
[2026-08-10T06:54:42.293Z] PID=11108 SOURCE=followup.scheduler/checkPendingFollowups TYPE=APPLICATION_FOLLOWUP COMPANY="Hotfix Tech" ROLE="MERN Developer" APPLICATION_ID="flw_test_123" JOB_URL="https://www.naukri.com/job-listings-flw-test-123" CHAT_ID="642578356"
[2026-08-10T06:54:42.321Z] PID=11108 SOURCE=followup.scheduler/checkPendingFollowups TYPE=APPLICATION_FOLLOWUP COMPANY="Hotfix Tech" ROLE="MERN Developer" APPLICATION_ID="flw_test_123" JOB_URL="https://www.naukri.com/job-listings-flw-test-123" CHAT_ID="642578356"
[2026-08-10T06:54:42.456Z] PID=11108 SOURCE=dispatchTelegramMessage TYPE=MESSAGE COMPANY="" ROLE="" APPLICATION_ID="" JOB_URL="" CHAT_ID="12345"
[2026-08-10T06:54:43.683Z] PID=11108 SOURCE=followup.scheduler/checkPendingFollowups TYPE=APPLICATION_FOLLOWUP COMPANY="Intel Company" ROLE="Full Stack Engineer" APPLICATION_ID="intel_test_123" JOB_URL="https://www.naukri.com/job-listings-old-99" CHAT_ID="642578356"
[2026-08-10T06:56:19.989Z] PID=18660 SOURCE=career-decision.scheduler TYPE=CAREER_DECISION_DIGEST COMPANY="" ROLE="" APPLICATION_ID="" JOB_URL="" CHAT_ID="642578356"
[2026-08-10T06:57:26.447Z] PID=16776 SOURCE=followup.scheduler/checkPendingFollowups TYPE=APPLICATION_FOLLOWUP COMPANY="Hotfix Tech" ROLE="MERN Developer" APPLICATION_ID="flw_test_123" JOB_URL="https://www.naukri.com/job-listings-flw-test-123" CHAT_ID="642578356"
[2026-08-10T06:57:26.564Z] PID=16776 SOURCE=followup.scheduler/checkPendingFollowups TYPE=APPLICATION_FOLLOWUP COMPANY="Hotfix Tech" ROLE="MERN Developer" APPLICATION_ID="flw_test_123" JOB_URL="https://www.naukri.com/job-listings-flw-test-123" CHAT_ID="642578356"
[2026-08-10T06:57:26.593Z] PID=16776 SOURCE=followup.scheduler/checkPendingFollowups TYPE=APPLICATION_FOLLOWUP COMPANY="Hotfix Tech" ROLE="MERN Developer" APPLICATION_ID="flw_test_123" JOB_URL="https://www.naukri.com/job-listings-flw-test-123" CHAT_ID="642578356"
[2026-08-10T06:57:26.621Z] PID=16776 SOURCE=followup.scheduler/checkPendingFollowups TYPE=APPLICATION_FOLLOWUP COMPANY="Hotfix Tech" ROLE="MERN Developer" APPLICATION_ID="flw_test_123" JOB_URL="https://www.naukri.com/job-listings-flw-test-123" CHAT_ID="642578356"
[2026-08-10T06:57:26.758Z] PID=16776 SOURCE=dispatchTelegramMessage TYPE=MESSAGE COMPANY="" ROLE="" APPLICATION_ID="" JOB_URL="" CHAT_ID="12345"
[2026-08-10T06:57:28.988Z] PID=16776 SOURCE=followup.scheduler/checkPendingFollowups TYPE=APPLICATION_FOLLOWUP COMPANY="Intel Company" ROLE="Full Stack Engineer" APPLICATION_ID="intel_test_123" JOB_URL="https://www.naukri.com/job-listings-old-99" CHAT_ID="642578356"
[2026-08-10T07:00:38.805Z] PID=17060 SOURCE=followup.scheduler/checkPendingFollowups TYPE=APPLICATION_FOLLOWUP COMPANY="Hotfix Tech" ROLE="MERN Developer" APPLICATION_ID="flw_test_123" JOB_URL="https://www.naukri.com/job-listings-flw-test-123" CHAT_ID="642578356"
[2026-08-10T07:00:38.913Z] PID=17060 SOURCE=followup.scheduler/checkPendingFollowups TYPE=APPLICATION_FOLLOWUP COMPANY="Hotfix Tech" ROLE="MERN Developer" APPLICATION_ID="flw_test_123" JOB_URL="https://www.naukri.com/job-listings-flw-test-123" CHAT_ID="642578356"
[2026-08-10T07:00:38.946Z] PID=17060 SOURCE=followup.scheduler/checkPendingFollowups TYPE=APPLICATION_FOLLOWUP COMPANY="Hotfix Tech" ROLE="MERN Developer" APPLICATION_ID="flw_test_123" JOB_URL="https://www.naukri.com/job-listings-flw-test-123" CHAT_ID="642578356"
[2026-08-10T07:00:38.972Z] PID=17060 SOURCE=followup.scheduler/checkPendingFollowups TYPE=APPLICATION_FOLLOWUP COMPANY="Hotfix Tech" ROLE="MERN Developer" APPLICATION_ID="flw_test_123" JOB_URL="https://www.naukri.com/job-listings-flw-test-123" CHAT_ID="642578356"
[2026-08-10T07:00:39.100Z] PID=17060 SOURCE=dispatchTelegramMessage TYPE=MESSAGE COMPANY="" ROLE="" APPLICATION_ID="" JOB_URL="" CHAT_ID="12345"
[2026-08-10T07:00:40.884Z] PID=17060 SOURCE=followup.scheduler/checkPendingFollowups TYPE=APPLICATION_FOLLOWUP COMPANY="Intel Company" ROLE="Full Stack Engineer" APPLICATION_ID="intel_test_123" JOB_URL="https://www.naukri.com/job-listings-old-99" CHAT_ID="642578356"
[2026-08-10T07:01:06.476Z] PID=9072 SOURCE=followup.scheduler/checkPendingFollowups TYPE=APPLICATION_FOLLOWUP COMPANY="Hotfix Tech" ROLE="MERN Developer" APPLICATION_ID="flw_test_123" JOB_URL="https://www.naukri.com/job-listings-flw-test-123" CHAT_ID="642578356"
[2026-08-10T07:01:06.585Z] PID=9072 SOURCE=followup.scheduler/checkPendingFollowups TYPE=APPLICATION_FOLLOWUP COMPANY="Hotfix Tech" ROLE="MERN Developer" APPLICATION_ID="flw_test_123" JOB_URL="https://www.naukri.com/job-listings-flw-test-123" CHAT_ID="642578356"
[2026-08-10T07:01:06.620Z] PID=9072 SOURCE=followup.scheduler/checkPendingFollowups TYPE=APPLICATION_FOLLOWUP COMPANY="Hotfix Tech" ROLE="MERN Developer" APPLICATION_ID="flw_test_123" JOB_URL="https://www.naukri.com/job-listings-flw-test-123" CHAT_ID="642578356"
[2026-08-10T07:01:06.658Z] PID=9072 SOURCE=followup.scheduler/checkPendingFollowups TYPE=APPLICATION_FOLLOWUP COMPANY="Hotfix Tech" ROLE="MERN Developer" APPLICATION_ID="flw_test_123" JOB_URL="https://www.naukri.com/job-listings-flw-test-123" CHAT_ID="642578356"
[2026-08-10T07:01:06.790Z] PID=9072 SOURCE=dispatchTelegramMessage TYPE=MESSAGE COMPANY="" ROLE="" APPLICATION_ID="" JOB_URL="" CHAT_ID="12345"
[2026-08-10T07:01:08.404Z] PID=9072 SOURCE=followup.scheduler/checkPendingFollowups TYPE=APPLICATION_FOLLOWUP COMPANY="Intel Company" ROLE="Full Stack Engineer" APPLICATION_ID="intel_test_123" JOB_URL="https://www.naukri.com/job-listings-old-99" CHAT_ID="642578356"
[2026-08-10T07:01:32.343Z] PID=4600 SOURCE=followup.scheduler/checkPendingFollowups TYPE=APPLICATION_FOLLOWUP COMPANY="Hotfix Tech" ROLE="MERN Developer" APPLICATION_ID="flw_test_123" JOB_URL="https://www.naukri.com/job-listings-flw-test-123" CHAT_ID="642578356"
[2026-08-10T07:01:32.456Z] PID=4600 SOURCE=followup.scheduler/checkPendingFollowups TYPE=APPLICATION_FOLLOWUP COMPANY="Hotfix Tech" ROLE="MERN Developer" APPLICATION_ID="flw_test_123" JOB_URL="https://www.naukri.com/job-listings-flw-test-123" CHAT_ID="642578356"
[2026-08-10T07:01:32.483Z] PID=4600 SOURCE=followup.scheduler/checkPendingFollowups TYPE=APPLICATION_FOLLOWUP COMPANY="Hotfix Tech" ROLE="MERN Developer" APPLICATION_ID="flw_test_123" JOB_URL="https://www.naukri.com/job-listings-flw-test-123" CHAT_ID="642578356"
[2026-08-10T07:01:32.515Z] PID=4600 SOURCE=followup.scheduler/checkPendingFollowups TYPE=APPLICATION_FOLLOWUP COMPANY="Hotfix Tech" ROLE="MERN Developer" APPLICATION_ID="flw_test_123" JOB_URL="https://www.naukri.com/job-listings-flw-test-123" CHAT_ID="642578356"
[2026-08-10T07:01:32.652Z] PID=4600 SOURCE=dispatchTelegramMessage TYPE=MESSAGE COMPANY="" ROLE="" APPLICATION_ID="" JOB_URL="" CHAT_ID="12345"
[2026-08-10T07:01:34.412Z] PID=4600 SOURCE=followup.scheduler/checkPendingFollowups TYPE=APPLICATION_FOLLOWUP COMPANY="Intel Company" ROLE="Full Stack Engineer" APPLICATION_ID="intel_test_123" JOB_URL="https://www.naukri.com/job-listings-old-99" CHAT_ID="642578356"
[2026-08-10T07:01:51.695Z] PID=19672 SOURCE=followup.scheduler/checkPendingFollowups TYPE=APPLICATION_FOLLOWUP COMPANY="Hotfix Tech" ROLE="MERN Developer" APPLICATION_ID="flw_test_123" JOB_URL="https://www.naukri.com/job-listings-flw-test-123" CHAT_ID="642578356"
[2026-08-10T07:01:51.807Z] PID=19672 SOURCE=followup.scheduler/checkPendingFollowups TYPE=APPLICATION_FOLLOWUP COMPANY="Hotfix Tech" ROLE="MERN Developer" APPLICATION_ID="flw_test_123" JOB_URL="https://www.naukri.com/job-listings-flw-test-123" CHAT_ID="642578356"
[2026-08-10T07:01:51.836Z] PID=19672 SOURCE=followup.scheduler/checkPendingFollowups TYPE=APPLICATION_FOLLOWUP COMPANY="Hotfix Tech" ROLE="MERN Developer" APPLICATION_ID="flw_test_123" JOB_URL="https://www.naukri.com/job-listings-flw-test-123" CHAT_ID="642578356"
[2026-08-10T07:01:51.866Z] PID=19672 SOURCE=followup.scheduler/checkPendingFollowups TYPE=APPLICATION_FOLLOWUP COMPANY="Hotfix Tech" ROLE="MERN Developer" APPLICATION_ID="flw_test_123" JOB_URL="https://www.naukri.com/job-listings-flw-test-123" CHAT_ID="642578356"
[2026-08-10T07:01:52.009Z] PID=19672 SOURCE=dispatchTelegramMessage TYPE=MESSAGE COMPANY="" ROLE="" APPLICATION_ID="" JOB_URL="" CHAT_ID="12345"
[2026-08-10T07:01:53.270Z] PID=19672 SOURCE=followup.scheduler/checkPendingFollowups TYPE=APPLICATION_FOLLOWUP COMPANY="Intel Company" ROLE="Full Stack Engineer" APPLICATION_ID="intel_test_123" JOB_URL="https://www.naukri.com/job-listings-old-99" CHAT_ID="642578356"
[2026-08-10T07:02:10.751Z] PID=21776 SOURCE=followup.scheduler/checkPendingFollowups TYPE=APPLICATION_FOLLOWUP COMPANY="Hotfix Tech" ROLE="MERN Developer" APPLICATION_ID="flw_test_123" JOB_URL="https://www.naukri.com/job-listings-flw-test-123" CHAT_ID="642578356"
[2026-08-10T07:02:10.864Z] PID=21776 SOURCE=followup.scheduler/checkPendingFollowups TYPE=APPLICATION_FOLLOWUP COMPANY="Hotfix Tech" ROLE="MERN Developer" APPLICATION_ID="flw_test_123" JOB_URL="https://www.naukri.com/job-listings-flw-test-123" CHAT_ID="642578356"
[2026-08-10T07:02:10.913Z] PID=21776 SOURCE=followup.scheduler/checkPendingFollowups TYPE=APPLICATION_FOLLOWUP COMPANY="Hotfix Tech" ROLE="MERN Developer" APPLICATION_ID="flw_test_123" JOB_URL="https://www.naukri.com/job-listings-flw-test-123" CHAT_ID="642578356"
[2026-08-10T07:02:10.944Z] PID=21776 SOURCE=followup.scheduler/checkPendingFollowups TYPE=APPLICATION_FOLLOWUP COMPANY="Hotfix Tech" ROLE="MERN Developer" APPLICATION_ID="flw_test_123" JOB_URL="https://www.naukri.com/job-listings-flw-test-123" CHAT_ID="642578356"
[2026-08-10T07:02:11.085Z] PID=21776 SOURCE=dispatchTelegramMessage TYPE=MESSAGE COMPANY="" ROLE="" APPLICATION_ID="" JOB_URL="" CHAT_ID="12345"
[2026-08-10T07:02:12.327Z] PID=21776 SOURCE=followup.scheduler/checkPendingFollowups TYPE=APPLICATION_FOLLOWUP COMPANY="Intel Company" ROLE="Full Stack Engineer" APPLICATION_ID="intel_test_123" JOB_URL="https://www.naukri.com/job-listings-old-99" CHAT_ID="642578356"
[2026-08-10T07:06:08.164Z] PID=21812 SOURCE=followup.scheduler/checkPendingFollowups TYPE=APPLICATION_FOLLOWUP COMPANY="Hotfix Tech" ROLE="MERN Developer" APPLICATION_ID="flw_test_123" JOB_URL="https://www.naukri.com/job-listings-flw-test-123" CHAT_ID="642578356"
[2026-08-10T07:06:08.282Z] PID=21812 SOURCE=followup.scheduler/checkPendingFollowups TYPE=APPLICATION_FOLLOWUP COMPANY="Hotfix Tech" ROLE="MERN Developer" APPLICATION_ID="flw_test_123" JOB_URL="https://www.naukri.com/job-listings-flw-test-123" CHAT_ID="642578356"
[2026-08-10T07:06:08.310Z] PID=21812 SOURCE=followup.scheduler/checkPendingFollowups TYPE=APPLICATION_FOLLOWUP COMPANY="Hotfix Tech" ROLE="MERN Developer" APPLICATION_ID="flw_test_123" JOB_URL="https://www.naukri.com/job-listings-flw-test-123" CHAT_ID="642578356"
[2026-08-10T07:06:08.342Z] PID=21812 SOURCE=followup.scheduler/checkPendingFollowups TYPE=APPLICATION_FOLLOWUP COMPANY="Hotfix Tech" ROLE="MERN Developer" APPLICATION_ID="flw_test_123" JOB_URL="https://www.naukri.com/job-listings-flw-test-123" CHAT_ID="642578356"
[2026-08-10T07:06:08.476Z] PID=21812 SOURCE=dispatchTelegramMessage TYPE=MESSAGE COMPANY="" ROLE="" APPLICATION_ID="" JOB_URL="" CHAT_ID="12345"
[2026-08-10T07:06:10.366Z] PID=21812 SOURCE=followup.scheduler/checkPendingFollowups TYPE=APPLICATION_FOLLOWUP COMPANY="Intel Company" ROLE="Full Stack Engineer" APPLICATION_ID="intel_test_123" JOB_URL="https://www.naukri.com/job-listings-old-99" CHAT_ID="642578356"
[2026-08-10T07:08:26.364Z] PID=27384 SOURCE=followup.scheduler/checkPendingFollowups TYPE=APPLICATION_FOLLOWUP COMPANY="Hotfix Tech" ROLE="MERN Developer" APPLICATION_ID="flw_test_123" JOB_URL="https://www.naukri.com/job-listings-flw-test-123" CHAT_ID="642578356"
[2026-08-10T07:08:26.468Z] PID=27384 SOURCE=followup.scheduler/checkPendingFollowups TYPE=APPLICATION_FOLLOWUP COMPANY="Hotfix Tech" ROLE="MERN Developer" APPLICATION_ID="flw_test_123" JOB_URL="https://www.naukri.com/job-listings-flw-test-123" CHAT_ID="642578356"
[2026-08-10T07:08:26.496Z] PID=27384 SOURCE=followup.scheduler/checkPendingFollowups TYPE=APPLICATION_FOLLOWUP COMPANY="Hotfix Tech" ROLE="MERN Developer" APPLICATION_ID="flw_test_123" JOB_URL="https://www.naukri.com/job-listings-flw-test-123" CHAT_ID="642578356"
[2026-08-10T07:08:26.528Z] PID=27384 SOURCE=followup.scheduler/checkPendingFollowups TYPE=APPLICATION_FOLLOWUP COMPANY="Hotfix Tech" ROLE="MERN Developer" APPLICATION_ID="flw_test_123" JOB_URL="https://www.naukri.com/job-listings-flw-test-123" CHAT_ID="642578356"
[2026-08-10T07:08:26.667Z] PID=27384 SOURCE=dispatchTelegramMessage TYPE=MESSAGE COMPANY="" ROLE="" APPLICATION_ID="" JOB_URL="" CHAT_ID="12345"
[2026-08-10T07:08:28.363Z] PID=27384 SOURCE=followup.scheduler/checkPendingFollowups TYPE=APPLICATION_FOLLOWUP COMPANY="Intel Company" ROLE="Full Stack Engineer" APPLICATION_ID="intel_test_123" JOB_URL="https://www.naukri.com/job-listings-old-99" CHAT_ID="642578356"
[2026-08-10T07:08:47.496Z] PID=11900 SOURCE=followup.scheduler/checkPendingFollowups TYPE=APPLICATION_FOLLOWUP COMPANY="Hotfix Tech" ROLE="MERN Developer" APPLICATION_ID="flw_test_123" JOB_URL="https://www.naukri.com/job-listings-flw-test-123" CHAT_ID="642578356"
[2026-08-10T07:08:47.620Z] PID=11900 SOURCE=followup.scheduler/checkPendingFollowups TYPE=APPLICATION_FOLLOWUP COMPANY="Hotfix Tech" ROLE="MERN Developer" APPLICATION_ID="flw_test_123" JOB_URL="https://www.naukri.com/job-listings-flw-test-123" CHAT_ID="642578356"
[2026-08-10T07:08:47.658Z] PID=11900 SOURCE=followup.scheduler/checkPendingFollowups TYPE=APPLICATION_FOLLOWUP COMPANY="Hotfix Tech" ROLE="MERN Developer" APPLICATION_ID="flw_test_123" JOB_URL="https://www.naukri.com/job-listings-flw-test-123" CHAT_ID="642578356"
[2026-08-10T07:08:47.686Z] PID=11900 SOURCE=followup.scheduler/checkPendingFollowups TYPE=APPLICATION_FOLLOWUP COMPANY="Hotfix Tech" ROLE="MERN Developer" APPLICATION_ID="flw_test_123" JOB_URL="https://www.naukri.com/job-listings-flw-test-123" CHAT_ID="642578356"
[2026-08-10T07:08:47.820Z] PID=11900 SOURCE=dispatchTelegramMessage TYPE=MESSAGE COMPANY="" ROLE="" APPLICATION_ID="" JOB_URL="" CHAT_ID="12345"
[2026-08-10T07:08:49.058Z] PID=11900 SOURCE=followup.scheduler/checkPendingFollowups TYPE=APPLICATION_FOLLOWUP COMPANY="Intel Company" ROLE="Full Stack Engineer" APPLICATION_ID="intel_test_123" JOB_URL="https://www.naukri.com/job-listings-old-99" CHAT_ID="642578356"
[2026-08-10T07:10:35.219Z] PID=25064 SOURCE=followup.scheduler/checkPendingFollowups TYPE=APPLICATION_FOLLOWUP COMPANY="Hotfix Tech" ROLE="MERN Developer" APPLICATION_ID="flw_test_123" JOB_URL="https://www.naukri.com/job-listings-flw-test-123" CHAT_ID="642578356"
[2026-08-10T07:10:35.339Z] PID=25064 SOURCE=followup.scheduler/checkPendingFollowups TYPE=APPLICATION_FOLLOWUP COMPANY="Hotfix Tech" ROLE="MERN Developer" APPLICATION_ID="flw_test_123" JOB_URL="https://www.naukri.com/job-listings-flw-test-123" CHAT_ID="642578356"
[2026-08-10T07:10:35.367Z] PID=25064 SOURCE=followup.scheduler/checkPendingFollowups TYPE=APPLICATION_FOLLOWUP COMPANY="Hotfix Tech" ROLE="MERN Developer" APPLICATION_ID="flw_test_123" JOB_URL="https://www.naukri.com/job-listings-flw-test-123" CHAT_ID="642578356"
[2026-08-10T07:10:35.397Z] PID=25064 SOURCE=followup.scheduler/checkPendingFollowups TYPE=APPLICATION_FOLLOWUP COMPANY="Hotfix Tech" ROLE="MERN Developer" APPLICATION_ID="flw_test_123" JOB_URL="https://www.naukri.com/job-listings-flw-test-123" CHAT_ID="642578356"
[2026-08-10T07:10:35.529Z] PID=25064 SOURCE=dispatchTelegramMessage TYPE=MESSAGE COMPANY="" ROLE="" APPLICATION_ID="" JOB_URL="" CHAT_ID="12345"
[2026-08-10T07:10:37.313Z] PID=25064 SOURCE=followup.scheduler/checkPendingFollowups TYPE=APPLICATION_FOLLOWUP COMPANY="Intel Company" ROLE="Full Stack Engineer" APPLICATION_ID="intel_test_123" JOB_URL="https://www.naukri.com/job-listings-old-99" CHAT_ID="642578356"
[2026-08-10T07:15:28.905Z] PID=3820 SOURCE=followup.scheduler/checkPendingFollowups TYPE=APPLICATION_FOLLOWUP COMPANY="Hotfix Tech" ROLE="MERN Developer" APPLICATION_ID="flw_test_123" JOB_URL="https://www.naukri.com/job-listings-flw-test-123" CHAT_ID="642578356"
[2026-08-10T07:15:29.030Z] PID=3820 SOURCE=followup.scheduler/checkPendingFollowups TYPE=APPLICATION_FOLLOWUP COMPANY="Hotfix Tech" ROLE="MERN Developer" APPLICATION_ID="flw_test_123" JOB_URL="https://www.naukri.com/job-listings-flw-test-123" CHAT_ID="642578356"
[2026-08-10T07:15:29.074Z] PID=3820 SOURCE=followup.scheduler/checkPendingFollowups TYPE=APPLICATION_FOLLOWUP COMPANY="Hotfix Tech" ROLE="MERN Developer" APPLICATION_ID="flw_test_123" JOB_URL="https://www.naukri.com/job-listings-flw-test-123" CHAT_ID="642578356"
[2026-08-10T07:15:29.104Z] PID=3820 SOURCE=followup.scheduler/checkPendingFollowups TYPE=APPLICATION_FOLLOWUP COMPANY="Hotfix Tech" ROLE="MERN Developer" APPLICATION_ID="flw_test_123" JOB_URL="https://www.naukri.com/job-listings-flw-test-123" CHAT_ID="642578356"
[2026-08-10T07:15:29.263Z] PID=3820 SOURCE=dispatchTelegramMessage TYPE=MESSAGE COMPANY="" ROLE="" APPLICATION_ID="" JOB_URL="" CHAT_ID="12345"
[2026-08-10T07:15:31.394Z] PID=3820 SOURCE=followup.scheduler/checkPendingFollowups TYPE=APPLICATION_FOLLOWUP COMPANY="Intel Company" ROLE="Full Stack Engineer" APPLICATION_ID="intel_test_123" JOB_URL="https://www.naukri.com/job-listings-old-99" CHAT_ID="642578356"
[2026-08-10T07:15:56.149Z] PID=30516 SOURCE=followup.scheduler/checkPendingFollowups TYPE=APPLICATION_FOLLOWUP COMPANY="Hotfix Tech" ROLE="MERN Developer" APPLICATION_ID="flw_test_123" JOB_URL="https://www.naukri.com/job-listings-flw-test-123" CHAT_ID="642578356"
[2026-08-10T07:15:56.266Z] PID=30516 SOURCE=followup.scheduler/checkPendingFollowups TYPE=APPLICATION_FOLLOWUP COMPANY="Hotfix Tech" ROLE="MERN Developer" APPLICATION_ID="flw_test_123" JOB_URL="https://www.naukri.com/job-listings-flw-test-123" CHAT_ID="642578356"
[2026-08-10T07:15:56.296Z] PID=30516 SOURCE=followup.scheduler/checkPendingFollowups TYPE=APPLICATION_FOLLOWUP COMPANY="Hotfix Tech" ROLE="MERN Developer" APPLICATION_ID="flw_test_123" JOB_URL="https://www.naukri.com/job-listings-flw-test-123" CHAT_ID="642578356"
[2026-08-10T07:15:56.323Z] PID=30516 SOURCE=followup.scheduler/checkPendingFollowups TYPE=APPLICATION_FOLLOWUP COMPANY="Hotfix Tech" ROLE="MERN Developer" APPLICATION_ID="flw_test_123" JOB_URL="https://www.naukri.com/job-listings-flw-test-123" CHAT_ID="642578356"
[2026-08-10T07:15:56.448Z] PID=30516 SOURCE=dispatchTelegramMessage TYPE=MESSAGE COMPANY="" ROLE="" APPLICATION_ID="" JOB_URL="" CHAT_ID="12345"
[2026-08-10T07:15:57.718Z] PID=30516 SOURCE=followup.scheduler/checkPendingFollowups TYPE=APPLICATION_FOLLOWUP COMPANY="Intel Company" ROLE="Full Stack Engineer" APPLICATION_ID="intel_test_123" JOB_URL="https://www.naukri.com/job-listings-old-99" CHAT_ID="642578356"
[2026-08-10T07:16:23.464Z] PID=17612 SOURCE=followup.scheduler/checkPendingFollowups TYPE=APPLICATION_FOLLOWUP COMPANY="Hotfix Tech" ROLE="MERN Developer" APPLICATION_ID="flw_test_123" JOB_URL="https://www.naukri.com/job-listings-flw-test-123" CHAT_ID="642578356"
[2026-08-10T07:16:23.583Z] PID=17612 SOURCE=followup.scheduler/checkPendingFollowups TYPE=APPLICATION_FOLLOWUP COMPANY="Hotfix Tech" ROLE="MERN Developer" APPLICATION_ID="flw_test_123" JOB_URL="https://www.naukri.com/job-listings-flw-test-123" CHAT_ID="642578356"
[2026-08-10T07:16:23.611Z] PID=17612 SOURCE=followup.scheduler/checkPendingFollowups TYPE=APPLICATION_FOLLOWUP COMPANY="Hotfix Tech" ROLE="MERN Developer" APPLICATION_ID="flw_test_123" JOB_URL="https://www.naukri.com/job-listings-flw-test-123" CHAT_ID="642578356"
[2026-08-10T07:16:23.641Z] PID=17612 SOURCE=followup.scheduler/checkPendingFollowups TYPE=APPLICATION_FOLLOWUP COMPANY="Hotfix Tech" ROLE="MERN Developer" APPLICATION_ID="flw_test_123" JOB_URL="https://www.naukri.com/job-listings-flw-test-123" CHAT_ID="642578356"
[2026-08-10T07:16:23.771Z] PID=17612 SOURCE=dispatchTelegramMessage TYPE=MESSAGE COMPANY="" ROLE="" APPLICATION_ID="" JOB_URL="" CHAT_ID="12345"
[2026-08-10T07:16:25.025Z] PID=17612 SOURCE=followup.scheduler/checkPendingFollowups TYPE=APPLICATION_FOLLOWUP COMPANY="Intel Company" ROLE="Full Stack Engineer" APPLICATION_ID="intel_test_123" JOB_URL="https://www.naukri.com/job-listings-old-99" CHAT_ID="642578356"
[2026-08-10T07:35:48.952Z] PID=15236 SOURCE=followup.scheduler/checkPendingFollowups TYPE=APPLICATION_FOLLOWUP COMPANY="Hotfix Tech" ROLE="MERN Developer" APPLICATION_ID="flw_test_123" JOB_URL="https://www.naukri.com/job-listings-flw-test-123" CHAT_ID="642578356"
[2026-08-10T07:35:49.207Z] PID=15236 SOURCE=followup.scheduler/checkPendingFollowups TYPE=APPLICATION_FOLLOWUP COMPANY="Hotfix Tech" ROLE="MERN Developer" APPLICATION_ID="flw_test_123" JOB_URL="https://www.naukri.com/job-listings-flw-test-123" CHAT_ID="642578356"
[2026-08-10T07:35:49.280Z] PID=15236 SOURCE=followup.scheduler/checkPendingFollowups TYPE=APPLICATION_FOLLOWUP COMPANY="Hotfix Tech" ROLE="MERN Developer" APPLICATION_ID="flw_test_123" JOB_URL="https://www.naukri.com/job-listings-flw-test-123" CHAT_ID="642578356"
[2026-08-10T07:35:49.342Z] PID=15236 SOURCE=followup.scheduler/checkPendingFollowups TYPE=APPLICATION_FOLLOWUP COMPANY="Hotfix Tech" ROLE="MERN Developer" APPLICATION_ID="flw_test_123" JOB_URL="https://www.naukri.com/job-listings-flw-test-123" CHAT_ID="642578356"
[2026-08-10T07:35:49.655Z] PID=15236 SOURCE=dispatchTelegramMessage TYPE=MESSAGE COMPANY="" ROLE="" APPLICATION_ID="" JOB_URL="" CHAT_ID="12345"
[2026-08-10T07:35:53.946Z] PID=15236 SOURCE=followup.scheduler/checkPendingFollowups TYPE=APPLICATION_FOLLOWUP COMPANY="Intel Company" ROLE="Full Stack Engineer" APPLICATION_ID="intel_test_123" JOB_URL="https://www.naukri.com/job-listings-old-99" CHAT_ID="642578356"
[2026-08-10T07:47:19.742Z] PID=16284 SOURCE=followup.scheduler/checkPendingFollowups TYPE=APPLICATION_FOLLOWUP COMPANY="Hotfix Tech" ROLE="MERN Developer" APPLICATION_ID="flw_test_123" JOB_URL="https://www.naukri.com/job-listings-flw-test-123" CHAT_ID="642578356"
[2026-08-10T07:47:20.091Z] PID=16284 SOURCE=followup.scheduler/checkPendingFollowups TYPE=APPLICATION_FOLLOWUP COMPANY="Hotfix Tech" ROLE="MERN Developer" APPLICATION_ID="flw_test_123" JOB_URL="https://www.naukri.com/job-listings-flw-test-123" CHAT_ID="642578356"
[2026-08-10T07:47:20.195Z] PID=16284 SOURCE=followup.scheduler/checkPendingFollowups TYPE=APPLICATION_FOLLOWUP COMPANY="Hotfix Tech" ROLE="MERN Developer" APPLICATION_ID="flw_test_123" JOB_URL="https://www.naukri.com/job-listings-flw-test-123" CHAT_ID="642578356"
[2026-08-10T07:47:20.282Z] PID=16284 SOURCE=followup.scheduler/checkPendingFollowups TYPE=APPLICATION_FOLLOWUP COMPANY="Hotfix Tech" ROLE="MERN Developer" APPLICATION_ID="flw_test_123" JOB_URL="https://www.naukri.com/job-listings-flw-test-123" CHAT_ID="642578356"
[2026-08-10T07:47:20.633Z] PID=16284 SOURCE=dispatchTelegramMessage TYPE=MESSAGE COMPANY="" ROLE="" APPLICATION_ID="" JOB_URL="" CHAT_ID="12345"
[2026-08-10T07:47:26.027Z] PID=16284 SOURCE=followup.scheduler/checkPendingFollowups TYPE=APPLICATION_FOLLOWUP COMPANY="Intel Company" ROLE="Full Stack Engineer" APPLICATION_ID="intel_test_123" JOB_URL="https://www.naukri.com/job-listings-old-99" CHAT_ID="642578356"
[2026-08-10T07:49:07.927Z] PID=28400 SOURCE=followup.scheduler/checkPendingFollowups TYPE=APPLICATION_FOLLOWUP COMPANY="Hotfix Tech" ROLE="MERN Developer" APPLICATION_ID="flw_test_123" JOB_URL="https://www.naukri.com/job-listings-flw-test-123" CHAT_ID="642578356"
[2026-08-10T07:49:08.245Z] PID=28400 SOURCE=followup.scheduler/checkPendingFollowups TYPE=APPLICATION_FOLLOWUP COMPANY="Hotfix Tech" ROLE="MERN Developer" APPLICATION_ID="flw_test_123" JOB_URL="https://www.naukri.com/job-listings-flw-test-123" CHAT_ID="642578356"
[2026-08-10T07:49:08.355Z] PID=28400 SOURCE=followup.scheduler/checkPendingFollowups TYPE=APPLICATION_FOLLOWUP COMPANY="Hotfix Tech" ROLE="MERN Developer" APPLICATION_ID="flw_test_123" JOB_URL="https://www.naukri.com/job-listings-flw-test-123" CHAT_ID="642578356"
[2026-08-10T07:49:08.434Z] PID=28400 SOURCE=followup.scheduler/checkPendingFollowups TYPE=APPLICATION_FOLLOWUP COMPANY="Hotfix Tech" ROLE="MERN Developer" APPLICATION_ID="flw_test_123" JOB_URL="https://www.naukri.com/job-listings-flw-test-123" CHAT_ID="642578356"
[2026-08-10T07:49:08.821Z] PID=28400 SOURCE=dispatchTelegramMessage TYPE=MESSAGE COMPANY="" ROLE="" APPLICATION_ID="" JOB_URL="" CHAT_ID="12345"
[2026-08-10T07:49:15.572Z] PID=28400 SOURCE=followup.scheduler/checkPendingFollowups TYPE=APPLICATION_FOLLOWUP COMPANY="Intel Company" ROLE="Full Stack Engineer" APPLICATION_ID="intel_test_123" JOB_URL="https://www.naukri.com/job-listings-old-99" CHAT_ID="642578356"
[2026-08-10T11:17:37.815Z] PID=9500 SOURCE=followup.scheduler/checkPendingFollowups TYPE=APPLICATION_FOLLOWUP COMPANY="Hotfix Tech" ROLE="MERN Developer" APPLICATION_ID="flw_test_123" JOB_URL="https://www.naukri.com/job-listings-flw-test-123" CHAT_ID="642578356"
[2026-08-10T11:17:38.138Z] PID=9500 SOURCE=followup.scheduler/checkPendingFollowups TYPE=APPLICATION_FOLLOWUP COMPANY="Hotfix Tech" ROLE="MERN Developer" APPLICATION_ID="flw_test_123" JOB_URL="https://www.naukri.com/job-listings-flw-test-123" CHAT_ID="642578356"
[2026-08-10T11:17:38.249Z] PID=9500 SOURCE=followup.scheduler/checkPendingFollowups TYPE=APPLICATION_FOLLOWUP COMPANY="Hotfix Tech" ROLE="MERN Developer" APPLICATION_ID="flw_test_123" JOB_URL="https://www.naukri.com/job-listings-flw-test-123" CHAT_ID="642578356"
[2026-08-10T11:17:38.339Z] PID=9500 SOURCE=followup.scheduler/checkPendingFollowups TYPE=APPLICATION_FOLLOWUP COMPANY="Hotfix Tech" ROLE="MERN Developer" APPLICATION_ID="flw_test_123" JOB_URL="https://www.naukri.com/job-listings-flw-test-123" CHAT_ID="642578356"
[2026-08-10T11:17:38.712Z] PID=9500 SOURCE=dispatchTelegramMessage TYPE=MESSAGE COMPANY="" ROLE="" APPLICATION_ID="" JOB_URL="" CHAT_ID="12345"
[2026-08-10T11:17:43.354Z] PID=9500 SOURCE=followup.scheduler/checkPendingFollowups TYPE=APPLICATION_FOLLOWUP COMPANY="Intel Company" ROLE="Full Stack Engineer" APPLICATION_ID="intel_test_123" JOB_URL="https://www.naukri.com/job-listings-old-99" CHAT_ID="642578356"
[2026-08-10T11:29:22.876Z] PID=3140 SOURCE=followup.scheduler/checkPendingFollowups TYPE=APPLICATION_FOLLOWUP COMPANY="Hotfix Tech" ROLE="MERN Developer" APPLICATION_ID="flw_test_123" JOB_URL="https://www.naukri.com/job-listings-flw-test-123" CHAT_ID="642578356"
[2026-08-10T11:29:23.174Z] PID=3140 SOURCE=followup.scheduler/checkPendingFollowups TYPE=APPLICATION_FOLLOWUP COMPANY="Hotfix Tech" ROLE="MERN Developer" APPLICATION_ID="flw_test_123" JOB_URL="https://www.naukri.com/job-listings-flw-test-123" CHAT_ID="642578356"
[2026-08-10T11:29:23.255Z] PID=3140 SOURCE=followup.scheduler/checkPendingFollowups TYPE=APPLICATION_FOLLOWUP COMPANY="Hotfix Tech" ROLE="MERN Developer" APPLICATION_ID="flw_test_123" JOB_URL="https://www.naukri.com/job-listings-flw-test-123" CHAT_ID="642578356"
[2026-08-10T11:29:23.350Z] PID=3140 SOURCE=followup.scheduler/checkPendingFollowups TYPE=APPLICATION_FOLLOWUP COMPANY="Hotfix Tech" ROLE="MERN Developer" APPLICATION_ID="flw_test_123" JOB_URL="https://www.naukri.com/job-listings-flw-test-123" CHAT_ID="642578356"
[2026-08-10T11:29:23.726Z] PID=3140 SOURCE=dispatchTelegramMessage TYPE=MESSAGE COMPANY="" ROLE="" APPLICATION_ID="" JOB_URL="" CHAT_ID="12345"
[2026-08-10T11:29:27.420Z] PID=3140 SOURCE=followup.scheduler/checkPendingFollowups TYPE=APPLICATION_FOLLOWUP COMPANY="Intel Company" ROLE="Full Stack Engineer" APPLICATION_ID="intel_test_123" JOB_URL="https://www.naukri.com/job-listings-old-99" CHAT_ID="642578356"
[2026-08-10T11:30:54.358Z] PID=31376 SOURCE=followup.scheduler/checkPendingFollowups TYPE=APPLICATION_FOLLOWUP COMPANY="Hotfix Tech" ROLE="MERN Developer" APPLICATION_ID="flw_test_123" JOB_URL="https://www.naukri.com/job-listings-flw-test-123" CHAT_ID="642578356"
[2026-08-10T11:30:54.651Z] PID=31376 SOURCE=followup.scheduler/checkPendingFollowups TYPE=APPLICATION_FOLLOWUP COMPANY="Hotfix Tech" ROLE="MERN Developer" APPLICATION_ID="flw_test_123" JOB_URL="https://www.naukri.com/job-listings-flw-test-123" CHAT_ID="642578356"
[2026-08-10T11:30:54.784Z] PID=31376 SOURCE=followup.scheduler/checkPendingFollowups TYPE=APPLICATION_FOLLOWUP COMPANY="Hotfix Tech" ROLE="MERN Developer" APPLICATION_ID="flw_test_123" JOB_URL="https://www.naukri.com/job-listings-flw-test-123" CHAT_ID="642578356"
[2026-08-10T11:30:54.856Z] PID=31376 SOURCE=followup.scheduler/checkPendingFollowups TYPE=APPLICATION_FOLLOWUP COMPANY="Hotfix Tech" ROLE="MERN Developer" APPLICATION_ID="flw_test_123" JOB_URL="https://www.naukri.com/job-listings-flw-test-123" CHAT_ID="642578356"
[2026-08-10T11:30:55.189Z] PID=31376 SOURCE=dispatchTelegramMessage TYPE=MESSAGE COMPANY="" ROLE="" APPLICATION_ID="" JOB_URL="" CHAT_ID="12345"
[2026-08-10T11:30:59.170Z] PID=31376 SOURCE=followup.scheduler/checkPendingFollowups TYPE=APPLICATION_FOLLOWUP COMPANY="Intel Company" ROLE="Full Stack Engineer" APPLICATION_ID="intel_test_123" JOB_URL="https://www.naukri.com/job-listings-old-99" CHAT_ID="642578356"
[2026-08-10T11:36:03.072Z] PID=18996 SOURCE=followup.scheduler/checkPendingFollowups TYPE=APPLICATION_FOLLOWUP COMPANY="Hotfix Tech" ROLE="MERN Developer" APPLICATION_ID="flw_test_123" JOB_URL="https://www.naukri.com/job-listings-flw-test-123" CHAT_ID="642578356"
[2026-08-10T11:36:03.369Z] PID=18996 SOURCE=followup.scheduler/checkPendingFollowups TYPE=APPLICATION_FOLLOWUP COMPANY="Hotfix Tech" ROLE="MERN Developer" APPLICATION_ID="flw_test_123" JOB_URL="https://www.naukri.com/job-listings-flw-test-123" CHAT_ID="642578356"
[2026-08-10T11:36:03.460Z] PID=18996 SOURCE=followup.scheduler/checkPendingFollowups TYPE=APPLICATION_FOLLOWUP COMPANY="Hotfix Tech" ROLE="MERN Developer" APPLICATION_ID="flw_test_123" JOB_URL="https://www.naukri.com/job-listings-flw-test-123" CHAT_ID="642578356"
[2026-08-10T11:36:03.529Z] PID=18996 SOURCE=followup.scheduler/checkPendingFollowups TYPE=APPLICATION_FOLLOWUP COMPANY="Hotfix Tech" ROLE="MERN Developer" APPLICATION_ID="flw_test_123" JOB_URL="https://www.naukri.com/job-listings-flw-test-123" CHAT_ID="642578356"
[2026-08-10T11:36:03.857Z] PID=18996 SOURCE=dispatchTelegramMessage TYPE=MESSAGE COMPANY="" ROLE="" APPLICATION_ID="" JOB_URL="" CHAT_ID="12345"
[2026-08-10T11:36:08.553Z] PID=18996 SOURCE=followup.scheduler/checkPendingFollowups TYPE=APPLICATION_FOLLOWUP COMPANY="Intel Company" ROLE="Full Stack Engineer" APPLICATION_ID="intel_test_123" JOB_URL="https://www.naukri.com/job-listings-old-99" CHAT_ID="642578356"
[2026-08-10T11:37:23.327Z] PID=22168 SOURCE=followup.scheduler/checkPendingFollowups TYPE=APPLICATION_FOLLOWUP COMPANY="Hotfix Tech" ROLE="MERN Developer" APPLICATION_ID="flw_test_123" JOB_URL="https://www.naukri.com/job-listings-flw-test-123" CHAT_ID="642578356"
[2026-08-10T11:37:23.644Z] PID=22168 SOURCE=followup.scheduler/checkPendingFollowups TYPE=APPLICATION_FOLLOWUP COMPANY="Hotfix Tech" ROLE="MERN Developer" APPLICATION_ID="flw_test_123" JOB_URL="https://www.naukri.com/job-listings-flw-test-123" CHAT_ID="642578356"
[2026-08-10T11:37:23.748Z] PID=22168 SOURCE=followup.scheduler/checkPendingFollowups TYPE=APPLICATION_FOLLOWUP COMPANY="Hotfix Tech" ROLE="MERN Developer" APPLICATION_ID="flw_test_123" JOB_URL="https://www.naukri.com/job-listings-flw-test-123" CHAT_ID="642578356"
[2026-08-10T11:37:23.829Z] PID=22168 SOURCE=followup.scheduler/checkPendingFollowups TYPE=APPLICATION_FOLLOWUP COMPANY="Hotfix Tech" ROLE="MERN Developer" APPLICATION_ID="flw_test_123" JOB_URL="https://www.naukri.com/job-listings-flw-test-123" CHAT_ID="642578356"
[2026-08-10T11:37:24.206Z] PID=22168 SOURCE=dispatchTelegramMessage TYPE=MESSAGE COMPANY="" ROLE="" APPLICATION_ID="" JOB_URL="" CHAT_ID="12345"
[2026-08-10T11:37:27.793Z] PID=22168 SOURCE=followup.scheduler/checkPendingFollowups TYPE=APPLICATION_FOLLOWUP COMPANY="Intel Company" ROLE="Full Stack Engineer" APPLICATION_ID="intel_test_123" JOB_URL="https://www.naukri.com/job-listings-old-99" CHAT_ID="642578356"
[2026-08-10T11:38:42.773Z] PID=2776 SOURCE=followup.scheduler/checkPendingFollowups TYPE=APPLICATION_FOLLOWUP COMPANY="Hotfix Tech" ROLE="MERN Developer" APPLICATION_ID="flw_test_123" JOB_URL="https://www.naukri.com/job-listings-flw-test-123" CHAT_ID="642578356"
[2026-08-10T11:38:43.059Z] PID=2776 SOURCE=followup.scheduler/checkPendingFollowups TYPE=APPLICATION_FOLLOWUP COMPANY="Hotfix Tech" ROLE="MERN Developer" APPLICATION_ID="flw_test_123" JOB_URL="https://www.naukri.com/job-listings-flw-test-123" CHAT_ID="642578356"
[2026-08-10T11:38:43.132Z] PID=2776 SOURCE=followup.scheduler/checkPendingFollowups TYPE=APPLICATION_FOLLOWUP COMPANY="Hotfix Tech" ROLE="MERN Developer" APPLICATION_ID="flw_test_123" JOB_URL="https://www.naukri.com/job-listings-flw-test-123" CHAT_ID="642578356"
[2026-08-10T11:38:43.234Z] PID=2776 SOURCE=followup.scheduler/checkPendingFollowups TYPE=APPLICATION_FOLLOWUP COMPANY="Hotfix Tech" ROLE="MERN Developer" APPLICATION_ID="flw_test_123" JOB_URL="https://www.naukri.com/job-listings-flw-test-123" CHAT_ID="642578356"
[2026-08-10T11:38:43.542Z] PID=2776 SOURCE=dispatchTelegramMessage TYPE=MESSAGE COMPANY="" ROLE="" APPLICATION_ID="" JOB_URL="" CHAT_ID="12345"
[2026-08-10T11:38:48.481Z] PID=2776 SOURCE=followup.scheduler/checkPendingFollowups TYPE=APPLICATION_FOLLOWUP COMPANY="Intel Company" ROLE="Full Stack Engineer" APPLICATION_ID="intel_test_123" JOB_URL="https://www.naukri.com/job-listings-old-99" CHAT_ID="642578356"
[2026-08-10T11:48:06.270Z] PID=21880 SOURCE=followup.scheduler/checkPendingFollowups TYPE=APPLICATION_FOLLOWUP COMPANY="Hotfix Tech" ROLE="MERN Developer" APPLICATION_ID="flw_test_123" JOB_URL="https://www.naukri.com/job-listings-flw-test-123" CHAT_ID="642578356"
[2026-08-10T11:48:06.597Z] PID=21880 SOURCE=followup.scheduler/checkPendingFollowups TYPE=APPLICATION_FOLLOWUP COMPANY="Hotfix Tech" ROLE="MERN Developer" APPLICATION_ID="flw_test_123" JOB_URL="https://www.naukri.com/job-listings-flw-test-123" CHAT_ID="642578356"
[2026-08-10T11:48:06.706Z] PID=21880 SOURCE=followup.scheduler/checkPendingFollowups TYPE=APPLICATION_FOLLOWUP COMPANY="Hotfix Tech" ROLE="MERN Developer" APPLICATION_ID="flw_test_123" JOB_URL="https://www.naukri.com/job-listings-flw-test-123" CHAT_ID="642578356"
[2026-08-10T11:48:06.801Z] PID=21880 SOURCE=followup.scheduler/checkPendingFollowups TYPE=APPLICATION_FOLLOWUP COMPANY="Hotfix Tech" ROLE="MERN Developer" APPLICATION_ID="flw_test_123" JOB_URL="https://www.naukri.com/job-listings-flw-test-123" CHAT_ID="642578356"
[2026-08-10T11:48:07.198Z] PID=21880 SOURCE=dispatchTelegramMessage TYPE=MESSAGE COMPANY="" ROLE="" APPLICATION_ID="" JOB_URL="" CHAT_ID="12345"
[2026-08-10T11:48:11.979Z] PID=21880 SOURCE=followup.scheduler/checkPendingFollowups TYPE=APPLICATION_FOLLOWUP COMPANY="Intel Company" ROLE="Full Stack Engineer" APPLICATION_ID="intel_test_123" JOB_URL="https://www.naukri.com/job-listings-old-99" CHAT_ID="642578356"
[2026-08-10T11:49:14.762Z] PID=23536 SOURCE=followup.scheduler/checkPendingFollowups TYPE=APPLICATION_FOLLOWUP COMPANY="Hotfix Tech" ROLE="MERN Developer" APPLICATION_ID="flw_test_123" JOB_URL="https://www.naukri.com/job-listings-flw-test-123" CHAT_ID="642578356"
[2026-08-10T11:49:15.073Z] PID=23536 SOURCE=followup.scheduler/checkPendingFollowups TYPE=APPLICATION_FOLLOWUP COMPANY="Hotfix Tech" ROLE="MERN Developer" APPLICATION_ID="flw_test_123" JOB_URL="https://www.naukri.com/job-listings-flw-test-123" CHAT_ID="642578356"
[2026-08-10T11:49:15.176Z] PID=23536 SOURCE=followup.scheduler/checkPendingFollowups TYPE=APPLICATION_FOLLOWUP COMPANY="Hotfix Tech" ROLE="MERN Developer" APPLICATION_ID="flw_test_123" JOB_URL="https://www.naukri.com/job-listings-flw-test-123" CHAT_ID="642578356"
[2026-08-10T11:49:15.305Z] PID=23536 SOURCE=followup.scheduler/checkPendingFollowups TYPE=APPLICATION_FOLLOWUP COMPANY="Hotfix Tech" ROLE="MERN Developer" APPLICATION_ID="flw_test_123" JOB_URL="https://www.naukri.com/job-listings-flw-test-123" CHAT_ID="642578356"
[2026-08-10T11:49:15.668Z] PID=23536 SOURCE=dispatchTelegramMessage TYPE=MESSAGE COMPANY="" ROLE="" APPLICATION_ID="" JOB_URL="" CHAT_ID="12345"
[2026-08-10T11:49:19.364Z] PID=23536 SOURCE=followup.scheduler/checkPendingFollowups TYPE=APPLICATION_FOLLOWUP COMPANY="Intel Company" ROLE="Full Stack Engineer" APPLICATION_ID="intel_test_123" JOB_URL="https://www.naukri.com/job-listings-old-99" CHAT_ID="642578356"
[2026-08-10T11:50:29.411Z] PID=21976 SOURCE=followup.scheduler/checkPendingFollowups TYPE=APPLICATION_FOLLOWUP COMPANY="Hotfix Tech" ROLE="MERN Developer" APPLICATION_ID="flw_test_123" JOB_URL="https://www.naukri.com/job-listings-flw-test-123" CHAT_ID="642578356"
[2026-08-10T11:50:29.722Z] PID=21976 SOURCE=followup.scheduler/checkPendingFollowups TYPE=APPLICATION_FOLLOWUP COMPANY="Hotfix Tech" ROLE="MERN Developer" APPLICATION_ID="flw_test_123" JOB_URL="https://www.naukri.com/job-listings-flw-test-123" CHAT_ID="642578356"
[2026-08-10T11:50:29.802Z] PID=21976 SOURCE=followup.scheduler/checkPendingFollowups TYPE=APPLICATION_FOLLOWUP COMPANY="Hotfix Tech" ROLE="MERN Developer" APPLICATION_ID="flw_test_123" JOB_URL="https://www.naukri.com/job-listings-flw-test-123" CHAT_ID="642578356"
[2026-08-10T11:50:29.881Z] PID=21976 SOURCE=followup.scheduler/checkPendingFollowups TYPE=APPLICATION_FOLLOWUP COMPANY="Hotfix Tech" ROLE="MERN Developer" APPLICATION_ID="flw_test_123" JOB_URL="https://www.naukri.com/job-listings-flw-test-123" CHAT_ID="642578356"
[2026-08-10T11:50:30.246Z] PID=21976 SOURCE=dispatchTelegramMessage TYPE=MESSAGE COMPANY="" ROLE="" APPLICATION_ID="" JOB_URL="" CHAT_ID="12345"
[2026-08-10T11:50:34.296Z] PID=21976 SOURCE=followup.scheduler/checkPendingFollowups TYPE=APPLICATION_FOLLOWUP COMPANY="Intel Company" ROLE="Full Stack Engineer" APPLICATION_ID="intel_test_123" JOB_URL="https://www.naukri.com/job-listings-old-99" CHAT_ID="642578356"
[2026-08-10T11:51:44.710Z] PID=19660 SOURCE=followup.scheduler/checkPendingFollowups TYPE=APPLICATION_FOLLOWUP COMPANY="Hotfix Tech" ROLE="MERN Developer" APPLICATION_ID="flw_test_123" JOB_URL="https://www.naukri.com/job-listings-flw-test-123" CHAT_ID="642578356"
[2026-08-10T11:51:44.971Z] PID=19660 SOURCE=followup.scheduler/checkPendingFollowups TYPE=APPLICATION_FOLLOWUP COMPANY="Hotfix Tech" ROLE="MERN Developer" APPLICATION_ID="flw_test_123" JOB_URL="https://www.naukri.com/job-listings-flw-test-123" CHAT_ID="642578356"
[2026-08-10T11:51:45.078Z] PID=19660 SOURCE=followup.scheduler/checkPendingFollowups TYPE=APPLICATION_FOLLOWUP COMPANY="Hotfix Tech" ROLE="MERN Developer" APPLICATION_ID="flw_test_123" JOB_URL="https://www.naukri.com/job-listings-flw-test-123" CHAT_ID="642578356"
[2026-08-10T11:51:45.177Z] PID=19660 SOURCE=followup.scheduler/checkPendingFollowups TYPE=APPLICATION_FOLLOWUP COMPANY="Hotfix Tech" ROLE="MERN Developer" APPLICATION_ID="flw_test_123" JOB_URL="https://www.naukri.com/job-listings-flw-test-123" CHAT_ID="642578356"
[2026-08-10T11:51:45.493Z] PID=19660 SOURCE=dispatchTelegramMessage TYPE=MESSAGE COMPANY="" ROLE="" APPLICATION_ID="" JOB_URL="" CHAT_ID="12345"
[2026-08-10T11:51:48.967Z] PID=19660 SOURCE=followup.scheduler/checkPendingFollowups TYPE=APPLICATION_FOLLOWUP COMPANY="Intel Company" ROLE="Full Stack Engineer" APPLICATION_ID="intel_test_123" JOB_URL="https://www.naukri.com/job-listings-old-99" CHAT_ID="642578356"
[2026-08-10T12:13:07.239Z] PID=6160 SOURCE=followup.scheduler/checkPendingFollowups TYPE=APPLICATION_FOLLOWUP COMPANY="Hotfix Tech" ROLE="MERN Developer" APPLICATION_ID="flw_test_123" JOB_URL="https://www.naukri.com/job-listings-flw-test-123" CHAT_ID="642578356"
[2026-08-10T12:13:07.542Z] PID=6160 SOURCE=followup.scheduler/checkPendingFollowups TYPE=APPLICATION_FOLLOWUP COMPANY="Hotfix Tech" ROLE="MERN Developer" APPLICATION_ID="flw_test_123" JOB_URL="https://www.naukri.com/job-listings-flw-test-123" CHAT_ID="642578356"
[2026-08-10T12:13:07.628Z] PID=6160 SOURCE=followup.scheduler/checkPendingFollowups TYPE=APPLICATION_FOLLOWUP COMPANY="Hotfix Tech" ROLE="MERN Developer" APPLICATION_ID="flw_test_123" JOB_URL="https://www.naukri.com/job-listings-flw-test-123" CHAT_ID="642578356"
[2026-08-10T12:13:07.730Z] PID=6160 SOURCE=followup.scheduler/checkPendingFollowups TYPE=APPLICATION_FOLLOWUP COMPANY="Hotfix Tech" ROLE="MERN Developer" APPLICATION_ID="flw_test_123" JOB_URL="https://www.naukri.com/job-listings-flw-test-123" CHAT_ID="642578356"
[2026-08-10T12:13:08.170Z] PID=6160 SOURCE=dispatchTelegramMessage TYPE=MESSAGE COMPANY="" ROLE="" APPLICATION_ID="" JOB_URL="" CHAT_ID="12345"
[2026-08-10T12:13:12.253Z] PID=6160 SOURCE=followup.scheduler/checkPendingFollowups TYPE=APPLICATION_FOLLOWUP COMPANY="Intel Company" ROLE="Full Stack Engineer" APPLICATION_ID="intel_test_123" JOB_URL="https://www.naukri.com/job-listings-old-99" CHAT_ID="642578356"
[2026-08-10T12:14:18.391Z] PID=27544 SOURCE=followup.scheduler/checkPendingFollowups TYPE=APPLICATION_FOLLOWUP COMPANY="Hotfix Tech" ROLE="MERN Developer" APPLICATION_ID="flw_test_123" JOB_URL="https://www.naukri.com/job-listings-flw-test-123" CHAT_ID="642578356"
[2026-08-10T12:14:18.804Z] PID=27544 SOURCE=followup.scheduler/checkPendingFollowups TYPE=APPLICATION_FOLLOWUP COMPANY="Hotfix Tech" ROLE="MERN Developer" APPLICATION_ID="flw_test_123" JOB_URL="https://www.naukri.com/job-listings-flw-test-123" CHAT_ID="642578356"
[2026-08-10T12:14:18.902Z] PID=27544 SOURCE=followup.scheduler/checkPendingFollowups TYPE=APPLICATION_FOLLOWUP COMPANY="Hotfix Tech" ROLE="MERN Developer" APPLICATION_ID="flw_test_123" JOB_URL="https://www.naukri.com/job-listings-flw-test-123" CHAT_ID="642578356"
[2026-08-10T12:14:18.987Z] PID=27544 SOURCE=followup.scheduler/checkPendingFollowups TYPE=APPLICATION_FOLLOWUP COMPANY="Hotfix Tech" ROLE="MERN Developer" APPLICATION_ID="flw_test_123" JOB_URL="https://www.naukri.com/job-listings-flw-test-123" CHAT_ID="642578356"
[2026-08-10T12:14:19.350Z] PID=27544 SOURCE=dispatchTelegramMessage TYPE=MESSAGE COMPANY="" ROLE="" APPLICATION_ID="" JOB_URL="" CHAT_ID="12345"
[2026-08-10T12:14:25.745Z] PID=27544 SOURCE=followup.scheduler/checkPendingFollowups TYPE=APPLICATION_FOLLOWUP COMPANY="Intel Company" ROLE="Full Stack Engineer" APPLICATION_ID="intel_test_123" JOB_URL="https://www.naukri.com/job-listings-old-99" CHAT_ID="642578356"
[2026-08-10T12:28:53.082Z] PID=15068 SOURCE=followup.scheduler/checkPendingFollowups TYPE=APPLICATION_FOLLOWUP COMPANY="Hotfix Tech" ROLE="MERN Developer" APPLICATION_ID="flw_test_123" JOB_URL="https://www.naukri.com/job-listings-flw-test-123" CHAT_ID="642578356"
[2026-08-10T12:28:53.375Z] PID=15068 SOURCE=followup.scheduler/checkPendingFollowups TYPE=APPLICATION_FOLLOWUP COMPANY="Hotfix Tech" ROLE="MERN Developer" APPLICATION_ID="flw_test_123" JOB_URL="https://www.naukri.com/job-listings-flw-test-123" CHAT_ID="642578356"
[2026-08-10T12:28:53.465Z] PID=15068 SOURCE=followup.scheduler/checkPendingFollowups TYPE=APPLICATION_FOLLOWUP COMPANY="Hotfix Tech" ROLE="MERN Developer" APPLICATION_ID="flw_test_123" JOB_URL="https://www.naukri.com/job-listings-flw-test-123" CHAT_ID="642578356"
[2026-08-10T12:28:53.572Z] PID=15068 SOURCE=followup.scheduler/checkPendingFollowups TYPE=APPLICATION_FOLLOWUP COMPANY="Hotfix Tech" ROLE="MERN Developer" APPLICATION_ID="flw_test_123" JOB_URL="https://www.naukri.com/job-listings-flw-test-123" CHAT_ID="642578356"
[2026-08-10T12:28:53.947Z] PID=15068 SOURCE=dispatchTelegramMessage TYPE=MESSAGE COMPANY="" ROLE="" APPLICATION_ID="" JOB_URL="" CHAT_ID="12345"
[2026-08-10T12:29:02.408Z] PID=15068 SOURCE=followup.scheduler/checkPendingFollowups TYPE=APPLICATION_FOLLOWUP COMPANY="Intel Company" ROLE="Full Stack Engineer" APPLICATION_ID="intel_test_123" JOB_URL="https://www.naukri.com/job-listings-old-99" CHAT_ID="642578356"
[2026-08-10T12:34:43.644Z] PID=33352 SOURCE=followup.scheduler/checkPendingFollowups TYPE=APPLICATION_FOLLOWUP COMPANY="Hotfix Tech" ROLE="MERN Developer" APPLICATION_ID="flw_test_123" JOB_URL="https://www.naukri.com/job-listings-flw-test-123" CHAT_ID="642578356"
[2026-08-10T12:34:43.932Z] PID=33352 SOURCE=followup.scheduler/checkPendingFollowups TYPE=APPLICATION_FOLLOWUP COMPANY="Hotfix Tech" ROLE="MERN Developer" APPLICATION_ID="flw_test_123" JOB_URL="https://www.naukri.com/job-listings-flw-test-123" CHAT_ID="642578356"
[2026-08-10T12:34:44.019Z] PID=33352 SOURCE=followup.scheduler/checkPendingFollowups TYPE=APPLICATION_FOLLOWUP COMPANY="Hotfix Tech" ROLE="MERN Developer" APPLICATION_ID="flw_test_123" JOB_URL="https://www.naukri.com/job-listings-flw-test-123" CHAT_ID="642578356"
[2026-08-10T12:34:44.212Z] PID=33352 SOURCE=followup.scheduler/checkPendingFollowups TYPE=APPLICATION_FOLLOWUP COMPANY="Hotfix Tech" ROLE="MERN Developer" APPLICATION_ID="flw_test_123" JOB_URL="https://www.naukri.com/job-listings-flw-test-123" CHAT_ID="642578356"
[2026-08-10T12:34:44.632Z] PID=33352 SOURCE=dispatchTelegramMessage TYPE=MESSAGE COMPANY="" ROLE="" APPLICATION_ID="" JOB_URL="" CHAT_ID="12345"
[2026-08-10T12:34:53.979Z] PID=33352 SOURCE=followup.scheduler/checkPendingFollowups TYPE=APPLICATION_FOLLOWUP COMPANY="Intel Company" ROLE="Full Stack Engineer" APPLICATION_ID="intel_test_123" JOB_URL="https://www.naukri.com/job-listings-old-99" CHAT_ID="642578356"
